--- Starting Case 470 ---
Generating mesh at dataset\case_470\mesh.msh...

Initializing Finite Elements...
  -> Total DOFs: 83695
Setting up Boundary Conditions...
Initializing with Stokes...
  -> Stokes initialization successful.

Starting Solver Loop (Numba Accelerated). Target Nu=1.00e-05

--- STEP 1/1: Nu = 1.00e-05 ---
  Static Assembly: 25.9127s
  Iter  1: err=8.41e-01(36.333s)
  Iter  2: err=3.27e-01(36.580s)
  Iter  3: err=1.61e-01(36.253s)
  Iter  4: err=9.38e-02(32.749s)
  Iter  5: err=7.58e-02(34.455s)
  Iter  6: err=7.41e-02(35.241s)
  Iter  7: err=5.93e-02(35.855s)
  Iter  8: err=3.63e-02(35.904s)
  Iter  9: err=4.70e-02(35.761s)
  Iter 10: err=5.27e-02(36.255s)
  Iter 11: err=3.92e-02(36.190s)
  Iter 12: err=2.50e-02(36.739s)
  Iter 13: err=1.85e-02(35.980s)
  Iter 14: err=1.38e-02(35.867s)
  Iter 15: err=1.04e-02(36.228s)
  Iter 16: err=8.46e-03(34.275s)
  Iter 17: err=6.65e-03(34.954s)
  Iter 18: err=5.16e-03(36.698s)
  Iter 19: err=4.16e-03(36.959s)
  Convergence reached.
Initializing Thermal Finite Elements (P1)...
Mapping Velocity...
Assembling Thermal System...
Solving Thermal Linear System...
  -> Solved. Range: [292.92, 386.08] K
Case 470 completed successfully.
