--- Starting Case 453 ---
Generating mesh at dataset\case_453\mesh.msh...

Initializing Finite Elements...
  -> Total DOFs: 87763
Setting up Boundary Conditions...
Initializing with Stokes...
  -> Stokes initialization successful.

Starting Solver Loop (Numba Accelerated). Target Nu=1.00e-05

--- STEP 1/1: Nu = 1.00e-05 ---
  Static Assembly: 26.9457s
  Iter  1: err=7.51e-01(38.913s)
  Iter  2: err=2.62e-01(39.268s)
  Iter  3: err=1.55e-01(36.961s)
  Iter  4: err=1.29e-01(39.102s)
  Iter  5: err=1.14e-01(38.061s)
  Iter  6: err=1.24e-01(36.985s)
  Iter  7: err=1.48e-01(39.262s)
  Iter  8: err=8.34e-02(39.115s)
  Iter  9: err=6.39e-02(37.992s)
  Iter 10: err=5.68e-02(38.824s)
  Iter 11: err=4.34e-02(39.546s)
  Iter 12: err=4.39e-02(37.726s)
  Iter 13: err=3.33e-02(38.710s)
  Iter 14: err=2.88e-02(37.096s)
  Iter 15: err=2.85e-02(37.015s)
  Iter 16: err=2.33e-02(37.751s)
  Iter 17: err=1.50e-02(38.625s)
  Iter 18: err=1.06e-02(38.195s)
  Iter 19: err=8.10e-03(36.213s)
  Iter 20: err=6.74e-03(35.674s)
  Iter 21: err=5.35e-03(36.358s)
  Iter 22: err=4.21e-03(37.352s)
  Convergence reached.
Initializing Thermal Finite Elements (P1)...
Mapping Velocity...
Assembling Thermal System...
Solving Thermal Linear System...
  -> Solved. Range: [291.50, 360.42] K
Case 453 completed successfully.
