--- Starting Case 181 ---
Generating mesh at dataset\case_181\mesh.msh...

Initializing Finite Elements...
  -> Total DOFs: 83407
Setting up Boundary Conditions...
Initializing with Stokes...
  -> Stokes initialization successful.

Starting Solver Loop (Numba Accelerated). Target Nu=1.00e-05

--- STEP 1/1: Nu = 1.00e-05 ---
  Static Assembly: 23.9702s
  Iter  1: err=8.03e-01(35.624s)
  Iter  2: err=2.80e-01(35.700s)
  Iter  3: err=1.63e-01(35.915s)
  Iter  4: err=1.32e-01(34.819s)
  Iter  5: err=1.03e-01(34.385s)
  Iter  6: err=9.22e-02(35.931s)
  Iter  7: err=1.17e-01(35.709s)
  Iter  8: err=1.07e-01(35.950s)
  Iter  9: err=9.53e-02(35.699s)
  Iter 10: err=6.38e-02(35.829s)
  Iter 11: err=5.71e-02(35.476s)
  Iter 12: err=5.35e-02(35.192s)
  Iter 13: err=4.19e-02(36.377s)
  Iter 14: err=3.59e-02(35.646s)
  Iter 15: err=3.51e-02(35.102s)
  Iter 16: err=3.19e-02(34.461s)
  Iter 17: err=2.74e-02(34.415s)
  Iter 18: err=2.22e-02(34.400s)
  Iter 19: err=2.09e-02(34.470s)
  Iter 20: err=2.06e-02(33.617s)
  Iter 21: err=1.88e-02(34.363s)
  Iter 22: err=1.63e-02(34.239s)
  Iter 23: err=1.65e-02(35.220s)
  Iter 24: err=1.64e-02(35.841s)
  Iter 25: err=1.44e-02(35.893s)
Initializing Thermal Finite Elements (P1)...
Mapping Velocity...
Assembling Thermal System...
Solving Thermal Linear System...
  -> Solved. Range: [292.22, 346.39] K
Case 181 completed successfully.
