--- Starting Case 449 ---
Generating mesh at dataset\case_449\mesh.msh...

Initializing Finite Elements...
  -> Total DOFs: 81715
Setting up Boundary Conditions...
Initializing with Stokes...
  -> Stokes initialization successful.

Starting Solver Loop (Numba Accelerated). Target Nu=1.00e-05

--- STEP 1/1: Nu = 1.00e-05 ---
  Static Assembly: 21.9165s
  Iter  1: err=2.40e+00(30.348s)
  Iter  2: err=7.40e-01(30.174s)
  Iter  3: err=3.83e-01(28.989s)
  Iter  4: err=3.95e-01(30.853s)
  Iter  5: err=4.67e-01(30.800s)
  Iter  6: err=1.36e-01(30.500s)
  Iter  7: err=1.03e-01(31.019s)
  Iter  8: err=8.41e-02(28.961s)
  Iter  9: err=7.90e-02(30.297s)
  Iter 10: err=7.26e-02(30.331s)
  Iter 11: err=7.36e-02(28.453s)
  Iter 12: err=6.96e-02(29.223s)
  Iter 13: err=6.82e-02(29.928s)
  Iter 14: err=6.89e-02(29.781s)
  Iter 15: err=7.26e-02(30.375s)
  Iter 16: err=7.73e-02(31.270s)
  Iter 17: err=7.83e-02(29.966s)
  Iter 18: err=7.70e-02(30.094s)
  Iter 19: err=7.60e-02(30.542s)
  Iter 20: err=5.87e-02(30.092s)
  Iter 21: err=3.94e-02(29.954s)
  Iter 22: err=2.80e-02(29.062s)
  Iter 23: err=2.16e-02(29.406s)
  Iter 24: err=1.97e-02(28.627s)
  Iter 25: err=2.15e-02(30.323s)
Initializing Thermal Finite Elements (P1)...
Mapping Velocity...
Assembling Thermal System...
Solving Thermal Linear System...
  -> Solved. Range: [291.82, 366.39] K
Case 449 completed successfully.
