--- Starting Case 28 ---
Generating mesh at dataset\case_028\mesh.msh...

Initializing Finite Elements...
  -> Total DOFs: 87637
Setting up Boundary Conditions...
Initializing with Stokes...
  -> Stokes initialization successful.

Starting Solver Loop (Numba Accelerated). Target Nu=1.00e-05

--- STEP 1/1: Nu = 1.00e-05 ---
  Static Assembly: 13.1692s
  Iter  1: err=6.62e-01(18.600s)
  Iter  2: err=2.26e-01(18.361s)
  Iter  3: err=1.21e-01(18.595s)
  Iter  4: err=9.60e-02(18.584s)
  Iter  5: err=8.44e-02(18.850s)
  Iter  6: err=8.33e-02(18.807s)
  Iter  7: err=1.36e-01(18.878s)
  Iter  8: err=1.57e-01(19.088s)
  Iter  9: err=8.91e-02(19.171s)
  Iter 10: err=6.05e-02(19.075s)
  Iter 11: err=1.30e-01(18.869s)
  Iter 12: err=2.37e-01(18.997s)
  Iter 13: err=1.48e-01(18.898s)
  Iter 14: err=7.74e-02(18.625s)
  Iter 15: err=4.72e-02(18.830s)
  Iter 16: err=9.03e-02(18.607s)
  Iter 17: err=1.24e-01(18.837s)
  Iter 18: err=7.34e-02(18.877s)
  Iter 19: err=5.04e-02(18.735s)
  Iter 20: err=3.84e-01(18.927s)
  Iter 21: err=3.00e-01(18.751s)
  Iter 22: err=1.45e-01(19.015s)
  Iter 23: err=7.72e-02(18.847s)
  Iter 24: err=5.76e-02(18.681s)
  Iter 25: err=6.66e-02(18.796s)
Initializing Thermal Finite Elements (P1)...
Mapping Velocity...
Assembling Thermal System...
Solving Thermal Linear System...
  -> Solved. Range: [291.94, 363.94] K
Case 28 completed successfully.
