--- Starting Case 258 ---
Generating mesh at dataset\case_258\mesh.msh...

Initializing Finite Elements...
  -> Total DOFs: 87115
Setting up Boundary Conditions...
Initializing with Stokes...
  -> Stokes initialization successful.

Starting Solver Loop (Numba Accelerated). Target Nu=1.00e-05

--- STEP 1/1: Nu = 1.00e-05 ---
  Static Assembly: 24.7405s
  Iter  1: err=1.46e+00(36.761s)
  Iter  2: err=5.15e-01(36.871s)
  Iter  3: err=6.51e-01(36.261s)
  Iter  4: err=7.27e-01(37.640s)
  Iter  5: err=3.11e-01(36.863s)
  Iter  6: err=2.60e-01(34.741s)
  Iter  7: err=2.42e-01(37.714s)
  Iter  8: err=2.99e-01(35.396s)
  Iter  9: err=3.28e-01(33.539s)
  Iter 10: err=2.62e-01(34.322s)
  Iter 11: err=1.96e-01(35.120s)
  Iter 12: err=1.69e-01(31.671s)
  Iter 13: err=9.40e-01(31.124s)
  Iter 14: err=1.59e+00(30.753s)
  Iter 15: err=6.35e-01(34.952s)
  Iter 16: err=4.50e-01(37.142s)
  Iter 17: err=3.69e-01(36.911s)
  Iter 18: err=2.34e-01(36.844s)
  Iter 19: err=2.03e-01(37.655s)
  Iter 20: err=1.89e-01(35.746s)
  Iter 21: err=2.36e-01(33.716s)
  Iter 22: err=4.22e-01(34.410s)
  Iter 23: err=4.29e-01(35.647s)
  Iter 24: err=3.14e-01(36.043s)
  Iter 25: err=2.80e-01(35.650s)
Initializing Thermal Finite Elements (P1)...
Mapping Velocity...
Assembling Thermal System...
Solving Thermal Linear System...
  -> Solved. Range: [292.29, 334.72] K
Case 258 completed successfully.
