--- Starting Case 2 ---
Generating mesh at dataset\case_002\mesh.msh...

Initializing Finite Elements...
  -> Total DOFs: 84739
Setting up Boundary Conditions...
Initializing with Stokes...
  -> Stokes initialization successful.

Starting Solver Loop (Numba Accelerated). Target Nu=1.00e-05

--- STEP 1/1: Nu = 1.00e-05 ---
  Static Assembly: 11.9739s
  Iter  1: err=7.54e-01(19.550s)
  Iter  2: err=2.33e-01(17.236s)
  Iter  3: err=9.13e-02(17.585s)
  Iter  4: err=5.20e-02(17.455s)
  Iter  5: err=3.57e-02(17.415s)
  Iter  6: err=2.53e-02(17.397s)
  Iter  7: err=1.75e-02(17.343s)
  Iter  8: err=1.24e-02(17.336s)
  Iter  9: err=9.35e-03(17.144s)
  Iter 10: err=7.55e-03(17.029s)
  Iter 11: err=6.14e-03(17.271s)
  Iter 12: err=4.85e-03(17.417s)
  Convergence reached.
Initializing Thermal Finite Elements (P1)...
Mapping Velocity...
Assembling Thermal System...
Solving Thermal Linear System...
  -> Solved. Range: [293.15, 366.03] K
Case 2 completed successfully.
