--- Starting Case 244 ---
Generating mesh at dataset\case_244\mesh.msh...

Initializing Finite Elements...
  -> Total DOFs: 84415
Setting up Boundary Conditions...
Initializing with Stokes...
  -> Stokes initialization successful.

Starting Solver Loop (Numba Accelerated). Target Nu=1.00e-05

--- STEP 1/1: Nu = 1.00e-05 ---
  Static Assembly: 23.6715s
  Iter  1: err=1.80e+00(33.820s)
  Iter  2: err=6.54e-01(35.368s)
  Iter  3: err=5.48e-01(33.898s)
  Iter  4: err=6.47e-01(34.603s)
  Iter  5: err=3.27e-01(35.262s)
  Iter  6: err=3.00e-01(35.072s)
  Iter  7: err=2.53e-01(35.264s)
  Iter  8: err=2.48e-01(36.380s)
  Iter  9: err=2.07e-01(36.048s)
  Iter 10: err=1.66e-01(34.518s)
  Iter 11: err=1.73e-01(34.220s)
  Iter 12: err=2.02e-01(33.356s)
  Iter 13: err=2.48e-01(33.805s)
  Iter 14: err=2.37e-01(34.344s)
  Iter 15: err=2.25e-01(35.127s)
  Iter 16: err=3.30e-01(34.963s)
  Iter 17: err=5.03e-01(35.486s)
  Iter 18: err=2.68e-01(35.990s)
  Iter 19: err=6.32e-01(34.041s)
  Iter 20: err=6.96e-01(34.264s)
  Iter 21: err=7.66e-01(34.661s)
  Iter 22: err=9.38e-01(32.663s)
  Iter 23: err=3.78e-01(32.256s)
  Iter 24: err=2.84e-01(32.780s)
  Iter 25: err=2.07e-01(32.564s)
Initializing Thermal Finite Elements (P1)...
Mapping Velocity...
Assembling Thermal System...
Solving Thermal Linear System...
  -> Solved. Range: [291.57, 325.93] K
Case 244 completed successfully.
