--- Starting Case 88 ---
Generating mesh at dataset\case_088\mesh.msh...

Initializing Finite Elements...
  -> Total DOFs: 90715
Setting up Boundary Conditions...
Initializing with Stokes...
  -> Stokes initialization successful.

Starting Solver Loop (Numba Accelerated). Target Nu=1.00e-05

--- STEP 1/1: Nu = 1.00e-05 ---
  Static Assembly: 24.1418s
  Iter  1: err=1.01e+00(32.530s)
  Iter  2: err=3.55e-01(32.327s)
  Iter  3: err=1.97e-01(32.238s)
  Iter  4: err=1.59e-01(32.933s)
  Iter  5: err=1.58e-01(32.744s)
  Iter  6: err=2.15e-01(33.210s)
  Iter  7: err=7.91e-01(33.006s)
  Iter  8: err=7.31e-01(33.241s)
  Iter  9: err=3.15e-01(33.238s)
  Iter 10: err=2.25e-01(34.192s)
  Iter 11: err=1.44e-01(34.562s)
  Iter 12: err=1.13e-01(32.109s)
  Iter 13: err=1.16e-01(31.608s)
  Iter 14: err=1.44e-01(35.436s)
  Iter 15: err=2.12e-01(34.963s)
  Iter 16: err=8.73e-01(34.738s)
  Iter 17: err=1.74e+00(36.019s)
  Iter 18: err=4.89e-01(36.643s)
  Iter 19: err=3.24e-01(34.069s)
  Iter 20: err=5.88e-01(33.065s)
  Iter 21: err=5.17e-01(35.513s)
  Iter 22: err=2.13e-01(31.721s)
  Iter 23: err=1.53e-01(32.223s)
  Iter 24: err=1.17e-01(33.767s)
  Iter 25: err=1.29e-01(33.982s)
Initializing Thermal Finite Elements (P1)...
Mapping Velocity...
Assembling Thermal System...
Solving Thermal Linear System...
  -> Solved. Range: [291.16, 340.84] K
Case 88 completed successfully.
