--- Starting Case 388 ---
Generating mesh at dataset\case_388\mesh.msh...

Initializing Finite Elements...
  -> Total DOFs: 84163
Setting up Boundary Conditions...
Initializing with Stokes...
  -> Stokes initialization successful.

Starting Solver Loop (Numba Accelerated). Target Nu=1.00e-05

--- STEP 1/1: Nu = 1.00e-05 ---
  Static Assembly: 26.7980s
  Iter  1: err=1.11e+00(36.286s)
  Iter  2: err=3.84e-01(36.737s)
  Iter  3: err=2.06e-01(36.706s)
  Iter  4: err=4.29e-01(35.947s)
  Iter  5: err=4.94e-01(33.953s)
  Iter  6: err=2.71e-01(34.333s)
  Iter  7: err=2.62e-01(34.218s)
  Iter  8: err=1.48e-01(36.095s)
  Iter  9: err=1.07e-01(35.021s)
  Iter 10: err=1.04e-01(34.890s)
  Iter 11: err=8.02e-02(35.472s)
  Iter 12: err=3.93e-02(35.200s)
  Iter 13: err=4.81e-02(33.756s)
  Iter 14: err=1.87e-02(34.473s)
  Iter 15: err=1.55e-02(32.461s)
  Iter 16: err=1.01e-02(32.214s)
  Iter 17: err=8.99e-03(32.265s)
  Iter 18: err=6.52e-03(30.208s)
  Iter 19: err=5.77e-03(31.730s)
  Iter 20: err=5.62e-03(31.082s)
  Iter 21: err=4.36e-03(31.359s)
  Convergence reached.
Initializing Thermal Finite Elements (P1)...
Mapping Velocity...
Assembling Thermal System...
Solving Thermal Linear System...
  -> Solved. Range: [292.03, 352.19] K
Case 388 completed successfully.
