--- Starting Case 22 ---
Generating mesh at dataset\case_022\mesh.msh...

Initializing Finite Elements...
  -> Total DOFs: 88537
Setting up Boundary Conditions...
Initializing with Stokes...
  -> Stokes initialization successful.

Starting Solver Loop (Numba Accelerated). Target Nu=1.00e-05

--- STEP 1/1: Nu = 1.00e-05 ---
  Static Assembly: 13.3793s
  Iter  1: err=6.06e-01(19.435s)
  Iter  2: err=1.94e-01(19.274s)
  Iter  3: err=9.35e-02(19.371s)
  Iter  4: err=7.43e-02(18.760s)
  Iter  5: err=6.92e-02(19.289s)
  Iter  6: err=7.69e-02(19.444s)
  Iter  7: err=8.22e-02(19.307s)
  Iter  8: err=5.91e-02(19.017s)
  Iter  9: err=3.97e-02(19.260s)
  Iter 10: err=4.61e-02(19.101s)
  Iter 11: err=5.27e-02(18.862s)
  Iter 12: err=4.07e-02(19.088s)
  Iter 13: err=2.42e-02(19.016s)
  Iter 14: err=1.76e-02(19.082s)
  Iter 15: err=1.67e-02(19.026s)
  Iter 16: err=1.89e-02(19.080s)
  Iter 17: err=1.49e-02(19.443s)
  Iter 18: err=1.12e-02(19.436s)
  Iter 19: err=8.92e-03(19.235s)
  Iter 20: err=6.49e-03(19.084s)
  Iter 21: err=4.79e-03(19.488s)
  Convergence reached.
Initializing Thermal Finite Elements (P1)...
Mapping Velocity...
Assembling Thermal System...
Solving Thermal Linear System...
  -> Solved. Range: [291.06, 359.93] K
Case 22 completed successfully.
