--- Starting Case 80 ---
Generating mesh at dataset\case_080\mesh.msh...

Initializing Finite Elements...
  -> Total DOFs: 81463
Setting up Boundary Conditions...
Initializing with Stokes...
  -> Stokes initialization successful.

Starting Solver Loop (Numba Accelerated). Target Nu=1.00e-05

--- STEP 1/1: Nu = 1.00e-05 ---
  Static Assembly: 22.3046s
  Iter  1: err=1.04e+00(31.258s)
  Iter  2: err=4.31e-01(32.383s)
  Iter  3: err=2.82e-01(31.716s)
  Iter  4: err=2.44e-01(32.620s)
  Iter  5: err=2.08e-01(32.433s)
  Iter  6: err=9.09e-01(32.358s)
  Iter  7: err=1.62e+00(32.210s)
  Iter  8: err=1.37e+00(31.718s)
  Iter  9: err=1.01e+00(30.435s)
  Iter 10: err=2.24e+00(30.058s)
  Iter 11: err=7.49e-01(30.424s)
  Iter 12: err=4.40e-01(29.437s)
  Iter 13: err=2.89e-01(29.526s)
  Iter 14: err=6.68e-01(29.822s)
  Iter 15: err=7.53e-01(30.209s)
  Iter 16: err=2.82e-01(30.238s)
  Iter 17: err=1.89e-01(30.000s)
  Iter 18: err=1.73e-01(30.078s)
  Iter 19: err=1.21e-01(30.306s)
  Iter 20: err=1.13e-01(31.495s)
  Iter 21: err=1.28e-01(30.792s)
  Iter 22: err=1.25e-01(28.448s)
  Iter 23: err=1.34e-01(29.041s)
  Iter 24: err=1.68e-01(32.389s)
  Iter 25: err=1.72e-01(32.007s)
Initializing Thermal Finite Elements (P1)...
Mapping Velocity...
Assembling Thermal System...
Solving Thermal Linear System...
  -> Solved. Range: [290.83, 363.28] K
Case 80 completed successfully.
