--- Starting Case 31 ---
Generating mesh at dataset\case_031\mesh.msh...

Initializing Finite Elements...
  -> Total DOFs: 87079
Setting up Boundary Conditions...
Initializing with Stokes...
  -> Stokes initialization successful.

Starting Solver Loop (Numba Accelerated). Target Nu=1.00e-05

--- STEP 1/1: Nu = 1.00e-05 ---
  Static Assembly: 12.0350s
  Iter  1: err=7.13e-01(17.415s)
  Iter  2: err=2.33e-01(17.908s)
  Iter  3: err=1.10e-01(17.742s)
  Iter  4: err=6.98e-02(17.700s)
  Iter  5: err=4.55e-02(18.292s)
  Iter  6: err=2.88e-02(17.997s)
  Iter  7: err=1.83e-02(17.764s)
  Iter  8: err=1.17e-02(17.864s)
  Iter  9: err=7.15e-03(17.999s)
  Iter 10: err=4.38e-03(17.578s)
  Convergence reached.
Initializing Thermal Finite Elements (P1)...
Mapping Velocity...
Assembling Thermal System...
Solving Thermal Linear System...
  -> Solved. Range: [293.15, 413.87] K
Case 31 completed successfully.
