--- Starting Case 472 ---
Generating mesh at dataset\case_472\mesh.msh...

Initializing Finite Elements...
  -> Total DOFs: 81859
Setting up Boundary Conditions...
Initializing with Stokes...
  -> Stokes initialization successful.

Starting Solver Loop (Numba Accelerated). Target Nu=1.00e-05

--- STEP 1/1: Nu = 1.00e-05 ---
  Static Assembly: 26.3044s
  Iter  1: err=6.97e-01(36.023s)
  Iter  2: err=2.17e-01(32.481s)
  Iter  3: err=9.52e-02(34.617s)
  Iter  4: err=6.68e-02(34.652s)
  Iter  5: err=5.42e-02(35.797s)
  Iter  6: err=4.59e-02(35.617s)
  Iter  7: err=3.58e-02(35.659s)
  Iter  8: err=2.53e-02(36.144s)
  Iter  9: err=1.82e-02(35.369s)
  Iter 10: err=1.44e-02(36.048s)
  Iter 11: err=1.25e-02(36.238s)
  Iter 12: err=1.17e-02(35.664s)
  Iter 13: err=1.10e-02(36.615s)
  Iter 14: err=9.97e-03(33.830s)
  Iter 15: err=8.34e-03(34.035s)
  Iter 16: err=5.96e-03(37.327s)
  Iter 17: err=3.37e-03(36.765s)
  Convergence reached.
Initializing Thermal Finite Elements (P1)...
Mapping Velocity...
Assembling Thermal System...
Solving Thermal Linear System...
  -> Solved. Range: [291.98, 378.26] K
Case 472 completed successfully.
