--- Starting Case 346 ---
Generating mesh at dataset\case_346\mesh.msh...

Initializing Finite Elements...
  -> Total DOFs: 89815
Setting up Boundary Conditions...
Initializing with Stokes...
  -> Stokes initialization successful.

Starting Solver Loop (Numba Accelerated). Target Nu=1.00e-05

--- STEP 1/1: Nu = 1.00e-05 ---
  Static Assembly: 23.9701s
  Iter  1: err=1.14e+00(34.209s)
  Iter  2: err=4.28e-01(35.015s)
  Iter  3: err=4.76e-01(34.917s)
  Iter  4: err=5.23e-01(35.115s)
  Iter  5: err=2.95e-01(36.609s)
  Iter  6: err=2.47e-01(36.197s)
  Iter  7: err=3.18e-01(35.547s)
  Iter  8: err=2.96e-01(36.980s)
  Iter  9: err=2.36e-01(36.564s)
  Iter 10: err=2.69e-01(36.219s)
  Iter 11: err=3.44e-01(35.600s)
  Iter 12: err=2.15e-01(36.599s)
  Iter 13: err=3.95e-01(36.277s)
  Iter 14: err=3.82e-01(36.778s)
  Iter 15: err=2.35e-01(35.631s)
  Iter 16: err=1.50e-01(34.902s)
  Iter 17: err=1.40e-01(36.175s)
  Iter 18: err=7.66e-02(36.432s)
  Iter 19: err=4.89e-02(37.309s)
  Iter 20: err=6.29e-02(36.090s)
  Iter 21: err=6.34e-02(36.599s)
  Iter 22: err=4.66e-02(34.653s)
  Iter 23: err=4.72e-02(35.676s)
  Iter 24: err=4.64e-02(36.802s)
  Iter 25: err=3.65e-02(36.294s)
Initializing Thermal Finite Elements (P1)...
Mapping Velocity...
Assembling Thermal System...
Solving Thermal Linear System...
  -> Solved. Range: [291.96, 344.22] K
Case 346 completed successfully.
