--- Starting Case 87 ---
Generating mesh at dataset\case_087\mesh.msh...

Initializing Finite Elements...
  -> Total DOFs: 85315
Setting up Boundary Conditions...
Initializing with Stokes...
  -> Stokes initialization successful.

Starting Solver Loop (Numba Accelerated). Target Nu=1.00e-05

--- STEP 1/1: Nu = 1.00e-05 ---
  Static Assembly: 23.9441s
  Iter  1: err=8.11e-01(31.175s)
  Iter  2: err=2.55e-01(30.830s)
  Iter  3: err=1.07e-01(31.604s)
  Iter  4: err=6.27e-02(31.353s)
  Iter  5: err=4.13e-02(30.978s)
  Iter  6: err=2.82e-02(31.827s)
  Iter  7: err=1.95e-02(31.331s)
  Iter  8: err=1.42e-02(31.363s)
  Iter  9: err=1.14e-02(31.657s)
  Iter 10: err=9.50e-03(31.915s)
  Iter 11: err=7.60e-03(32.296s)
  Iter 12: err=5.62e-03(33.154s)
  Iter 13: err=3.87e-03(30.422s)
  Convergence reached.
Initializing Thermal Finite Elements (P1)...
Mapping Velocity...
Assembling Thermal System...
Solving Thermal Linear System...
  -> Solved. Range: [293.15, 370.12] K
Case 87 completed successfully.
