--- Starting Case 325 ---
Generating mesh at dataset\case_325\mesh.msh...

Initializing Finite Elements...
  -> Total DOFs: 90823
Setting up Boundary Conditions...
Initializing with Stokes...
  -> Stokes initialization successful.

Starting Solver Loop (Numba Accelerated). Target Nu=1.00e-05

--- STEP 1/1: Nu = 1.00e-05 ---
  Static Assembly: 24.3317s
  Iter  1: err=1.04e+00(34.377s)
  Iter  2: err=3.79e-01(35.468s)
  Iter  3: err=2.30e-01(34.778s)
  Iter  4: err=2.47e-01(35.149s)
  Iter  5: err=2.47e-01(33.768s)
  Iter  6: err=1.62e-01(37.594s)
  Iter  7: err=1.79e-01(35.327s)
  Iter  8: err=2.64e-01(36.105s)
  Iter  9: err=1.58e-01(36.452s)
  Iter 10: err=1.27e-01(38.184s)
  Iter 11: err=1.11e-01(34.693s)
  Iter 12: err=1.12e-01(34.477s)
  Iter 13: err=9.35e-02(32.015s)
  Iter 14: err=7.33e-02(32.779s)
  Iter 15: err=6.65e-02(35.565s)
  Iter 16: err=5.38e-02(36.283s)
  Iter 17: err=3.82e-02(35.899s)
  Iter 18: err=2.63e-02(37.372s)
  Iter 19: err=1.82e-02(37.507s)
  Iter 20: err=1.56e-02(35.856s)
  Iter 21: err=1.43e-02(36.125s)
  Iter 22: err=1.27e-02(36.322s)
  Iter 23: err=1.21e-02(37.054s)
  Iter 24: err=1.26e-02(36.803s)
  Iter 25: err=1.45e-02(39.067s)
Initializing Thermal Finite Elements (P1)...
Mapping Velocity...
Assembling Thermal System...
Solving Thermal Linear System...
  -> Solved. Range: [292.69, 345.40] K
Case 325 completed successfully.
