--- Starting Case 34 ---
Generating mesh at dataset\case_034\mesh.msh...

Initializing Finite Elements...
  -> Total DOFs: 85279
Setting up Boundary Conditions...
Initializing with Stokes...
  -> Stokes initialization successful.

Starting Solver Loop (Numba Accelerated). Target Nu=1.00e-05

--- STEP 1/1: Nu = 1.00e-05 ---
  Static Assembly: 24.2870s
  Iter  1: err=6.32e-01(35.276s)
  Iter  2: err=1.97e-01(32.288s)
  Iter  3: err=7.35e-02(31.733s)
  Iter  4: err=3.62e-02(32.202s)
  Iter  5: err=2.04e-02(32.258s)
  Iter  6: err=1.20e-02(32.397s)
  Iter  7: err=7.31e-03(32.231s)
  Iter  8: err=4.64e-03(32.565s)
  Convergence reached.
Initializing Thermal Finite Elements (P1)...
Mapping Velocity...
Assembling Thermal System...
Solving Thermal Linear System...
  -> Solved. Range: [293.15, 386.18] K
Case 34 completed successfully.
