--- Starting Case 465 ---
Generating mesh at dataset\case_465\mesh.msh...

Initializing Finite Elements...
  -> Total DOFs: 89455
Setting up Boundary Conditions...
Initializing with Stokes...
  -> Stokes initialization successful.

Starting Solver Loop (Numba Accelerated). Target Nu=1.00e-05

--- STEP 1/1: Nu = 1.00e-05 ---
  Static Assembly: 27.8686s
  Iter  1: err=9.83e-01(37.194s)
  Iter  2: err=3.49e-01(38.357s)
  Iter  3: err=1.89e-01(37.692s)
  Iter  4: err=1.48e-01(37.217s)
  Iter  5: err=1.30e-01(37.984s)
  Iter  6: err=1.41e-01(38.363s)
  Iter  7: err=1.16e-01(37.901s)
  Iter  8: err=9.91e-02(36.729s)
  Iter  9: err=1.10e-01(34.645s)
  Iter 10: err=1.44e-01(35.929s)
  Iter 11: err=1.00e-01(36.924s)
  Iter 12: err=9.18e-02(37.020s)
  Iter 13: err=6.79e-02(36.991s)
  Iter 14: err=7.25e-02(37.266s)
  Iter 15: err=6.62e-02(37.040s)
  Iter 16: err=4.70e-02(37.574s)
  Iter 17: err=4.29e-02(37.496s)
  Iter 18: err=4.17e-02(37.152s)
  Iter 19: err=3.40e-02(38.023s)
  Iter 20: err=3.14e-02(35.923s)
  Iter 21: err=2.45e-02(34.782s)
  Iter 22: err=2.36e-02(38.361s)
  Iter 23: err=2.18e-02(38.395s)
  Iter 24: err=2.16e-02(37.304s)
  Iter 25: err=2.14e-02(35.246s)
Initializing Thermal Finite Elements (P1)...
Mapping Velocity...
Assembling Thermal System...
Solving Thermal Linear System...
  -> Solved. Range: [291.55, 359.20] K
Case 465 completed successfully.
