--- Starting Case 56 ---
Generating mesh at dataset\case_056\mesh.msh...

Initializing Finite Elements...
  -> Total DOFs: 80707
Setting up Boundary Conditions...
Initializing with Stokes...
  -> Stokes initialization successful.

Starting Solver Loop (Numba Accelerated). Target Nu=1.00e-05

--- STEP 1/1: Nu = 1.00e-05 ---
  Static Assembly: 18.4720s
  Iter  1: err=1.40e+00(25.160s)
  Iter  2: err=4.79e-01(26.777s)
  Iter  3: err=2.43e-01(28.495s)
  Iter  4: err=1.93e-01(28.024s)
  Iter  5: err=1.88e-01(27.347s)
  Iter  6: err=1.77e-01(26.394s)
  Iter  7: err=1.42e-01(25.499s)
  Iter  8: err=1.22e-01(26.035s)
  Iter  9: err=1.17e-01(25.842s)
  Iter 10: err=1.18e-01(26.084s)
  Iter 11: err=8.88e-02(26.328s)
  Iter 12: err=9.03e-02(26.149s)
  Iter 13: err=2.26e-01(25.990s)
  Iter 14: err=5.26e-01(26.964s)
  Iter 15: err=5.79e-01(30.472s)
  Iter 16: err=4.49e-01(30.432s)
  Iter 17: err=2.43e-01(28.547s)
  Iter 18: err=2.17e-01(28.634s)
  Iter 19: err=2.76e-01(29.910s)
  Iter 20: err=1.29e-01(28.075s)
  Iter 21: err=5.93e-02(28.212s)
  Iter 22: err=5.84e-02(28.494s)
  Iter 23: err=5.79e-02(27.336s)
  Iter 24: err=6.40e-02(28.291s)
  Iter 25: err=3.89e-02(28.475s)
Initializing Thermal Finite Elements (P1)...
Mapping Velocity...
Assembling Thermal System...
Solving Thermal Linear System...
  -> Solved. Range: [291.29, 330.99] K
Case 56 completed successfully.
