--- Starting Case 124 ---
Generating mesh at dataset\case_124\mesh.msh...

Initializing Finite Elements...
  -> Total DOFs: 92839
Setting up Boundary Conditions...
Initializing with Stokes...
  -> Stokes initialization successful.

Starting Solver Loop (Numba Accelerated). Target Nu=1.00e-05

--- STEP 1/1: Nu = 1.00e-05 ---
  Static Assembly: 13.9666s
  Iter  1: err=5.37e-01(19.510s)
  Iter  2: err=1.71e-01(20.339s)
  Iter  3: err=6.96e-02(19.476s)
  Iter  4: err=4.19e-02(19.482s)
  Iter  5: err=2.87e-02(19.300s)
  Iter  6: err=1.94e-02(19.707s)
  Iter  7: err=1.24e-02(19.094s)
  Iter  8: err=7.82e-03(19.463s)
  Iter  9: err=4.96e-03(19.294s)
  Convergence reached.
Initializing Thermal Finite Elements (P1)...
Mapping Velocity...
Assembling Thermal System...
Solving Thermal Linear System...
  -> Solved. Range: [291.64, 384.80] K
Case 124 completed successfully.
