--- Starting Case 138 ---
Generating mesh at dataset\case_138\mesh.msh...

Initializing Finite Elements...
  -> Total DOFs: 93793
Setting up Boundary Conditions...
Initializing with Stokes...
  -> Stokes initialization successful.

Starting Solver Loop (Numba Accelerated). Target Nu=1.00e-05

--- STEP 1/1: Nu = 1.00e-05 ---
  Static Assembly: 14.0474s
  Iter  1: err=4.72e-01(19.776s)
  Iter  2: err=1.54e-01(19.539s)
  Iter  3: err=5.50e-02(19.763s)
  Iter  4: err=2.33e-02(19.836s)
  Iter  5: err=1.21e-02(20.016s)
  Iter  6: err=7.34e-03(20.305s)
  Iter  7: err=4.97e-03(19.961s)
  Convergence reached.
Initializing Thermal Finite Elements (P1)...
Mapping Velocity...
Assembling Thermal System...
Solving Thermal Linear System...
  -> Solved. Range: [291.60, 360.95] K
Case 138 completed successfully.
