--- Starting Case 160 ---
Generating mesh at dataset\case_160\mesh.msh...

Initializing Finite Elements...
  -> Total DOFs: 86647
Setting up Boundary Conditions...
Initializing with Stokes...
  -> Stokes initialization successful.

Starting Solver Loop (Numba Accelerated). Target Nu=1.00e-05

--- STEP 1/1: Nu = 1.00e-05 ---
  Static Assembly: 21.2256s
  Iter  1: err=1.80e+00(30.806s)
  Iter  2: err=6.33e-01(31.159s)
  Iter  3: err=3.92e-01(32.159s)
  Iter  4: err=4.26e-01(31.317s)
  Iter  5: err=4.14e-01(31.723s)
  Iter  6: err=3.22e-01(32.190s)
  Iter  7: err=2.79e-01(33.299s)
  Iter  8: err=3.50e-01(32.321s)
  Iter  9: err=2.58e-01(33.014s)
  Iter 10: err=3.82e-01(33.873s)
  Iter 11: err=3.67e-01(38.584s)
  Iter 12: err=2.03e-01(36.741s)
  Iter 13: err=1.53e-01(35.892s)
  Iter 14: err=1.48e-01(38.388s)
  Iter 15: err=9.76e-02(35.056s)
  Iter 16: err=5.52e-02(37.698s)
  Iter 17: err=4.33e-02(36.644s)
  Iter 18: err=3.29e-02(33.988s)
  Iter 19: err=2.81e-02(33.451s)
  Iter 20: err=2.72e-02(33.807s)
  Iter 21: err=2.70e-02(33.251s)
  Iter 22: err=3.02e-02(32.753s)
  Iter 23: err=2.53e-02(33.021s)
  Iter 24: err=2.16e-02(33.657s)
  Iter 25: err=1.81e-02(33.889s)
Initializing Thermal Finite Elements (P1)...
Mapping Velocity...
Assembling Thermal System...
Solving Thermal Linear System...
  -> Solved. Range: [290.47, 357.54] K
Case 160 completed successfully.
