--- Starting Case 419 ---
Generating mesh at dataset\case_419\mesh.msh...

Initializing Finite Elements...
  -> Total DOFs: 85207
Setting up Boundary Conditions...
Initializing with Stokes...
  -> Stokes initialization successful.

Starting Solver Loop (Numba Accelerated). Target Nu=1.00e-05

--- STEP 1/1: Nu = 1.00e-05 ---
  Static Assembly: 24.2917s
  Iter  1: err=1.39e+00(33.236s)
  Iter  2: err=4.47e-01(34.312s)
  Iter  3: err=1.97e-01(34.013s)
  Iter  4: err=1.30e-01(33.835s)
  Iter  5: err=1.08e-01(33.756s)
  Iter  6: err=1.47e-01(33.563s)
  Iter  7: err=1.54e-01(32.466s)
  Iter  8: err=1.60e-01(31.934s)
  Iter  9: err=1.05e-01(32.004s)
  Iter 10: err=5.88e-02(31.576s)
  Iter 11: err=5.20e-02(32.714s)
  Iter 12: err=4.19e-02(32.820s)
  Iter 13: err=2.41e-02(34.308s)
  Iter 14: err=2.93e-02(34.925s)
  Iter 15: err=1.54e-02(33.436s)
  Iter 16: err=1.30e-02(34.802s)
  Iter 17: err=9.13e-03(33.296s)
  Iter 18: err=4.16e-03(35.663s)
  Convergence reached.
Initializing Thermal Finite Elements (P1)...
Mapping Velocity...
Assembling Thermal System...
Solving Thermal Linear System...
  -> Solved. Range: [293.07, 378.82] K
Case 419 completed successfully.
