--- Starting Case 293 ---
Generating mesh at dataset\case_293\mesh.msh...

Initializing Finite Elements...
  -> Total DOFs: 85639
Setting up Boundary Conditions...
Initializing with Stokes...
  -> Stokes initialization successful.

Starting Solver Loop (Numba Accelerated). Target Nu=1.00e-05

--- STEP 1/1: Nu = 1.00e-05 ---
  Static Assembly: 22.8862s
  Iter  1: err=1.42e+00(32.129s)
  Iter  2: err=5.22e-01(31.707s)
  Iter  3: err=3.48e-01(32.197s)
  Iter  4: err=9.35e-01(32.268s)
  Iter  5: err=1.42e+00(32.829s)
  Iter  6: err=5.14e-01(32.423s)
  Iter  7: err=3.53e-01(34.210s)
  Iter  8: err=2.36e-01(32.768s)
  Iter  9: err=1.67e-01(35.289s)
  Iter 10: err=1.23e-01(35.250s)
  Iter 11: err=1.09e-01(33.756s)
  Iter 12: err=9.49e-02(32.411s)
  Iter 13: err=9.80e-02(32.458s)
  Iter 14: err=1.20e-01(35.045s)
  Iter 15: err=1.55e-01(35.151s)
  Iter 16: err=1.89e-01(35.795s)
  Iter 17: err=2.62e-01(33.386s)
  Iter 18: err=2.83e-01(32.897s)
  Iter 19: err=3.03e-01(35.190s)
  Iter 20: err=2.93e-01(34.148s)
  Iter 21: err=1.73e-01(35.563s)
  Iter 22: err=8.98e-01(36.422s)
  Iter 23: err=1.42e+00(36.681s)
  Iter 24: err=6.15e-01(36.909s)
  Iter 25: err=3.76e-01(34.585s)
Initializing Thermal Finite Elements (P1)...
Mapping Velocity...
Assembling Thermal System...
Solving Thermal Linear System...
  -> Solved. Range: [291.55, 326.83] K
Case 293 completed successfully.
