--- Starting Case 194 ---
Generating mesh at dataset\case_194\mesh.msh...

Initializing Finite Elements...
  -> Total DOFs: 82957
Setting up Boundary Conditions...
Initializing with Stokes...
  -> Stokes initialization successful.

Starting Solver Loop (Numba Accelerated). Target Nu=1.00e-05

--- STEP 1/1: Nu = 1.00e-05 ---
  Static Assembly: 11.8575s
  Iter  1: err=5.93e-01(17.262s)
  Iter  2: err=2.10e-01(17.134s)
  Iter  3: err=1.03e-01(17.098s)
  Iter  4: err=7.31e-02(17.081s)
  Iter  5: err=5.99e-02(16.913s)
  Iter  6: err=4.76e-02(17.219s)
  Iter  7: err=3.23e-02(17.265s)
  Iter  8: err=2.71e-02(17.032s)
  Iter  9: err=2.32e-02(16.454s)
  Iter 10: err=1.88e-02(16.006s)
  Iter 11: err=1.64e-02(15.923s)
  Iter 12: err=1.47e-02(15.800s)
  Iter 13: err=1.29e-02(15.632s)
  Iter 14: err=1.05e-02(15.803s)
  Iter 15: err=7.82e-03(15.217s)
  Iter 16: err=5.41e-03(15.431s)
  Iter 17: err=3.77e-03(15.152s)
  Convergence reached.
Initializing Thermal Finite Elements (P1)...
Mapping Velocity...
Assembling Thermal System...
Solving Thermal Linear System...
  -> Solved. Range: [291.23, 425.54] K
Case 194 completed successfully.
