--- Starting Case 455 ---
Generating mesh at dataset\case_455\mesh.msh...

Initializing Finite Elements...
  -> Total DOFs: 80167
Setting up Boundary Conditions...
Initializing with Stokes...
  -> Stokes initialization successful.

Starting Solver Loop (Numba Accelerated). Target Nu=1.00e-05

--- STEP 1/1: Nu = 1.00e-05 ---
  Static Assembly: 22.3621s
  Iter  1: err=1.73e+00(30.723s)
  Iter  2: err=5.42e-01(30.712s)
  Iter  3: err=2.44e-01(29.837s)
  Iter  4: err=1.90e-01(31.602s)
  Iter  5: err=2.04e-01(31.153s)
  Iter  6: err=1.78e-01(29.230s)
  Iter  7: err=1.53e-01(31.582s)
  Iter  8: err=9.28e-02(31.101s)
  Iter  9: err=5.95e-02(31.638s)
  Iter 10: err=4.43e-02(31.992s)
  Iter 11: err=3.21e-02(31.362s)
  Iter 12: err=2.42e-02(30.768s)
  Iter 13: err=1.91e-02(31.781s)
  Iter 14: err=1.49e-02(30.742s)
  Iter 15: err=1.32e-02(30.431s)
  Iter 16: err=1.15e-02(30.446s)
  Iter 17: err=1.08e-02(30.032s)
  Iter 18: err=8.84e-03(29.856s)
  Iter 19: err=8.04e-03(31.323s)
  Iter 20: err=6.82e-03(31.253s)
  Iter 21: err=6.38e-03(30.383s)
  Iter 22: err=5.35e-03(30.336s)
  Iter 23: err=5.39e-03(27.150s)
  Iter 24: err=4.55e-03(29.514s)
  Convergence reached.
Initializing Thermal Finite Elements (P1)...
Mapping Velocity...
Assembling Thermal System...
Solving Thermal Linear System...
  -> Solved. Range: [292.74, 360.81] K
Case 455 completed successfully.
