--- Starting Case 254 ---
Generating mesh at dataset\case_254\mesh.msh...

Initializing Finite Elements...
  -> Total DOFs: 87799
Setting up Boundary Conditions...
Initializing with Stokes...
  -> Stokes initialization successful.

Starting Solver Loop (Numba Accelerated). Target Nu=1.00e-05

--- STEP 1/1: Nu = 1.00e-05 ---
  Static Assembly: 26.3327s
  Iter  1: err=1.26e+00(36.299s)
  Iter  2: err=4.55e-01(34.957s)
  Iter  3: err=2.90e-01(35.804s)
  Iter  4: err=2.30e-01(36.791s)
  Iter  5: err=2.73e-01(36.809s)
  Iter  6: err=4.15e-01(37.640s)
  Iter  7: err=7.52e-01(37.753s)
  Iter  8: err=3.57e-01(38.011s)
  Iter  9: err=2.29e-01(35.385s)
  Iter 10: err=2.01e-01(37.350s)
  Iter 11: err=9.91e-01(36.115s)
  Iter 12: err=1.74e+00(34.369s)
  Iter 13: err=5.49e-01(35.187s)
  Iter 14: err=3.32e-01(35.620s)
  Iter 15: err=2.43e-01(32.170s)
  Iter 16: err=1.81e-01(31.867s)
  Iter 17: err=1.56e-01(31.933s)
  Iter 18: err=1.33e-01(37.014s)
  Iter 19: err=1.05e-01(37.038s)
  Iter 20: err=5.27e-01(36.691s)
  Iter 21: err=5.46e-01(38.021s)
  Iter 22: err=2.98e-01(37.558s)
  Iter 23: err=2.07e-01(35.560s)
  Iter 24: err=2.04e-01(34.559s)
  Iter 25: err=1.63e-01(36.072s)
Initializing Thermal Finite Elements (P1)...
Mapping Velocity...
Assembling Thermal System...
Solving Thermal Linear System...
  -> Solved. Range: [291.95, 327.70] K
Case 254 completed successfully.
