--- Starting Case 18 ---
Generating mesh at dataset\case_018\mesh.msh...

Initializing Finite Elements...
  -> Total DOFs: 90985
Setting up Boundary Conditions...
Initializing with Stokes...
  -> Stokes initialization successful.

Starting Solver Loop (Numba Accelerated). Target Nu=1.00e-05

--- STEP 1/1: Nu = 1.00e-05 ---
  Static Assembly: 25.9857s
  Iter  1: err=7.61e-01(37.260s)
  Iter  2: err=2.99e-01(37.569s)
  Iter  3: err=1.69e-01(39.194s)
  Iter  4: err=2.01e-01(39.501s)
  Iter  5: err=2.17e-01(38.192s)
  Iter  6: err=1.00e-01(36.403s)
  Iter  7: err=8.40e-02(35.423s)
  Iter  8: err=8.09e-02(35.049s)
  Iter  9: err=7.10e-02(36.328s)
  Iter 10: err=4.74e-02(37.996s)
  Iter 11: err=3.52e-02(37.280s)
  Iter 12: err=2.94e-02(37.326s)
  Iter 13: err=2.44e-02(36.937s)
  Iter 14: err=2.11e-02(36.620s)
  Iter 15: err=1.82e-02(37.450s)
  Iter 16: err=1.53e-02(38.276s)
  Iter 17: err=1.29e-02(37.334s)
  Iter 18: err=1.16e-02(37.753s)
  Iter 19: err=1.02e-02(35.825s)
  Iter 20: err=7.81e-03(37.639s)
  Iter 21: err=6.18e-03(37.086s)
  Iter 22: err=5.43e-03(33.554s)
  Iter 23: err=4.56e-03(33.129s)
  Convergence reached.
Initializing Thermal Finite Elements (P1)...
Mapping Velocity...
Assembling Thermal System...
Solving Thermal Linear System...
  -> Solved. Range: [292.61, 380.23] K
Case 18 completed successfully.
