--- Starting Case 297 ---
Generating mesh at dataset\case_297\mesh.msh...

Initializing Finite Elements...
  -> Total DOFs: 87727
Setting up Boundary Conditions...
Initializing with Stokes...
  -> Stokes initialization successful.

Starting Solver Loop (Numba Accelerated). Target Nu=1.00e-05

--- STEP 1/1: Nu = 1.00e-05 ---
  Static Assembly: 23.4291s
  Iter  1: err=1.47e+00(33.136s)
  Iter  2: err=5.21e-01(33.134s)
  Iter  3: err=4.45e-01(32.416s)
  Iter  4: err=5.14e-01(34.660s)
  Iter  5: err=2.90e-01(34.001s)
  Iter  6: err=3.49e-01(34.653s)
  Iter  7: err=2.65e-01(36.291s)
  Iter  8: err=2.31e-01(35.900s)
  Iter  9: err=1.67e-01(32.251s)
  Iter 10: err=1.31e-01(33.419s)
  Iter 11: err=1.27e-01(34.127s)
  Iter 12: err=8.67e-02(36.001s)
  Iter 13: err=6.68e-02(35.801s)
  Iter 14: err=4.77e-02(34.718s)
  Iter 15: err=3.99e-02(34.596s)
  Iter 16: err=3.23e-02(35.937s)
  Iter 17: err=2.91e-02(35.029s)
  Iter 18: err=2.33e-02(35.478s)
  Iter 19: err=1.91e-02(37.118s)
  Iter 20: err=2.01e-02(37.343s)
  Iter 21: err=1.90e-02(36.946s)
  Iter 22: err=1.70e-02(35.343s)
  Iter 23: err=1.64e-02(33.728s)
  Iter 24: err=1.30e-02(33.751s)
  Iter 25: err=1.19e-02(30.635s)
Initializing Thermal Finite Elements (P1)...
Mapping Velocity...
Assembling Thermal System...
Solving Thermal Linear System...
  -> Solved. Range: [291.13, 343.85] K
Case 297 completed successfully.
