--- Starting Case 292 ---
Generating mesh at dataset\case_292\mesh.msh...

Initializing Finite Elements...
  -> Total DOFs: 90103
Setting up Boundary Conditions...
Initializing with Stokes...
  -> Stokes initialization successful.

Starting Solver Loop (Numba Accelerated). Target Nu=1.00e-05

--- STEP 1/1: Nu = 1.00e-05 ---
  Static Assembly: 23.7652s
  Iter  1: err=9.80e-01(34.460s)
  Iter  2: err=3.20e-01(34.633s)
  Iter  3: err=1.55e-01(33.866s)
  Iter  4: err=1.06e-01(34.482s)
  Iter  5: err=8.25e-02(34.760s)
  Iter  6: err=7.92e-02(34.545s)
  Iter  7: err=5.30e-02(36.011s)
  Iter  8: err=4.95e-02(34.969s)
  Iter  9: err=3.94e-01(36.625s)
  Iter 10: err=3.69e-01(37.691s)
  Iter 11: err=8.94e-02(35.831s)
  Iter 12: err=2.60e-01(34.408s)
  Iter 13: err=1.93e-01(34.997s)
  Iter 14: err=3.27e-01(37.040s)
  Iter 15: err=1.54e-01(37.250s)
  Iter 16: err=8.64e-02(36.971s)
  Iter 17: err=5.56e-02(35.451s)
  Iter 18: err=3.89e-02(35.812s)
  Iter 19: err=2.08e-02(35.513s)
  Iter 20: err=2.54e-02(37.649s)
  Iter 21: err=2.77e-02(39.016s)
  Iter 22: err=2.40e-02(39.182s)
  Iter 23: err=1.35e-02(38.175s)
  Iter 24: err=8.15e-03(36.355s)
  Iter 25: err=6.94e-03(35.986s)
Initializing Thermal Finite Elements (P1)...
Mapping Velocity...
Assembling Thermal System...
Solving Thermal Linear System...
  -> Solved. Range: [292.94, 352.55] K
Case 292 completed successfully.
