--- Starting Case 25 ---
Generating mesh at dataset\case_025\mesh.msh...

Initializing Finite Elements...
  -> Total DOFs: 85459
Setting up Boundary Conditions...
Initializing with Stokes...
  -> Stokes initialization successful.

Starting Solver Loop (Numba Accelerated). Target Nu=1.00e-05

--- STEP 1/1: Nu = 1.00e-05 ---
  Static Assembly: 23.8096s
  Iter  1: err=9.87e-01(33.277s)
  Iter  2: err=3.68e-01(33.218s)
  Iter  3: err=2.19e-01(33.620s)
  Iter  4: err=1.61e-01(32.620s)
  Iter  5: err=1.37e-01(31.175s)
  Iter  6: err=1.14e-01(33.162s)
  Iter  7: err=1.03e-01(32.481s)
  Iter  8: err=9.56e-02(29.924s)
  Iter  9: err=7.18e-02(29.384s)
  Iter 10: err=7.06e-02(29.039s)
  Iter 11: err=7.35e-02(29.461s)
  Iter 12: err=7.83e-02(29.748s)
  Iter 13: err=8.80e-02(29.573s)
  Iter 14: err=1.11e-01(30.040s)
  Iter 15: err=9.30e-02(29.639s)
  Iter 16: err=8.88e-02(29.220s)
  Iter 17: err=1.23e-01(29.413s)
  Iter 18: err=2.72e-01(29.672s)
  Iter 19: err=1.73e-01(29.886s)
  Iter 20: err=1.24e-01(29.801s)
  Iter 21: err=7.14e-02(29.566s)
  Iter 22: err=5.28e-02(29.651s)
  Iter 23: err=5.45e-02(30.572s)
  Iter 24: err=3.38e-02(30.541s)
  Iter 25: err=3.43e-02(30.489s)
Initializing Thermal Finite Elements (P1)...
Mapping Velocity...
Assembling Thermal System...
Solving Thermal Linear System...
  -> Solved. Range: [291.71, 331.72] K
Case 25 completed successfully.
