--- Starting Case 260 ---
Generating mesh at dataset\case_260\mesh.msh...

Initializing Finite Elements...
  -> Total DOFs: 89689
Setting up Boundary Conditions...
Initializing with Stokes...
  -> Stokes initialization successful.

Starting Solver Loop (Numba Accelerated). Target Nu=1.00e-05

--- STEP 1/1: Nu = 1.00e-05 ---
  Static Assembly: 28.3287s
  Iter  1: err=1.01e+00(40.407s)
  Iter  2: err=3.75e-01(40.250s)
  Iter  3: err=2.55e-01(38.244s)
  Iter  4: err=2.92e-01(40.229s)
  Iter  5: err=4.23e-01(38.293s)
  Iter  6: err=4.95e-01(36.393s)
  Iter  7: err=2.48e-01(37.819s)
  Iter  8: err=1.90e-01(35.839s)
  Iter  9: err=1.88e-01(33.673s)
  Iter 10: err=1.50e-01(33.724s)
  Iter 11: err=1.30e-01(37.088s)
  Iter 12: err=8.60e-02(39.416s)
  Iter 13: err=7.88e-02(40.582s)
  Iter 14: err=4.51e-02(40.337s)
  Iter 15: err=3.49e-02(40.219s)
  Iter 16: err=2.55e-02(38.208s)
  Iter 17: err=2.73e-02(37.131s)
  Iter 18: err=2.30e-02(38.462s)
  Iter 19: err=2.09e-02(39.636s)
  Iter 20: err=2.71e-02(39.408s)
  Iter 21: err=2.45e-02(39.613s)
  Iter 22: err=1.99e-02(38.175s)
  Iter 23: err=1.46e-02(38.601s)
  Iter 24: err=1.14e-02(39.439s)
  Iter 25: err=9.05e-03(38.273s)
Initializing Thermal Finite Elements (P1)...
Mapping Velocity...
Assembling Thermal System...
Solving Thermal Linear System...
  -> Solved. Range: [292.23, 356.58] K
Case 260 completed successfully.
