--- Starting Case 51 ---
Generating mesh at dataset\case_051\mesh.msh...

Initializing Finite Elements...
  -> Total DOFs: 83317
Setting up Boundary Conditions...
Initializing with Stokes...
  -> Stokes initialization successful.

Starting Solver Loop (Numba Accelerated). Target Nu=1.00e-05

--- STEP 1/1: Nu = 1.00e-05 ---
  Static Assembly: 12.6545s
  Iter  1: err=5.96e-01(18.245s)
  Iter  2: err=1.85e-01(18.175s)
  Iter  3: err=6.05e-02(18.224s)
  Iter  4: err=2.47e-02(19.119s)
  Iter  5: err=1.39e-02(18.247s)
  Iter  6: err=9.25e-03(17.930s)
  Iter  7: err=6.45e-03(17.955s)
  Iter  8: err=5.16e-03(18.213s)
  Iter  9: err=4.32e-03(18.123s)
  Convergence reached.
Initializing Thermal Finite Elements (P1)...
Mapping Velocity...
Assembling Thermal System...
Solving Thermal Linear System...
  -> Solved. Range: [292.53, 375.87] K
Case 51 completed successfully.
