--- Starting Case 42 ---
Generating mesh at dataset\case_042\mesh.msh...

Initializing Finite Elements...
  -> Total DOFs: 83605
Setting up Boundary Conditions...
Initializing with Stokes...
  -> Stokes initialization successful.

Starting Solver Loop (Numba Accelerated). Target Nu=1.00e-05

--- STEP 1/1: Nu = 1.00e-05 ---
  Static Assembly: 12.0381s
  Iter  1: err=8.38e-01(17.028s)
  Iter  2: err=2.69e-01(16.835s)
  Iter  3: err=1.32e-01(16.798s)
  Iter  4: err=1.01e-01(17.193s)
  Iter  5: err=8.84e-02(17.340s)
  Iter  6: err=8.50e-02(17.136s)
  Iter  7: err=7.65e-02(17.022s)
  Iter  8: err=6.64e-02(17.028s)
  Iter  9: err=5.14e-02(16.717s)
  Iter 10: err=4.37e-02(16.905s)
  Iter 11: err=3.72e-02(17.049s)
  Iter 12: err=2.74e-02(17.089s)
  Iter 13: err=2.05e-02(16.616s)
  Iter 14: err=1.85e-02(16.878s)
  Iter 15: err=1.34e-02(16.756s)
  Iter 16: err=1.16e-02(16.929s)
  Iter 17: err=1.01e-02(16.962s)
  Iter 18: err=8.33e-03(16.753s)
  Iter 19: err=7.30e-03(16.766s)
  Iter 20: err=5.84e-03(16.802s)
  Iter 21: err=4.72e-03(17.096s)
  Convergence reached.
Initializing Thermal Finite Elements (P1)...
Mapping Velocity...
Assembling Thermal System...
Solving Thermal Linear System...
  -> Solved. Range: [292.03, 345.76] K
Case 42 completed successfully.
