--- Starting Case 371 ---
Generating mesh at dataset\case_371\mesh.msh...

Initializing Finite Elements...
  -> Total DOFs: 81355
Setting up Boundary Conditions...
Initializing with Stokes...
  -> Stokes initialization successful.

Starting Solver Loop (Numba Accelerated). Target Nu=1.00e-05

--- STEP 1/1: Nu = 1.00e-05 ---
  Static Assembly: 25.8068s
  Iter  1: err=6.94e-01(35.460s)
  Iter  2: err=2.23e-01(35.223s)
  Iter  3: err=1.03e-01(34.934s)
  Iter  4: err=7.12e-02(36.550s)
  Iter  5: err=5.51e-02(37.056s)
  Iter  6: err=5.02e-02(36.571s)
  Iter  7: err=5.32e-02(36.620s)
  Iter  8: err=4.18e-02(36.244s)
  Iter  9: err=2.95e-02(35.916s)
  Iter 10: err=2.49e-02(35.851s)
  Iter 11: err=2.67e-02(35.090s)
  Iter 12: err=2.32e-02(36.512s)
  Iter 13: err=1.60e-02(36.559s)
  Iter 14: err=1.30e-02(37.016s)
  Iter 15: err=1.04e-02(36.267s)
  Iter 16: err=8.88e-03(37.676s)
  Iter 17: err=8.19e-03(37.044s)
  Iter 18: err=7.47e-03(37.142s)
  Iter 19: err=6.89e-03(37.422s)
  Iter 20: err=6.28e-03(36.709s)
  Iter 21: err=5.54e-03(34.494s)
  Iter 22: err=4.71e-03(35.358s)
  Convergence reached.
Initializing Thermal Finite Elements (P1)...
Mapping Velocity...
Assembling Thermal System...
Solving Thermal Linear System...
  -> Solved. Range: [291.03, 365.05] K
Case 371 completed successfully.
