--- Starting Case 356 ---
Generating mesh at dataset\case_356\mesh.msh...

Initializing Finite Elements...
  -> Total DOFs: 85891
Setting up Boundary Conditions...
Initializing with Stokes...
  -> Stokes initialization successful.

Starting Solver Loop (Numba Accelerated). Target Nu=1.00e-05

--- STEP 1/1: Nu = 1.00e-05 ---
  Static Assembly: 25.5643s
  Iter  1: err=8.24e-01(35.711s)
  Iter  2: err=2.87e-01(35.781s)
  Iter  3: err=1.57e-01(36.021s)
  Iter  4: err=1.25e-01(36.198s)
  Iter  5: err=1.04e-01(35.478s)
  Iter  6: err=1.25e-01(34.174s)
  Iter  7: err=1.57e-01(35.119s)
  Iter  8: err=1.37e-01(35.437s)
  Iter  9: err=3.22e-01(35.795s)
  Iter 10: err=1.93e-01(35.884s)
  Iter 11: err=1.09e-01(36.185s)
  Iter 12: err=9.02e-02(35.413s)
  Iter 13: err=7.91e-02(34.900s)
  Iter 14: err=7.28e-02(35.907s)
  Iter 15: err=8.25e-02(35.617s)
  Iter 16: err=8.93e-02(35.633s)
  Iter 17: err=9.19e-02(35.279s)
  Iter 18: err=8.90e-02(35.370s)
  Iter 19: err=1.51e-01(35.253s)
  Iter 20: err=3.89e-01(35.940s)
  Iter 21: err=2.11e-01(37.984s)
  Iter 22: err=1.23e-01(38.209s)
  Iter 23: err=8.46e-02(37.723s)
  Iter 24: err=1.08e-01(36.540s)
  Iter 25: err=1.36e-01(37.030s)
Initializing Thermal Finite Elements (P1)...
Mapping Velocity...
Assembling Thermal System...
Solving Thermal Linear System...
  -> Solved. Range: [292.29, 333.31] K
Case 356 completed successfully.
