--- Starting Case 267 ---
Generating mesh at dataset\case_267\mesh.msh...

Initializing Finite Elements...
  -> Total DOFs: 83731
Setting up Boundary Conditions...
Initializing with Stokes...
  -> Stokes initialization successful.

Starting Solver Loop (Numba Accelerated). Target Nu=1.00e-05

--- STEP 1/1: Nu = 1.00e-05 ---
  Static Assembly: 22.9260s
  Iter  1: err=1.63e+00(29.375s)
  Iter  2: err=5.52e-01(28.702s)
  Iter  3: err=3.19e-01(28.355s)
  Iter  4: err=2.96e-01(32.019s)
  Iter  5: err=3.41e-01(34.042s)
  Iter  6: err=3.27e-01(32.825s)
  Iter  7: err=3.59e-01(33.650s)
  Iter  8: err=1.84e-01(33.580s)
  Iter  9: err=1.55e-01(34.279s)
  Iter 10: err=1.43e-01(32.469s)
  Iter 11: err=1.77e-01(31.425s)
  Iter 12: err=2.51e-01(32.287s)
  Iter 13: err=3.18e-01(32.434s)
  Iter 14: err=1.87e-01(32.584s)
  Iter 15: err=1.35e-01(33.088s)
  Iter 16: err=1.07e-01(33.651s)
  Iter 17: err=9.61e-02(32.435s)
  Iter 18: err=6.54e-02(32.447s)
  Iter 19: err=5.79e-02(32.912s)
  Iter 20: err=8.93e-02(32.218s)
  Iter 21: err=1.12e-01(31.913s)
  Iter 22: err=1.34e-01(33.595s)
  Iter 23: err=4.59e-01(32.084s)
  Iter 24: err=4.04e-01(31.509s)
  Iter 25: err=6.51e-01(31.662s)
Initializing Thermal Finite Elements (P1)...
Mapping Velocity...
Assembling Thermal System...
Solving Thermal Linear System...
  -> Solved. Range: [290.89, 351.66] K
Case 267 completed successfully.
