--- Starting Case 95 ---
Generating mesh at dataset\case_095\mesh.msh...

Initializing Finite Elements...
  -> Total DOFs: 84019
Setting up Boundary Conditions...
Initializing with Stokes...
  -> Stokes initialization successful.

Starting Solver Loop (Numba Accelerated). Target Nu=1.00e-05

--- STEP 1/1: Nu = 1.00e-05 ---
  Static Assembly: 12.2130s
  Iter  1: err=7.72e-01(17.883s)
  Iter  2: err=2.54e-01(18.509s)
  Iter  3: err=1.31e-01(17.556s)
  Iter  4: err=9.69e-02(18.080s)
  Iter  5: err=8.24e-02(18.282s)
  Iter  6: err=1.02e-01(17.915s)
  Iter  7: err=8.40e-02(17.900s)
  Iter  8: err=5.48e-02(18.311s)
  Iter  9: err=3.84e-02(17.859s)
  Iter 10: err=3.09e-02(18.448s)
  Iter 11: err=2.34e-02(17.635s)
  Iter 12: err=1.82e-02(17.959s)
  Iter 13: err=1.62e-02(17.562s)
  Iter 14: err=1.33e-02(18.434s)
  Iter 15: err=1.22e-02(18.643s)
  Iter 16: err=8.84e-03(18.788s)
  Iter 17: err=6.27e-03(19.204s)
  Iter 18: err=4.76e-03(18.585s)
  Convergence reached.
Initializing Thermal Finite Elements (P1)...
Mapping Velocity...
Assembling Thermal System...
Solving Thermal Linear System...
  -> Solved. Range: [292.46, 344.77] K
Case 95 completed successfully.
