--- Starting Case 298 ---
Generating mesh at dataset\case_298\mesh.msh...

Initializing Finite Elements...
  -> Total DOFs: 81535
Setting up Boundary Conditions...
Initializing with Stokes...
  -> Stokes initialization successful.

Starting Solver Loop (Numba Accelerated). Target Nu=1.00e-05

--- STEP 1/1: Nu = 1.00e-05 ---
  Static Assembly: 21.1382s
  Iter  1: err=2.59e+00(29.446s)
  Iter  2: err=8.34e-01(29.312s)
  Iter  3: err=6.07e-01(29.857s)
  Iter  4: err=7.22e-01(29.856s)
  Iter  5: err=7.16e-01(30.918s)
  Iter  6: err=1.03e+00(29.962s)
  Iter  7: err=3.35e-01(31.323s)
  Iter  8: err=2.50e-01(32.339s)
  Iter  9: err=1.86e-01(32.858s)
  Iter 10: err=1.33e-01(28.270s)
  Iter 11: err=9.69e-02(29.716s)
  Iter 12: err=7.81e-02(30.164s)
  Iter 13: err=7.31e-02(32.037s)
  Iter 14: err=5.08e-02(32.510s)
  Iter 15: err=2.67e-02(32.212s)
  Iter 16: err=2.00e-02(30.543s)
  Iter 17: err=1.53e-02(30.352s)
  Iter 18: err=1.23e-02(32.321s)
  Iter 19: err=1.26e-02(31.110s)
  Iter 20: err=1.28e-02(31.993s)
  Iter 21: err=1.49e-02(32.885s)
  Iter 22: err=1.64e-02(33.127s)
  Iter 23: err=1.72e-02(33.660s)
  Iter 24: err=1.51e-02(32.202s)
  Iter 25: err=1.31e-02(30.888s)
Initializing Thermal Finite Elements (P1)...
Mapping Velocity...
Assembling Thermal System...
Solving Thermal Linear System...
  -> Solved. Range: [292.68, 357.36] K
Case 298 completed successfully.
