--- Starting Case 436 ---
Generating mesh at dataset\case_436\mesh.msh...

Initializing Finite Elements...
  -> Total DOFs: 84595
Setting up Boundary Conditions...
Initializing with Stokes...
  -> Stokes initialization successful.

Starting Solver Loop (Numba Accelerated). Target Nu=1.00e-05

--- STEP 1/1: Nu = 1.00e-05 ---
  Static Assembly: 25.2849s
  Iter  1: err=1.13e+00(34.480s)
  Iter  2: err=3.95e-01(34.912s)
  Iter  3: err=2.22e-01(34.223s)
  Iter  4: err=1.91e-01(33.572s)
  Iter  5: err=1.06e-01(34.259s)
  Iter  6: err=1.15e-01(35.054s)
  Iter  7: err=1.32e-01(34.752s)
  Iter  8: err=1.11e-01(31.768s)
  Iter  9: err=7.26e-02(32.480s)
  Iter 10: err=9.42e-02(34.317s)
  Iter 11: err=1.83e-01(34.549s)
  Iter 12: err=1.87e-01(34.056s)
  Iter 13: err=8.50e-02(34.603s)
  Iter 14: err=4.68e-02(34.434s)
  Iter 15: err=3.25e-02(34.685s)
  Iter 16: err=4.07e-02(33.517s)
  Iter 17: err=2.82e-02(34.767s)
  Iter 18: err=1.88e-02(35.376s)
  Iter 19: err=1.17e-02(35.082s)
  Iter 20: err=8.89e-03(34.358s)
  Iter 21: err=7.66e-03(33.766s)
  Iter 22: err=6.64e-03(34.595s)
  Iter 23: err=5.74e-03(33.666s)
  Iter 24: err=4.86e-03(33.986s)
  Convergence reached.
Initializing Thermal Finite Elements (P1)...
Mapping Velocity...
Assembling Thermal System...
Solving Thermal Linear System...
  -> Solved. Range: [292.52, 347.32] K
Case 436 completed successfully.
