--- Starting Case 36 ---
Generating mesh at dataset\case_036\mesh.msh...

Initializing Finite Elements...
  -> Total DOFs: 85549
Setting up Boundary Conditions...
Initializing with Stokes...
  -> Stokes initialization successful.

Starting Solver Loop (Numba Accelerated). Target Nu=1.00e-05

--- STEP 1/1: Nu = 1.00e-05 ---
  Static Assembly: 12.8386s
  Iter  1: err=5.57e-01(18.667s)
  Iter  2: err=1.75e-01(18.704s)
  Iter  3: err=6.51e-02(18.829s)
  Iter  4: err=3.87e-02(18.732s)
  Iter  5: err=2.74e-02(18.715s)
  Iter  6: err=2.40e-02(18.817s)
  Iter  7: err=1.88e-02(18.692s)
  Iter  8: err=1.67e-02(18.785s)
  Iter  9: err=1.29e-02(18.705s)
  Iter 10: err=1.06e-02(19.045s)
  Iter 11: err=8.60e-03(18.559s)
  Iter 12: err=7.73e-03(18.773s)
  Iter 13: err=7.08e-03(18.365s)
  Iter 14: err=6.46e-03(18.616s)
  Iter 15: err=6.21e-03(18.608s)
  Iter 16: err=6.13e-03(19.168s)
  Iter 17: err=6.01e-03(19.020s)
  Iter 18: err=6.02e-03(18.885s)
  Iter 19: err=5.98e-03(18.719s)
  Iter 20: err=5.98e-03(18.727s)
  Iter 21: err=5.98e-03(18.709s)
  Iter 22: err=5.98e-03(18.622s)
  Iter 23: err=5.97e-03(18.882s)
  Iter 24: err=5.98e-03(18.840s)
  Iter 25: err=5.97e-03(18.888s)
Initializing Thermal Finite Elements (P1)...
Mapping Velocity...
Assembling Thermal System...
Solving Thermal Linear System...
  -> Solved. Range: [291.16, 345.14] K
Case 36 completed successfully.
