--- Starting Case 180 ---
Generating mesh at dataset\case_180\mesh.msh...

Initializing Finite Elements...
  -> Total DOFs: 83479
Setting up Boundary Conditions...
Initializing with Stokes...
  -> Stokes initialization successful.

Starting Solver Loop (Numba Accelerated). Target Nu=1.00e-05

--- STEP 1/1: Nu = 1.00e-05 ---
  Static Assembly: 22.3382s
  Iter  1: err=1.29e+00(31.524s)
  Iter  2: err=4.18e-01(31.543s)
  Iter  3: err=2.01e-01(29.692s)
  Iter  4: err=1.43e-01(32.354s)
  Iter  5: err=1.41e-01(31.956s)
  Iter  6: err=1.30e-01(31.304s)
  Iter  7: err=1.33e-01(31.031s)
  Iter  8: err=1.10e-01(30.646s)
  Iter  9: err=6.58e-02(31.542s)
  Iter 10: err=6.01e-02(32.216s)
  Iter 11: err=6.26e-02(31.789s)
  Iter 12: err=5.12e-02(31.718s)
  Iter 13: err=4.95e-02(31.941s)
  Iter 14: err=4.14e-02(32.025s)
  Iter 15: err=3.39e-02(31.909s)
  Iter 16: err=4.03e-02(31.406s)
  Iter 17: err=7.70e-01(31.843s)
  Iter 18: err=7.16e-01(32.042s)
  Iter 19: err=6.80e-01(31.658s)
  Iter 20: err=5.36e-01(30.550s)
  Iter 21: err=1.83e-01(30.768s)
  Iter 22: err=1.24e-01(30.603s)
  Iter 23: err=8.51e-02(30.597s)
  Iter 24: err=6.78e-02(30.606s)
  Iter 25: err=7.21e-02(29.855s)
Initializing Thermal Finite Elements (P1)...
Mapping Velocity...
Assembling Thermal System...
Solving Thermal Linear System...
  -> Solved. Range: [292.89, 356.72] K
Case 180 completed successfully.
