--- Starting Case 183 ---
Generating mesh at dataset\case_183\mesh.msh...

Initializing Finite Elements...
  -> Total DOFs: 84019
Setting up Boundary Conditions...
Initializing with Stokes...
  -> Stokes initialization successful.

Starting Solver Loop (Numba Accelerated). Target Nu=1.00e-05

--- STEP 1/1: Nu = 1.00e-05 ---
  Static Assembly: 11.9599s
  Iter  1: err=5.96e-01(17.252s)
  Iter  2: err=1.96e-01(16.980s)
  Iter  3: err=8.55e-02(16.826s)
  Iter  4: err=5.15e-02(17.433s)
  Iter  5: err=3.71e-02(17.104s)
  Iter  6: err=2.40e-02(17.280s)
  Iter  7: err=1.45e-02(17.278s)
  Iter  8: err=9.26e-03(17.006s)
  Iter  9: err=5.44e-03(16.956s)
  Iter 10: err=3.74e-03(17.297s)
  Convergence reached.
Initializing Thermal Finite Elements (P1)...
Mapping Velocity...
Assembling Thermal System...
Solving Thermal Linear System...
  -> Solved. Range: [292.72, 389.95] K
Case 183 completed successfully.
