--- Starting Case 101 ---
Generating mesh at dataset\case_101\mesh.msh...

Initializing Finite Elements...
  -> Total DOFs: 86071
Setting up Boundary Conditions...
Initializing with Stokes...
  -> Stokes initialization successful.

Starting Solver Loop (Numba Accelerated). Target Nu=1.00e-05

--- STEP 1/1: Nu = 1.00e-05 ---
  Static Assembly: 22.9329s
  Iter  1: err=1.06e+00(31.828s)
  Iter  2: err=3.63e-01(29.671s)
  Iter  3: err=1.69e-01(29.361s)
  Iter  4: err=1.07e-01(32.537s)
  Iter  5: err=7.22e-02(32.144s)
  Iter  6: err=4.56e-02(31.966s)
  Iter  7: err=5.20e-02(32.931s)
  Iter  8: err=5.79e-02(33.406s)
  Iter  9: err=4.37e-02(32.557s)
  Iter 10: err=2.66e-02(30.751s)
  Iter 11: err=1.89e-02(31.298s)
  Iter 12: err=1.55e-02(32.405s)
  Iter 13: err=1.48e-02(28.895s)
  Iter 14: err=1.68e-02(29.823s)
  Iter 15: err=2.02e-02(31.348s)
  Iter 16: err=2.62e-02(31.703s)
  Iter 17: err=3.93e-02(31.380s)
  Iter 18: err=8.75e-02(31.136s)
  Iter 19: err=4.85e-01(33.736s)
  Iter 20: err=3.59e-01(34.699s)
  Iter 21: err=1.66e-01(32.688s)
  Iter 22: err=9.93e-02(37.642s)
  Iter 23: err=6.15e-02(35.979s)
  Iter 24: err=4.96e-02(39.985s)
  Iter 25: err=3.47e-02(34.616s)
Initializing Thermal Finite Elements (P1)...
Mapping Velocity...
Assembling Thermal System...
Solving Thermal Linear System...
  -> Solved. Range: [292.88, 392.69] K
Case 101 completed successfully.
