--- Starting Case 154 ---
Generating mesh at dataset\case_154\mesh.msh...

Initializing Finite Elements...
  -> Total DOFs: 83515
Setting up Boundary Conditions...
Initializing with Stokes...
  -> Stokes initialization successful.

Starting Solver Loop (Numba Accelerated). Target Nu=1.00e-05

--- STEP 1/1: Nu = 1.00e-05 ---
  Static Assembly: 13.8572s
  Iter  1: err=6.29e-01(17.374s)
  Iter  2: err=2.03e-01(17.184s)
  Iter  3: err=9.27e-02(17.030s)
  Iter  4: err=6.04e-02(17.012s)
  Iter  5: err=4.15e-02(17.195s)
  Iter  6: err=2.65e-02(17.052s)
  Iter  7: err=1.78e-02(17.260s)
  Iter  8: err=1.31e-02(17.133s)
  Iter  9: err=1.03e-02(17.052s)
  Iter 10: err=8.06e-03(17.081s)
  Iter 11: err=5.98e-03(16.879s)
  Iter 12: err=4.13e-03(16.802s)
  Convergence reached.
Initializing Thermal Finite Elements (P1)...
Mapping Velocity...
Assembling Thermal System...
Solving Thermal Linear System...
  -> Solved. Range: [293.13, 382.50] K
Case 154 completed successfully.
