--- Starting Case 139 ---
Generating mesh at dataset\case_139\mesh.msh...

Initializing Finite Elements...
  -> Total DOFs: 85981
Setting up Boundary Conditions...
Initializing with Stokes...
  -> Stokes initialization successful.

Starting Solver Loop (Numba Accelerated). Target Nu=1.00e-05

--- STEP 1/1: Nu = 1.00e-05 ---
  Static Assembly: 11.2138s
  Iter  1: err=8.39e-01(16.358s)
  Iter  2: err=2.73e-01(16.978s)
  Iter  3: err=1.36e-01(16.735s)
  Iter  4: err=9.55e-02(16.311s)
  Iter  5: err=7.71e-02(18.243s)
  Iter  6: err=6.05e-02(16.683s)
  Iter  7: err=4.07e-02(16.173s)
  Iter  8: err=3.05e-02(16.796s)
  Iter  9: err=2.59e-02(16.629s)
  Iter 10: err=2.26e-02(16.364s)
  Iter 11: err=1.69e-02(16.159s)
  Iter 12: err=1.08e-02(15.869s)
  Iter 13: err=6.72e-03(18.313s)
  Iter 14: err=4.30e-03(16.607s)
  Convergence reached.
Initializing Thermal Finite Elements (P1)...
Mapping Velocity...
Assembling Thermal System...
Solving Thermal Linear System...
  -> Solved. Range: [293.00, 372.75] K
Case 139 completed successfully.
