--- Starting Case 129 ---
Generating mesh at dataset\case_129\mesh.msh...

Initializing Finite Elements...
  -> Total DOFs: 88195
Setting up Boundary Conditions...
Initializing with Stokes...
  -> Stokes initialization successful.

Starting Solver Loop (Numba Accelerated). Target Nu=1.00e-05

--- STEP 1/1: Nu = 1.00e-05 ---
  Static Assembly: 11.8656s
  Iter  1: err=7.56e-01(17.374s)
  Iter  2: err=2.39e-01(17.017s)
  Iter  3: err=1.01e-01(16.959s)
  Iter  4: err=5.90e-02(16.880s)
  Iter  5: err=3.87e-02(16.942s)
  Iter  6: err=2.59e-02(17.003s)
  Iter  7: err=1.75e-02(16.914s)
  Iter  8: err=1.18e-02(16.973s)
  Iter  9: err=7.90e-03(17.546s)
  Iter 10: err=5.25e-03(17.446s)
  Iter 11: err=3.65e-03(17.408s)
  Convergence reached.
Initializing Thermal Finite Elements (P1)...
Mapping Velocity...
Assembling Thermal System...
Solving Thermal Linear System...
  -> Solved. Range: [293.15, 428.92] K
Case 129 completed successfully.
