--- Starting Case 68 ---
Generating mesh at dataset\case_068\mesh.msh...

Initializing Finite Elements...
  -> Total DOFs: 84667
Setting up Boundary Conditions...
Initializing with Stokes...
  -> Stokes initialization successful.

Starting Solver Loop (Numba Accelerated). Target Nu=1.00e-05

--- STEP 1/1: Nu = 1.00e-05 ---
  Static Assembly: 18.7380s
  Iter  1: err=2.35e+00(25.984s)
  Iter  2: err=7.76e-01(26.287s)
  Iter  3: err=3.87e-01(26.196s)
  Iter  4: err=3.40e-01(26.238s)
  Iter  5: err=4.65e-01(26.217s)
  Iter  6: err=5.01e-01(26.691s)
  Iter  7: err=3.33e-01(29.712s)
  Iter  8: err=3.10e-01(30.595s)
  Iter  9: err=3.43e-01(29.479s)
  Iter 10: err=2.68e-01(28.624s)
  Iter 11: err=2.00e-01(29.974s)
  Iter 12: err=1.57e-01(28.911s)
  Iter 13: err=8.55e-02(28.196s)
  Iter 14: err=7.41e-02(28.606s)
  Iter 15: err=7.50e-02(27.012s)
  Iter 16: err=6.23e-02(28.121s)
  Iter 17: err=3.95e-02(28.887s)
  Iter 18: err=3.30e-02(28.105s)
  Iter 19: err=3.00e-02(29.227s)
  Iter 20: err=2.78e-02(29.382s)
  Iter 21: err=3.01e-02(28.759s)
  Iter 22: err=3.43e-02(28.910s)
  Iter 23: err=6.48e-02(28.331s)
  Iter 24: err=1.46e-01(27.669s)
  Iter 25: err=1.06e-01(26.162s)
Initializing Thermal Finite Elements (P1)...
Mapping Velocity...
Assembling Thermal System...
Solving Thermal Linear System...
  -> Solved. Range: [292.20, 320.17] K
Case 68 completed successfully.
