--- Starting Case 496 ---
Generating mesh at dataset\case_496\mesh.msh...

Initializing Finite Elements...
  -> Total DOFs: 87655
Setting up Boundary Conditions...
Initializing with Stokes...
  -> Stokes initialization successful.

Starting Solver Loop (Numba Accelerated). Target Nu=1.00e-05

--- STEP 1/1: Nu = 1.00e-05 ---
  Static Assembly: 23.3875s
  Iter  1: err=8.43e-01(33.049s)
  Iter  2: err=2.75e-01(34.741s)
  Iter  3: err=1.36e-01(35.194s)
  Iter  4: err=9.95e-02(34.697s)
  Iter  5: err=9.06e-02(32.551s)
  Iter  6: err=8.94e-02(26.650s)
  Iter  7: err=9.24e-02(24.400s)
  Iter  8: err=8.34e-02(24.184s)
  Iter  9: err=6.07e-02(23.402s)
  Iter 10: err=5.31e-02(21.348s)
  Iter 11: err=5.09e-02(19.933s)
  Iter 12: err=5.17e-02(21.491s)
  Iter 13: err=5.01e-02(18.959s)
  Iter 14: err=8.11e-02(17.673s)
  Iter 15: err=1.73e-01(17.338s)
  Iter 16: err=9.80e-02(16.817s)
  Iter 17: err=5.75e-02(16.579s)
  Iter 18: err=4.18e-02(15.860s)
  Iter 19: err=3.98e-02(15.852s)
  Iter 20: err=2.83e-02(15.659s)
  Iter 21: err=2.23e-02(15.277s)
  Iter 22: err=2.59e-02(15.198s)
  Iter 23: err=3.72e-02(15.068s)
  Iter 24: err=4.72e-01(14.300s)
  Iter 25: err=3.95e-01(14.363s)
Initializing Thermal Finite Elements (P1)...
Mapping Velocity...
Assembling Thermal System...
Solving Thermal Linear System...
  -> Solved. Range: [291.45, 341.98] K
Case 496 completed successfully.
