--- Starting Case 97 ---
Generating mesh at dataset\case_097\mesh.msh...

Initializing Finite Elements...
  -> Total DOFs: 92515
Setting up Boundary Conditions...
Initializing with Stokes...
  -> Stokes initialization successful.

Starting Solver Loop (Numba Accelerated). Target Nu=1.00e-05

--- STEP 1/1: Nu = 1.00e-05 ---
  Static Assembly: 25.4268s
  Iter  1: err=8.87e-01(35.314s)
  Iter  2: err=3.09e-01(34.688s)
  Iter  3: err=1.78e-01(35.421s)
  Iter  4: err=1.43e-01(35.951s)
  Iter  5: err=1.19e-01(36.739s)
  Iter  6: err=1.15e-01(34.274s)
  Iter  7: err=1.43e-01(33.634s)
  Iter  8: err=1.77e-01(37.709s)
  Iter  9: err=9.04e-02(37.369s)
  Iter 10: err=5.71e-02(37.189s)
  Iter 11: err=7.02e-02(38.337s)
  Iter 12: err=7.83e-02(38.548s)
  Iter 13: err=5.85e-02(35.769s)
  Iter 14: err=3.34e-02(35.965s)
  Iter 15: err=2.06e-02(36.493s)
  Iter 16: err=1.84e-02(32.593s)
  Iter 17: err=1.53e-02(35.609s)
  Iter 18: err=1.27e-02(36.558s)
  Iter 19: err=1.08e-02(35.883s)
  Iter 20: err=8.61e-03(35.574s)
  Iter 21: err=5.97e-03(39.819s)
  Iter 22: err=3.89e-03(39.012s)
  Convergence reached.
Initializing Thermal Finite Elements (P1)...
Mapping Velocity...
Assembling Thermal System...
Solving Thermal Linear System...
  -> Solved. Range: [292.49, 365.93] K
Case 97 completed successfully.
