--- Starting Case 47 ---
Generating mesh at dataset\case_047\mesh.msh...

Initializing Finite Elements...
  -> Total DOFs: 86143
Setting up Boundary Conditions...
Initializing with Stokes...
  -> Stokes initialization successful.

Starting Solver Loop (Numba Accelerated). Target Nu=1.00e-05

--- STEP 1/1: Nu = 1.00e-05 ---
  Static Assembly: 12.7416s
  Iter  1: err=6.82e-01(18.075s)
  Iter  2: err=2.13e-01(18.044s)
  Iter  3: err=8.98e-02(17.964s)
  Iter  4: err=5.98e-02(18.026s)
  Iter  5: err=4.78e-02(18.063s)
  Iter  6: err=4.32e-02(17.838s)
  Iter  7: err=4.06e-02(17.964s)
  Iter  8: err=3.38e-02(18.068s)
  Iter  9: err=2.33e-02(18.009s)
  Iter 10: err=1.68e-02(17.768s)
  Iter 11: err=1.23e-02(17.822s)
  Iter 12: err=8.43e-03(17.907s)
  Iter 13: err=6.36e-03(17.902s)
  Iter 14: err=5.07e-03(17.828s)
  Iter 15: err=3.82e-03(17.989s)
  Convergence reached.
Initializing Thermal Finite Elements (P1)...
Mapping Velocity...
Assembling Thermal System...
Solving Thermal Linear System...
  -> Solved. Range: [293.10, 370.88] K
Case 47 completed successfully.
