--- Starting Case 415 ---
Generating mesh at dataset\case_415\mesh.msh...

Initializing Finite Elements...
  -> Total DOFs: 84163
Setting up Boundary Conditions...
Initializing with Stokes...
  -> Stokes initialization successful.

Starting Solver Loop (Numba Accelerated). Target Nu=1.00e-05

--- STEP 1/1: Nu = 1.00e-05 ---
  Static Assembly: 20.4387s
  Iter  1: err=1.71e+00(28.567s)
  Iter  2: err=5.53e-01(29.552s)
  Iter  3: err=2.63e-01(29.887s)
  Iter  4: err=2.19e-01(29.963s)
  Iter  5: err=3.38e-01(30.504s)
  Iter  6: err=2.36e-01(30.387s)
  Iter  7: err=1.00e+00(30.062s)
  Iter  8: err=7.98e+01(30.612s)
  Iter  9: err=1.92e+01(30.063s)
  Iter 10: err=5.83e+00(30.392s)
  Iter 11: err=2.33e+00(27.803s)
  Iter 12: err=7.62e-01(29.285s)
  Iter 13: err=3.36e-01(28.850s)
  Iter 14: err=2.47e-01(28.135s)
  Iter 15: err=2.21e-01(29.427s)
  Iter 16: err=1.90e-01(29.338s)
  Iter 17: err=1.54e-01(30.744s)
  Iter 18: err=1.36e-01(32.284s)
  Iter 19: err=1.45e-01(31.022s)
  Iter 20: err=2.15e-01(30.269s)
  Iter 21: err=5.88e-01(30.216s)
  Iter 22: err=4.69e-01(30.752s)
  Iter 23: err=2.78e-01(31.482s)
  Iter 24: err=1.60e-01(31.010s)
  Iter 25: err=1.47e-01(31.058s)
Initializing Thermal Finite Elements (P1)...
Mapping Velocity...
Assembling Thermal System...
Solving Thermal Linear System...
  -> Solved. Range: [292.20, 354.13] K
Case 415 completed successfully.
