--- Starting Case 401 ---
Generating mesh at dataset\case_401\mesh.msh...

Initializing Finite Elements...
  -> Total DOFs: 90517
Setting up Boundary Conditions...
Initializing with Stokes...
  -> Stokes initialization successful.

Starting Solver Loop (Numba Accelerated). Target Nu=1.00e-05

--- STEP 1/1: Nu = 1.00e-05 ---
  Static Assembly: 27.7212s
  Iter  1: err=8.47e-01(39.653s)
  Iter  2: err=2.84e-01(37.823s)
  Iter  3: err=1.40e-01(37.827s)
  Iter  4: err=1.07e-01(35.839s)
  Iter  5: err=8.18e-02(35.866s)
  Iter  6: err=5.43e-02(34.166s)
  Iter  7: err=4.88e-02(34.947s)
  Iter  8: err=4.21e-02(34.495s)
  Iter  9: err=3.20e-02(34.822s)
  Iter 10: err=2.10e-02(33.633s)
  Iter 11: err=1.17e-02(36.263s)
  Iter 12: err=6.10e-03(36.846s)
  Iter 13: err=3.95e-03(35.793s)
  Convergence reached.
Initializing Thermal Finite Elements (P1)...
Mapping Velocity...
Assembling Thermal System...
Solving Thermal Linear System...
  -> Solved. Range: [293.15, 414.59] K
Case 401 completed successfully.
