--- Starting Case 450 ---
Generating mesh at dataset\case_450\mesh.msh...

Initializing Finite Elements...
  -> Total DOFs: 83335
Setting up Boundary Conditions...
Initializing with Stokes...
  -> Stokes initialization successful.

Starting Solver Loop (Numba Accelerated). Target Nu=1.00e-05

--- STEP 1/1: Nu = 1.00e-05 ---
  Static Assembly: 24.8586s
  Iter  1: err=1.37e+00(34.043s)
  Iter  2: err=4.94e-01(32.944s)
  Iter  3: err=2.93e-01(34.056s)
  Iter  4: err=2.34e-01(34.101s)
  Iter  5: err=2.24e-01(34.533s)
  Iter  6: err=2.15e-01(33.921s)
  Iter  7: err=2.47e-01(32.229s)
  Iter  8: err=2.76e-01(34.496s)
  Iter  9: err=2.51e-01(33.707s)
  Iter 10: err=2.20e-01(32.458s)
  Iter 11: err=1.93e-01(34.535s)
  Iter 12: err=3.47e-01(33.753s)
  Iter 13: err=4.87e-01(33.255s)
  Iter 14: err=2.59e-01(34.676s)
  Iter 15: err=1.95e-01(33.927s)
  Iter 16: err=1.91e-01(34.630s)
  Iter 17: err=2.64e-01(32.907s)
  Iter 18: err=2.58e-01(33.808s)
  Iter 19: err=1.89e-01(33.381s)
  Iter 20: err=1.95e-01(32.755s)
  Iter 21: err=1.35e-01(32.688s)
  Iter 22: err=1.20e-01(33.976s)
  Iter 23: err=1.28e-01(33.622s)
  Iter 24: err=1.10e-01(33.701s)
  Iter 25: err=1.01e-01(31.780s)
Initializing Thermal Finite Elements (P1)...
Mapping Velocity...
Assembling Thermal System...
Solving Thermal Linear System...
  -> Solved. Range: [292.20, 337.60] K
Case 450 completed successfully.
