--- Starting Case 73 ---
Generating mesh at dataset\case_073\mesh.msh...

Initializing Finite Elements...
  -> Total DOFs: 87421
Setting up Boundary Conditions...
Initializing with Stokes...
  -> Stokes initialization successful.

Starting Solver Loop (Numba Accelerated). Target Nu=1.00e-05

--- STEP 1/1: Nu = 1.00e-05 ---
  Static Assembly: 23.6244s
  Iter  1: err=7.10e-01(33.762s)
  Iter  2: err=2.55e-01(32.446s)
  Iter  3: err=1.53e-01(34.542s)
  Iter  4: err=1.37e-01(39.580s)
  Iter  5: err=1.21e-01(37.292s)
  Iter  6: err=1.05e-01(36.666s)
  Iter  7: err=1.52e-01(38.729s)
  Iter  8: err=1.92e-01(35.025s)
  Iter  9: err=1.02e-01(36.581s)
  Iter 10: err=7.28e-02(34.568s)
  Iter 11: err=1.08e-01(36.208s)
  Iter 12: err=1.08e-01(35.877s)
  Iter 13: err=9.59e-02(36.374s)
  Iter 14: err=8.46e-02(36.843s)
  Iter 15: err=7.67e-02(36.905s)
  Iter 16: err=7.44e-02(36.367s)
  Iter 17: err=8.50e-02(34.733s)
  Iter 18: err=8.96e-02(33.072s)
  Iter 19: err=7.18e-02(33.683s)
  Iter 20: err=5.44e-02(33.046s)
  Iter 21: err=4.11e-02(33.077s)
  Iter 22: err=3.56e-02(34.362s)
  Iter 23: err=2.65e-02(33.814s)
  Iter 24: err=2.65e-02(33.361s)
  Iter 25: err=2.21e-02(33.988s)
Initializing Thermal Finite Elements (P1)...
Mapping Velocity...
Assembling Thermal System...
Solving Thermal Linear System...
  -> Solved. Range: [292.33, 351.81] K
Case 73 completed successfully.
