--- Starting Case 223 ---
Generating mesh at dataset\case_223\mesh.msh...

Initializing Finite Elements...
  -> Total DOFs: 87511
Setting up Boundary Conditions...
Initializing with Stokes...
  -> Stokes initialization successful.

Starting Solver Loop (Numba Accelerated). Target Nu=1.00e-05

--- STEP 1/1: Nu = 1.00e-05 ---
  Static Assembly: 25.7364s
  Iter  1: err=1.24e+00(37.102s)
  Iter  2: err=4.53e-01(37.645s)
  Iter  3: err=3.51e-01(37.877s)
  Iter  4: err=3.95e-01(37.623s)
  Iter  5: err=2.37e-01(36.827s)
  Iter  6: err=2.93e-01(37.750s)
  Iter  7: err=1.62e-01(36.249s)
  Iter  8: err=1.40e-01(37.020s)
  Iter  9: err=1.68e-01(37.919s)
  Iter 10: err=1.98e-01(38.372s)
  Iter 11: err=2.39e-01(39.376s)
  Iter 12: err=1.87e-01(36.388s)
  Iter 13: err=2.21e-01(35.964s)
  Iter 14: err=1.73e-01(35.030s)
  Iter 15: err=5.13e-01(40.062s)
  Iter 16: err=6.13e-01(38.569s)
  Iter 17: err=2.27e-01(34.560s)
  Iter 18: err=1.58e-01(34.328s)
  Iter 19: err=1.25e-01(36.372s)
  Iter 20: err=8.34e-02(35.329s)
  Iter 21: err=5.68e-02(34.522s)
  Iter 22: err=3.31e-02(35.260s)
  Iter 23: err=1.96e-02(36.463s)
  Iter 24: err=1.50e-02(36.305s)
  Iter 25: err=1.21e-02(35.799s)
Initializing Thermal Finite Elements (P1)...
Mapping Velocity...
Assembling Thermal System...
Solving Thermal Linear System...
  -> Solved. Range: [291.43, 351.02] K
Case 223 completed successfully.
