--- Starting Case 399 ---
Generating mesh at dataset\case_399\mesh.msh...

Initializing Finite Elements...
  -> Total DOFs: 84271
Setting up Boundary Conditions...
Initializing with Stokes...
  -> Stokes initialization successful.

Starting Solver Loop (Numba Accelerated). Target Nu=1.00e-05

--- STEP 1/1: Nu = 1.00e-05 ---
  Static Assembly: 25.1359s
  Iter  1: err=8.34e-01(36.127s)
  Iter  2: err=2.91e-01(34.714s)
  Iter  3: err=1.65e-01(35.834s)
  Iter  4: err=1.31e-01(34.075s)
  Iter  5: err=1.13e-01(34.212s)
  Iter  6: err=1.08e-01(31.650s)
  Iter  7: err=1.17e-01(32.103s)
  Iter  8: err=8.34e-02(30.835s)
  Iter  9: err=6.59e-02(31.029s)
  Iter 10: err=5.75e-02(31.610s)
  Iter 11: err=4.77e-02(31.333s)
  Iter 12: err=3.97e-02(31.013s)
  Iter 13: err=3.35e-02(31.461s)
  Iter 14: err=3.69e-02(32.886s)
  Iter 15: err=3.49e-02(33.698s)
  Iter 16: err=3.21e-02(31.468s)
  Iter 17: err=3.12e-02(32.786s)
  Iter 18: err=2.93e-02(32.668s)
  Iter 19: err=2.30e-02(33.455s)
  Iter 20: err=2.03e-02(34.117s)
  Iter 21: err=2.12e-02(34.682s)
  Iter 22: err=2.01e-02(34.953s)
  Iter 23: err=1.88e-02(34.826s)
  Iter 24: err=1.87e-02(34.366s)
  Iter 25: err=1.99e-02(34.246s)
Initializing Thermal Finite Elements (P1)...
Mapping Velocity...
Assembling Thermal System...
Solving Thermal Linear System...
  -> Solved. Range: [291.22, 335.95] K
Case 399 completed successfully.
