--- Starting Case 236 ---
Generating mesh at dataset\case_236\mesh.msh...

Initializing Finite Elements...
  -> Total DOFs: 84181
Setting up Boundary Conditions...
Initializing with Stokes...
  -> Stokes initialization successful.

Starting Solver Loop (Numba Accelerated). Target Nu=1.00e-05

--- STEP 1/1: Nu = 1.00e-05 ---
  Static Assembly: 29.0527s
  Iter  1: err=9.44e-01(38.126s)
  Iter  2: err=3.14e-01(36.234s)
  Iter  3: err=1.37e-01(32.621s)
  Iter  4: err=7.83e-02(35.077s)
  Iter  5: err=5.32e-02(36.307s)
  Iter  6: err=4.37e-02(33.509s)
  Iter  7: err=3.73e-02(33.802s)
  Iter  8: err=3.20e-02(35.554s)
  Iter  9: err=3.12e-02(35.334s)
  Iter 10: err=4.08e-02(35.043s)
  Iter 11: err=1.02e-01(35.421s)
  Iter 12: err=9.99e-01(36.257s)
  Iter 13: err=3.27e+00(36.487s)
  Iter 14: err=9.75e-01(37.148s)
  Iter 15: err=3.53e-01(35.848s)
  Iter 16: err=2.01e-01(36.622s)
  Iter 17: err=1.44e-01(34.527s)
  Iter 18: err=1.27e-01(34.101s)
  Iter 19: err=1.01e-01(33.677s)
  Iter 20: err=9.10e-02(35.015s)
  Iter 21: err=7.13e-02(35.104s)
  Iter 22: err=4.56e-02(34.892s)
  Iter 23: err=2.81e-02(36.436s)
  Iter 24: err=2.01e-02(35.539s)
  Iter 25: err=1.87e-02(36.203s)
Initializing Thermal Finite Elements (P1)...
Mapping Velocity...
Assembling Thermal System...
Solving Thermal Linear System...
  -> Solved. Range: [292.45, 401.87] K
Case 236 completed successfully.
