--- Starting Case 300 ---
Generating mesh at dataset\case_300\mesh.msh...

Initializing Finite Elements...
  -> Total DOFs: 80203
Setting up Boundary Conditions...
Initializing with Stokes...
  -> Stokes initialization successful.

Starting Solver Loop (Numba Accelerated). Target Nu=1.00e-05

--- STEP 1/1: Nu = 1.00e-05 ---
  Static Assembly: 21.6854s
  Iter  1: err=1.82e+00(30.164s)
  Iter  2: err=5.86e-01(30.508s)
  Iter  3: err=2.96e-01(30.523s)
  Iter  4: err=2.99e-01(31.583s)
  Iter  5: err=3.32e-01(30.516s)
  Iter  6: err=1.38e-01(32.891s)
  Iter  7: err=1.05e-01(33.845s)
  Iter  8: err=7.90e-02(31.612s)
  Iter  9: err=8.87e-02(29.954s)
  Iter 10: err=1.16e-01(30.404s)
  Iter 11: err=1.38e-01(31.087s)
  Iter 12: err=1.42e-01(32.880s)
  Iter 13: err=1.29e-01(32.823s)
  Iter 14: err=1.02e-01(32.349s)
  Iter 15: err=6.17e-02(31.326s)
  Iter 16: err=7.57e-02(30.902s)
  Iter 17: err=7.01e-02(32.037s)
  Iter 18: err=5.67e-02(33.010s)
  Iter 19: err=4.09e-02(33.301s)
  Iter 20: err=2.75e-02(34.319s)
  Iter 21: err=2.37e-02(34.087s)
  Iter 22: err=2.79e-02(33.877s)
  Iter 23: err=3.21e-02(31.987s)
  Iter 24: err=3.37e-02(31.270s)
  Iter 25: err=3.24e-02(30.534s)
Initializing Thermal Finite Elements (P1)...
Mapping Velocity...
Assembling Thermal System...
Solving Thermal Linear System...
  -> Solved. Range: [292.54, 383.98] K
Case 300 completed successfully.
