--- Starting Case 405 ---
Generating mesh at dataset\case_405\mesh.msh...

Initializing Finite Elements...
  -> Total DOFs: 80023
Setting up Boundary Conditions...
Initializing with Stokes...
  -> Stokes initialization successful.

Starting Solver Loop (Numba Accelerated). Target Nu=1.00e-05

--- STEP 1/1: Nu = 1.00e-05 ---
  Static Assembly: 19.1982s
  Iter  1: err=3.28e+00(26.748s)
  Iter  2: err=1.01e+00(25.963s)
  Iter  3: err=4.62e-01(24.741s)
  Iter  4: err=4.86e-01(26.096s)
  Iter  5: err=4.10e-01(25.734s)
  Iter  6: err=4.77e-01(25.864s)
  Iter  7: err=1.79e-01(25.128s)
  Iter  8: err=1.21e-01(25.253s)
  Iter  9: err=1.02e-01(26.362s)
  Iter 10: err=8.79e-02(27.242s)
  Iter 11: err=8.90e-02(27.343s)
  Iter 12: err=8.75e-02(26.460s)
  Iter 13: err=7.56e-02(26.355s)
  Iter 14: err=4.92e-02(26.267s)
  Iter 15: err=4.22e-02(27.005s)
  Iter 16: err=4.14e-02(27.465s)
  Iter 17: err=3.64e-02(28.626s)
  Iter 18: err=3.83e-02(27.943s)
  Iter 19: err=3.56e-02(28.796s)
  Iter 20: err=3.32e-02(28.115s)
  Iter 21: err=3.24e-02(28.735s)
  Iter 22: err=3.32e-02(28.149s)
  Iter 23: err=3.20e-02(28.352s)
  Iter 24: err=3.09e-02(28.361s)
  Iter 25: err=3.09e-02(27.607s)
Initializing Thermal Finite Elements (P1)...
Mapping Velocity...
Assembling Thermal System...
Solving Thermal Linear System...
  -> Solved. Range: [292.09, 330.68] K
Case 405 completed successfully.
