--- Starting Case 145 ---
Generating mesh at dataset\case_145\mesh.msh...

Initializing Finite Elements...
  -> Total DOFs: 88681
Setting up Boundary Conditions...
Initializing with Stokes...
  -> Stokes initialization successful.

Starting Solver Loop (Numba Accelerated). Target Nu=1.00e-05

--- STEP 1/1: Nu = 1.00e-05 ---
  Static Assembly: 29.3993s
  Iter  1: err=5.93e-01(37.923s)
  Iter  2: err=1.88e-01(36.302s)
  Iter  3: err=8.05e-02(38.116s)
  Iter  4: err=5.33e-02(39.523s)
  Iter  5: err=4.05e-02(38.210s)
  Iter  6: err=3.18e-02(38.169s)
  Iter  7: err=2.49e-02(36.912s)
  Iter  8: err=1.89e-02(36.840s)
  Iter  9: err=1.38e-02(43.084s)
  Iter 10: err=9.26e-03(39.798s)
  Iter 11: err=6.06e-03(38.914s)
  Iter 12: err=4.52e-03(37.047s)
  Convergence reached.
Initializing Thermal Finite Elements (P1)...
Mapping Velocity...
Assembling Thermal System...
Solving Thermal Linear System...
  -> Solved. Range: [292.62, 385.93] K
Case 145 completed successfully.
