--- Starting Case 397 ---
Generating mesh at dataset\case_397\mesh.msh...

Initializing Finite Elements...
  -> Total DOFs: 88555
Setting up Boundary Conditions...
Initializing with Stokes...
  -> Stokes initialization successful.

Starting Solver Loop (Numba Accelerated). Target Nu=1.00e-05

--- STEP 1/1: Nu = 1.00e-05 ---
  Static Assembly: 25.8828s
  Iter  1: err=1.80e+00(35.773s)
  Iter  2: err=6.48e-01(34.898s)
  Iter  3: err=6.15e-01(36.259s)
  Iter  4: err=6.96e-01(35.524s)
  Iter  5: err=8.02e-01(34.737s)
  Iter  6: err=4.75e-01(34.272s)
  Iter  7: err=3.44e-01(33.508s)
  Iter  8: err=3.24e-01(32.210s)
  Iter  9: err=3.65e-01(32.156s)
  Iter 10: err=4.15e-01(30.385s)
  Iter 11: err=7.19e-01(31.630s)
  Iter 12: err=9.07e-01(31.692s)
  Iter 13: err=1.30e+00(31.663s)
  Iter 14: err=4.32e-01(30.519s)
  Iter 15: err=2.46e-01(32.437s)
  Iter 16: err=1.22e-01(33.400s)
  Iter 17: err=8.69e-02(33.472s)
  Iter 18: err=7.41e-02(31.577s)
  Iter 19: err=1.03e-01(32.555s)
  Iter 20: err=8.27e-02(32.973s)
  Iter 21: err=3.42e-02(33.907s)
  Iter 22: err=2.53e-02(34.310s)
  Iter 23: err=2.11e-02(35.464s)
  Iter 24: err=9.77e-03(34.449s)
  Iter 25: err=7.56e-03(34.940s)
Initializing Thermal Finite Elements (P1)...
Mapping Velocity...
Assembling Thermal System...
Solving Thermal Linear System...
  -> Solved. Range: [290.58, 362.59] K
Case 397 completed successfully.
