--- Starting Case 323 ---
Generating mesh at dataset\case_323\mesh.msh...

Initializing Finite Elements...
  -> Total DOFs: 84253
Setting up Boundary Conditions...
Initializing with Stokes...
  -> Stokes initialization successful.

Starting Solver Loop (Numba Accelerated). Target Nu=1.00e-05

--- STEP 1/1: Nu = 1.00e-05 ---
  Static Assembly: 23.1444s
  Iter  1: err=6.41e-01(32.521s)
  Iter  2: err=2.37e-01(34.327s)
  Iter  3: err=1.30e-01(34.084s)
  Iter  4: err=9.76e-02(34.323s)
  Iter  5: err=9.94e-02(33.529s)
  Iter  6: err=1.10e-01(33.120s)
  Iter  7: err=5.98e-02(35.880s)
  Iter  8: err=6.63e-02(34.268s)
  Iter  9: err=7.45e-02(34.480s)
  Iter 10: err=5.88e-02(36.632s)
  Iter 11: err=4.42e-02(35.888s)
  Iter 12: err=3.82e-02(33.372s)
  Iter 13: err=2.84e-02(33.576s)
  Iter 14: err=2.55e-02(30.742s)
  Iter 15: err=2.41e-02(31.797s)
  Iter 16: err=2.15e-02(34.355s)
  Iter 17: err=1.79e-02(35.434s)
  Iter 18: err=2.03e-02(34.881s)
  Iter 19: err=1.95e-02(36.051s)
  Iter 20: err=1.44e-02(36.211s)
  Iter 21: err=1.23e-02(35.567s)
  Iter 22: err=1.22e-02(34.678s)
  Iter 23: err=1.03e-02(35.291s)
  Iter 24: err=8.93e-03(35.486s)
  Iter 25: err=1.08e-02(35.958s)
Initializing Thermal Finite Elements (P1)...
Mapping Velocity...
Assembling Thermal System...
Solving Thermal Linear System...
  -> Solved. Range: [292.32, 386.49] K
Case 323 completed successfully.
