--- Starting Case 135 ---
Generating mesh at dataset\case_135\mesh.msh...

Initializing Finite Elements...
  -> Total DOFs: 82003
Setting up Boundary Conditions...
Initializing with Stokes...
  -> Stokes initialization successful.

Starting Solver Loop (Numba Accelerated). Target Nu=1.00e-05

--- STEP 1/1: Nu = 1.00e-05 ---
  Static Assembly: 10.9050s
  Iter  1: err=7.90e-01(15.568s)
  Iter  2: err=2.54e-01(15.865s)
  Iter  3: err=1.18e-01(15.901s)
  Iter  4: err=7.81e-02(15.823s)
  Iter  5: err=5.79e-02(15.807s)
  Iter  6: err=4.18e-02(15.561s)
  Iter  7: err=2.63e-02(15.704s)
  Iter  8: err=1.86e-02(15.901s)
  Iter  9: err=1.61e-02(15.642s)
  Iter 10: err=1.62e-02(16.026s)
  Iter 11: err=1.69e-02(15.773s)
  Iter 12: err=1.78e-02(16.183s)
  Iter 13: err=1.83e-02(18.841s)
  Iter 14: err=1.84e-02(17.029s)
  Iter 15: err=1.34e-02(15.948s)
  Iter 16: err=5.69e-03(16.007s)
  Iter 17: err=4.56e-03(15.506s)
  Convergence reached.
Initializing Thermal Finite Elements (P1)...
Mapping Velocity...
Assembling Thermal System...
Solving Thermal Linear System...
  -> Solved. Range: [293.00, 368.36] K
Case 135 completed successfully.
