--- Starting Case 479 ---
Generating mesh at dataset\case_479\mesh.msh...

Initializing Finite Elements...
  -> Total DOFs: 80239
Setting up Boundary Conditions...
Initializing with Stokes...
  -> Stokes initialization successful.

Starting Solver Loop (Numba Accelerated). Target Nu=1.00e-05

--- STEP 1/1: Nu = 1.00e-05 ---
  Static Assembly: 23.0787s
  Iter  1: err=1.15e+00(31.178s)
  Iter  2: err=4.55e-01(31.653s)
  Iter  3: err=2.94e-01(31.543s)
  Iter  4: err=2.84e-01(31.299s)
  Iter  5: err=9.99e-01(31.337s)
  Iter  6: err=8.14e+00(31.950s)
  Iter  7: err=2.57e+00(31.754s)
  Iter  8: err=7.98e-01(31.629s)
  Iter  9: err=3.27e-01(32.154s)
  Iter 10: err=2.03e-01(30.739s)
  Iter 11: err=1.46e-01(29.580s)
  Iter 12: err=1.45e-01(31.670s)
  Iter 13: err=1.27e-01(33.246s)
  Iter 14: err=1.36e-01(32.273s)
  Iter 15: err=1.20e-01(31.565s)
  Iter 16: err=9.78e-02(30.252s)
  Iter 17: err=7.31e-02(30.218s)
  Iter 18: err=8.56e-02(29.402s)
  Iter 19: err=8.29e-02(29.123s)
  Iter 20: err=5.86e-02(29.530s)
  Iter 21: err=4.65e-02(28.383s)
  Iter 22: err=4.77e-02(28.967s)
  Iter 23: err=4.43e-02(29.959s)
  Iter 24: err=4.46e-02(30.607s)
  Iter 25: err=6.19e-02(30.068s)
Initializing Thermal Finite Elements (P1)...
Mapping Velocity...
Assembling Thermal System...
Solving Thermal Linear System...
  -> Solved. Range: [291.33, 375.81] K
Case 479 completed successfully.
