--- Starting Case 195 ---
Generating mesh at dataset\case_195\mesh.msh...

Initializing Finite Elements...
  -> Total DOFs: 82489
Setting up Boundary Conditions...
Initializing with Stokes...
  -> Stokes initialization successful.

Starting Solver Loop (Numba Accelerated). Target Nu=1.00e-05

--- STEP 1/1: Nu = 1.00e-05 ---
  Static Assembly: 11.7973s
  Iter  1: err=6.29e-01(17.317s)
  Iter  2: err=1.94e-01(17.072s)
  Iter  3: err=6.54e-02(17.259s)
  Iter  4: err=3.27e-02(17.309s)
  Iter  5: err=2.39e-02(17.082s)
  Iter  6: err=1.99e-02(16.885s)
  Iter  7: err=1.80e-02(17.156s)
  Iter  8: err=1.67e-02(16.903s)
  Iter  9: err=1.59e-02(16.531s)
  Iter 10: err=1.47e-02(15.908s)
  Iter 11: err=1.25e-02(16.366s)
  Iter 12: err=9.57e-03(15.713s)
  Iter 13: err=7.52e-03(15.777s)
  Iter 14: err=6.17e-03(15.724s)
  Iter 15: err=5.00e-03(15.449s)
  Iter 16: err=3.99e-03(15.550s)
  Convergence reached.
Initializing Thermal Finite Elements (P1)...
Mapping Velocity...
Assembling Thermal System...
Solving Thermal Linear System...
  -> Solved. Range: [292.65, 330.26] K
Case 195 completed successfully.
