--- Starting Case 13 ---
Generating mesh at dataset\case_013\mesh.msh...

Initializing Finite Elements...
  -> Total DOFs: 80779
Setting up Boundary Conditions...
Initializing with Stokes...
  -> Stokes initialization successful.

Starting Solver Loop (Numba Accelerated). Target Nu=1.00e-05

--- STEP 1/1: Nu = 1.00e-05 ---
  Static Assembly: 20.1844s
  Iter  1: err=1.48e+00(30.737s)
  Iter  2: err=4.88e-01(30.112s)
  Iter  3: err=2.44e-01(30.971s)
  Iter  4: err=1.83e-01(32.062s)
  Iter  5: err=1.53e-01(31.470s)
  Iter  6: err=1.41e-01(31.899s)
  Iter  7: err=1.12e-01(29.841s)
  Iter  8: err=7.24e-02(29.921s)
  Iter  9: err=4.50e-02(28.308s)
  Iter 10: err=4.16e-02(28.835s)
  Iter 11: err=4.85e-02(29.885s)
  Iter 12: err=3.86e-02(30.630s)
  Iter 13: err=1.67e-02(30.392s)
  Iter 14: err=1.60e-02(30.596s)
  Iter 15: err=1.63e-02(30.853s)
  Iter 16: err=9.40e-03(30.546s)
  Iter 17: err=6.12e-03(29.406s)
  Iter 18: err=6.04e-03(31.063s)
  Iter 19: err=5.16e-03(29.994s)
  Iter 20: err=4.45e-03(31.603s)
  Convergence reached.
Initializing Thermal Finite Elements (P1)...
Mapping Velocity...
Assembling Thermal System...
Solving Thermal Linear System...
  -> Solved. Range: [293.10, 374.88] K
Case 13 completed successfully.
