--- Starting Case 90 ---
Generating mesh at dataset\case_090\mesh.msh...

Initializing Finite Elements...
  -> Total DOFs: 82111
Setting up Boundary Conditions...
Initializing with Stokes...
  -> Stokes initialization successful.

Starting Solver Loop (Numba Accelerated). Target Nu=1.00e-05

--- STEP 1/1: Nu = 1.00e-05 ---
  Static Assembly: 18.8244s
  Iter  1: err=2.35e+00(27.215s)
  Iter  2: err=8.23e-01(27.051s)
  Iter  3: err=6.09e-01(26.551s)
  Iter  4: err=7.89e-01(27.203s)
  Iter  5: err=8.64e-01(27.746s)
  Iter  6: err=3.87e-01(27.490s)
  Iter  7: err=4.44e-01(26.630s)
  Iter  8: err=5.09e-01(27.148s)
  Iter  9: err=7.09e-01(27.767s)
  Iter 10: err=4.87e-01(27.932s)
  Iter 11: err=2.44e-01(28.515s)
  Iter 12: err=1.53e-01(27.474s)
  Iter 13: err=1.83e-01(25.783s)
  Iter 14: err=1.25e-01(26.041s)
  Iter 15: err=1.15e-01(29.561s)
  Iter 16: err=1.20e-01(29.012s)
  Iter 17: err=1.49e-01(29.038s)
  Iter 18: err=1.29e-01(29.321s)
  Iter 19: err=1.45e-01(29.493s)
  Iter 20: err=1.97e-01(30.136s)
  Iter 21: err=2.12e-01(28.272s)
  Iter 22: err=2.75e-01(27.531s)
  Iter 23: err=2.58e-01(28.097s)
  Iter 24: err=2.52e-01(28.305s)
  Iter 25: err=2.95e-01(25.418s)
Initializing Thermal Finite Elements (P1)...
Mapping Velocity...
Assembling Thermal System...
Solving Thermal Linear System...
  -> Solved. Range: [291.04, 334.41] K
Case 90 completed successfully.
