--- Starting Case 9 ---
Generating mesh at dataset\case_009\mesh.msh...

Initializing Finite Elements...
  -> Total DOFs: 81571
Setting up Boundary Conditions...
Initializing with Stokes...
  -> Stokes initialization successful.

Starting Solver Loop (Numba Accelerated). Target Nu=1.00e-05

--- STEP 1/1: Nu = 1.00e-05 ---
  Static Assembly: 22.4564s
  Iter  1: err=7.25e-01(32.951s)
  Iter  2: err=2.22e-01(33.139s)
  Iter  3: err=8.82e-02(33.732s)
  Iter  4: err=5.39e-02(34.052s)
  Iter  5: err=3.88e-02(34.780s)
  Iter  6: err=3.04e-02(31.749s)
  Iter  7: err=2.40e-02(32.174s)
  Iter  8: err=1.81e-02(31.953s)
  Iter  9: err=1.34e-02(30.116s)
  Iter 10: err=1.10e-02(32.282s)
  Iter 11: err=9.85e-03(32.844s)
  Iter 12: err=8.71e-03(32.856s)
  Iter 13: err=7.20e-03(32.915s)
  Iter 14: err=5.49e-03(33.376s)
  Iter 15: err=3.85e-03(32.722s)
  Convergence reached.
Initializing Thermal Finite Elements (P1)...
Mapping Velocity...
Assembling Thermal System...
Solving Thermal Linear System...
  -> Solved. Range: [293.05, 366.28] K
Case 9 completed successfully.
