--- Starting Case 147 ---
Generating mesh at dataset\case_147\mesh.msh...

Initializing Finite Elements...
  -> Total DOFs: 87511
Setting up Boundary Conditions...
Initializing with Stokes...
  -> Stokes initialization successful.

Starting Solver Loop (Numba Accelerated). Target Nu=1.00e-05

--- STEP 1/1: Nu = 1.00e-05 ---
  Static Assembly: 22.9120s
  Iter  1: err=1.16e+00(32.010s)
  Iter  2: err=3.70e-01(33.148s)
  Iter  3: err=1.61e-01(32.954s)
  Iter  4: err=1.03e-01(32.938s)
  Iter  5: err=7.71e-02(33.205s)
  Iter  6: err=5.95e-02(33.458s)
  Iter  7: err=5.76e-02(30.889s)
  Iter  8: err=6.17e-02(32.876s)
  Iter  9: err=6.03e-02(37.963s)
  Iter 10: err=4.77e-02(35.514s)
  Iter 11: err=2.93e-02(33.721s)
  Iter 12: err=1.43e-02(33.112s)
  Iter 13: err=7.13e-03(31.784s)
  Iter 14: err=4.47e-03(31.646s)
  Convergence reached.
Initializing Thermal Finite Elements (P1)...
Mapping Velocity...
Assembling Thermal System...
Solving Thermal Linear System...
  -> Solved. Range: [293.15, 398.79] K
Case 147 completed successfully.
