--- Starting Case 315 ---
Generating mesh at dataset\case_315\mesh.msh...

Initializing Finite Elements...
  -> Total DOFs: 84703
Setting up Boundary Conditions...
Initializing with Stokes...
  -> Stokes initialization successful.

Starting Solver Loop (Numba Accelerated). Target Nu=1.00e-05

--- STEP 1/1: Nu = 1.00e-05 ---
  Static Assembly: 23.0726s
  Iter  1: err=1.65e+00(31.651s)
  Iter  2: err=5.27e-01(30.475s)
  Iter  3: err=2.51e-01(29.745s)
  Iter  4: err=1.90e-01(28.261s)
  Iter  5: err=1.75e-01(27.960s)
  Iter  6: err=1.47e-01(28.026s)
  Iter  7: err=1.20e-01(29.105s)
  Iter  8: err=9.61e-02(28.993s)
  Iter  9: err=7.34e-02(29.124s)
  Iter 10: err=5.53e-02(28.864s)
  Iter 11: err=4.12e-02(27.839s)
  Iter 12: err=3.22e-02(29.909s)
  Iter 13: err=2.67e-02(29.761s)
  Iter 14: err=2.45e-02(29.469s)
  Iter 15: err=2.37e-02(29.329s)
  Iter 16: err=2.37e-02(30.098s)
  Iter 17: err=2.13e-02(32.024s)
  Iter 18: err=1.83e-02(28.617s)
  Iter 19: err=1.77e-02(28.462s)
  Iter 20: err=2.12e-02(28.088s)
  Iter 21: err=2.70e-02(26.477s)
  Iter 22: err=3.70e-02(27.379s)
  Iter 23: err=6.09e-02(29.005s)
  Iter 24: err=1.30e-01(30.693s)
  Iter 25: err=7.39e-02(29.785s)
Initializing Thermal Finite Elements (P1)...
Mapping Velocity...
Assembling Thermal System...
Solving Thermal Linear System...
  -> Solved. Range: [292.30, 343.80] K
Case 315 completed successfully.
