--- Starting Case 30 ---
Generating mesh at dataset\case_030\mesh.msh...

Initializing Finite Elements...
  -> Total DOFs: 90319
Setting up Boundary Conditions...
Initializing with Stokes...
  -> Stokes initialization successful.

Starting Solver Loop (Numba Accelerated). Target Nu=1.00e-05

--- STEP 1/1: Nu = 1.00e-05 ---
  Static Assembly: 24.6823s
  Iter  1: err=9.23e-01(37.276s)
  Iter  2: err=3.47e-01(36.746s)
  Iter  3: err=1.98e-01(33.503s)
  Iter  4: err=4.20e-01(33.012s)
  Iter  5: err=4.41e-01(32.632s)
  Iter  6: err=2.23e-01(33.698s)
  Iter  7: err=2.19e-01(33.240s)
  Iter  8: err=1.48e-01(33.720s)
  Iter  9: err=1.08e-01(33.368s)
  Iter 10: err=8.22e-02(33.045s)
  Iter 11: err=6.67e-02(32.997s)
  Iter 12: err=4.61e-02(33.324s)
  Iter 13: err=3.43e-02(33.715s)
  Iter 14: err=3.36e-02(33.104s)
  Iter 15: err=2.13e-02(33.238s)
  Iter 16: err=1.58e-02(34.016s)
  Iter 17: err=1.29e-02(34.361s)
  Iter 18: err=1.07e-02(34.082s)
  Iter 19: err=9.00e-03(34.228s)
  Iter 20: err=8.97e-03(33.478s)
  Iter 21: err=8.06e-03(32.811s)
  Iter 22: err=6.16e-03(32.203s)
  Iter 23: err=5.09e-03(32.363s)
  Iter 24: err=4.56e-03(32.154s)
  Convergence reached.
Initializing Thermal Finite Elements (P1)...
Mapping Velocity...
Assembling Thermal System...
Solving Thermal Linear System...
  -> Solved. Range: [292.06, 367.46] K
Case 30 completed successfully.
