--- Starting Case 52 ---
Generating mesh at dataset\case_052\mesh.msh...

Initializing Finite Elements...
  -> Total DOFs: 84127
Setting up Boundary Conditions...
Initializing with Stokes...
  -> Stokes initialization successful.

Starting Solver Loop (Numba Accelerated). Target Nu=1.00e-05

--- STEP 1/1: Nu = 1.00e-05 ---
  Static Assembly: 20.3866s
  Iter  1: err=1.50e+00(28.544s)
  Iter  2: err=5.35e-01(28.268s)
  Iter  3: err=2.96e-01(27.929s)
  Iter  4: err=2.44e-01(28.079s)
  Iter  5: err=2.30e-01(27.693s)
  Iter  6: err=1.95e-01(27.302s)
  Iter  7: err=1.56e-01(27.029s)
  Iter  8: err=1.31e-01(26.546s)
  Iter  9: err=1.24e-01(27.018s)
  Iter 10: err=1.18e-01(26.660s)
  Iter 11: err=7.99e-02(26.905s)
  Iter 12: err=7.42e-02(28.810s)
  Iter 13: err=6.42e-02(30.278s)
  Iter 14: err=6.15e-02(29.441s)
  Iter 15: err=5.31e-02(27.843s)
  Iter 16: err=4.87e-02(27.236s)
  Iter 17: err=3.10e-02(27.285s)
  Iter 18: err=2.70e-02(27.646s)
  Iter 19: err=3.94e-02(27.595s)
  Iter 20: err=1.29e-01(27.481s)
  Iter 21: err=1.06e-01(28.003s)
  Iter 22: err=7.47e-02(27.603s)
  Iter 23: err=4.77e-02(28.303s)
  Iter 24: err=3.50e-02(32.011s)
  Iter 25: err=2.79e-02(32.015s)
Initializing Thermal Finite Elements (P1)...
Mapping Velocity...
Assembling Thermal System...
Solving Thermal Linear System...
  -> Solved. Range: [292.39, 332.74] K
Case 52 completed successfully.
