--- Starting Case 107 ---
Generating mesh at dataset\case_107\mesh.msh...

Initializing Finite Elements...
  -> Total DOFs: 83839
Setting up Boundary Conditions...
Initializing with Stokes...
  -> Stokes initialization successful.

Starting Solver Loop (Numba Accelerated). Target Nu=1.00e-05

--- STEP 1/1: Nu = 1.00e-05 ---
  Static Assembly: 14.9727s
  Iter  1: err=5.77e-01(19.454s)
  Iter  2: err=1.80e-01(19.615s)
  Iter  3: err=5.83e-02(20.012s)
  Iter  4: err=2.18e-02(19.619s)
  Iter  5: err=1.10e-02(19.690s)
  Iter  6: err=7.60e-03(19.897s)
  Iter  7: err=5.77e-03(19.737s)
  Iter  8: err=5.57e-03(20.061s)
  Iter  9: err=5.08e-03(19.582s)
  Iter 10: err=5.18e-03(19.799s)
  Iter 11: err=5.05e-03(19.369s)
  Iter 12: err=5.10e-03(19.461s)
  Iter 13: err=5.06e-03(19.632s)
  Iter 14: err=5.08e-03(19.630s)
  Iter 15: err=5.07e-03(18.240s)
  Iter 16: err=5.07e-03(18.177s)
  Iter 17: err=5.07e-03(17.765s)
  Iter 18: err=5.07e-03(17.794s)
  Iter 19: err=5.07e-03(17.564s)
  Iter 20: err=5.07e-03(17.479s)
  Iter 21: err=5.07e-03(18.517s)
  Iter 22: err=5.07e-03(17.663s)
  Iter 23: err=5.07e-03(18.214s)
  Iter 24: err=5.07e-03(17.738s)
  Iter 25: err=5.07e-03(18.673s)
Initializing Thermal Finite Elements (P1)...
Mapping Velocity...
Assembling Thermal System...
Solving Thermal Linear System...
  -> Solved. Range: [292.31, 372.38] K
Case 107 completed successfully.
