--- Starting Case 121 ---
Generating mesh at dataset\case_121\mesh.msh...

Initializing Finite Elements...
  -> Total DOFs: 89923
Setting up Boundary Conditions...
Initializing with Stokes...
  -> Stokes initialization successful.

Starting Solver Loop (Numba Accelerated). Target Nu=1.00e-05

--- STEP 1/1: Nu = 1.00e-05 ---
  Static Assembly: 30.2175s
  Iter  1: err=7.84e-01(40.326s)
  Iter  2: err=2.68e-01(41.011s)
  Iter  3: err=1.38e-01(43.097s)
  Iter  4: err=9.63e-02(44.220s)
  Iter  5: err=7.37e-02(42.181s)
  Iter  6: err=6.10e-02(40.848s)
  Iter  7: err=5.97e-02(40.003s)
  Iter  8: err=5.14e-02(38.548s)
  Iter  9: err=4.21e-02(38.662s)
  Iter 10: err=3.99e-02(38.080s)
  Iter 11: err=3.94e-02(37.859s)
  Iter 12: err=4.61e-02(37.995s)
  Iter 13: err=5.97e-02(38.288s)
  Iter 14: err=1.06e-01(37.566s)
  Iter 15: err=2.24e-01(35.318s)
  Iter 16: err=4.04e-01(34.953s)
  Iter 17: err=1.37e-01(38.282s)
  Iter 18: err=1.00e-01(42.599s)
  Iter 19: err=7.72e-02(39.860s)
  Iter 20: err=7.55e-02(39.184s)
  Iter 21: err=6.51e-02(36.313s)
  Iter 22: err=7.43e-01(35.125s)
  Iter 23: err=7.11e-01(36.432s)
  Iter 24: err=2.71e-01(37.301s)
  Iter 25: err=1.48e-01(36.528s)
Initializing Thermal Finite Elements (P1)...
Mapping Velocity...
Assembling Thermal System...
Solving Thermal Linear System...
  -> Solved. Range: [292.85, 347.39] K
Case 121 completed successfully.
