--- Starting Case 247 ---
Generating mesh at dataset\case_247\mesh.msh...

Initializing Finite Elements...
  -> Total DOFs: 80311
Setting up Boundary Conditions...
Initializing with Stokes...
  -> Stokes initialization successful.

Starting Solver Loop (Numba Accelerated). Target Nu=1.00e-05

--- STEP 1/1: Nu = 1.00e-05 ---
  Static Assembly: 23.4986s
  Iter  1: err=2.35e+00(32.176s)
  Iter  2: err=7.56e-01(32.447s)
  Iter  3: err=3.39e-01(33.189s)
  Iter  4: err=5.56e-01(33.667s)
  Iter  5: err=6.18e-01(32.746s)
  Iter  6: err=2.99e-01(34.055s)
  Iter  7: err=3.77e-01(32.196s)
  Iter  8: err=3.49e-01(31.253s)
  Iter  9: err=2.85e-01(30.001s)
  Iter 10: err=1.80e-01(31.133s)
  Iter 11: err=1.65e-01(31.572s)
  Iter 12: err=2.17e-01(31.922s)
  Iter 13: err=5.74e-01(31.780s)
  Iter 14: err=8.88e-01(32.323s)
  Iter 15: err=3.35e-01(32.445s)
  Iter 16: err=6.73e-01(32.834s)
  Iter 17: err=9.59e-01(30.611s)
  Iter 18: err=4.35e-01(32.724s)
  Iter 19: err=3.93e-01(32.128s)
  Iter 20: err=2.51e-01(29.560s)
  Iter 21: err=1.19e-01(30.406s)
  Iter 22: err=1.05e-01(30.422s)
  Iter 23: err=1.03e-01(29.909s)
  Iter 24: err=7.46e-02(27.784s)
  Iter 25: err=6.95e-02(27.510s)
Initializing Thermal Finite Elements (P1)...
Mapping Velocity...
Assembling Thermal System...
Solving Thermal Linear System...
  -> Solved. Range: [292.17, 370.51] K
Case 247 completed successfully.
