--- Starting Case 224 ---
Generating mesh at dataset\case_224\mesh.msh...

Initializing Finite Elements...
  -> Total DOFs: 83443
Setting up Boundary Conditions...
Initializing with Stokes...
  -> Stokes initialization successful.

Starting Solver Loop (Numba Accelerated). Target Nu=1.00e-05

--- STEP 1/1: Nu = 1.00e-05 ---
  Static Assembly: 24.8729s
  Iter  1: err=1.37e+00(34.322s)
  Iter  2: err=4.33e-01(34.305s)
  Iter  3: err=1.94e-01(34.212s)
  Iter  4: err=1.29e-01(34.003s)
  Iter  5: err=1.44e-01(33.611s)
  Iter  6: err=1.78e-01(33.851s)
  Iter  7: err=1.58e-01(33.495s)
  Iter  8: err=1.03e-01(32.841s)
  Iter  9: err=1.47e-01(33.501s)
  Iter 10: err=3.93e-01(33.292s)
  Iter 11: err=2.15e-01(34.088s)
  Iter 12: err=1.26e-01(35.165s)
  Iter 13: err=8.78e-02(34.464s)
  Iter 14: err=5.85e-02(32.073s)
  Iter 15: err=2.99e-02(34.658s)
  Iter 16: err=2.26e-02(34.645s)
  Iter 17: err=3.21e-02(32.295s)
  Iter 18: err=5.10e-02(33.137s)
  Iter 19: err=2.78e-01(30.293s)
  Iter 20: err=2.81e-01(32.239s)
  Iter 21: err=1.80e-01(32.834s)
  Iter 22: err=1.17e-01(31.717s)
  Iter 23: err=1.18e-01(31.351s)
  Iter 24: err=1.26e-01(31.799s)
  Iter 25: err=1.05e-01(33.419s)
Initializing Thermal Finite Elements (P1)...
Mapping Velocity...
Assembling Thermal System...
Solving Thermal Linear System...
  -> Solved. Range: [293.00, 368.89] K
Case 224 completed successfully.
