--- Starting Case 403 ---
Generating mesh at dataset\case_403\mesh.msh...

Initializing Finite Elements...
  -> Total DOFs: 79339
Setting up Boundary Conditions...
Initializing with Stokes...
  -> Stokes initialization successful.

Starting Solver Loop (Numba Accelerated). Target Nu=1.00e-05

--- STEP 1/1: Nu = 1.00e-05 ---
  Static Assembly: 21.6265s
  Iter  1: err=2.01e+00(29.313s)
  Iter  2: err=6.68e-01(28.719s)
  Iter  3: err=4.01e-01(27.455s)
  Iter  4: err=9.22e-01(27.587s)
  Iter  5: err=9.48e-01(27.596s)
  Iter  6: err=5.58e-01(26.095s)
  Iter  7: err=3.49e-01(27.087s)
  Iter  8: err=2.21e-01(26.993s)
  Iter  9: err=1.54e-01(26.874s)
  Iter 10: err=1.68e-01(26.510s)
  Iter 11: err=1.98e-01(26.452s)
  Iter 12: err=2.25e-01(27.939s)
  Iter 13: err=2.12e-01(28.806s)
  Iter 14: err=1.84e-01(28.782s)
  Iter 15: err=2.53e-01(27.019s)
  Iter 16: err=2.66e-01(27.916s)
  Iter 17: err=1.68e-01(27.671s)
  Iter 18: err=1.02e-01(28.214s)
  Iter 19: err=1.16e-01(29.484s)
  Iter 20: err=1.66e-01(29.339s)
  Iter 21: err=4.19e-01(29.684s)
  Iter 22: err=3.60e-01(29.955s)
  Iter 23: err=3.83e-01(29.676s)
  Iter 24: err=2.39e-01(29.461s)
  Iter 25: err=1.28e-01(30.169s)
Initializing Thermal Finite Elements (P1)...
Mapping Velocity...
Assembling Thermal System...
Solving Thermal Linear System...
  -> Solved. Range: [292.04, 353.45] K
Case 403 completed successfully.
