--- Starting Case 137 ---
Generating mesh at dataset\case_137\mesh.msh...

Initializing Finite Elements...
  -> Total DOFs: 85603
Setting up Boundary Conditions...
Initializing with Stokes...
  -> Stokes initialization successful.

Starting Solver Loop (Numba Accelerated). Target Nu=1.00e-05

--- STEP 1/1: Nu = 1.00e-05 ---
  Static Assembly: 12.2949s
  Iter  1: err=4.93e-01(18.239s)
  Iter  2: err=1.56e-01(17.792s)
  Iter  3: err=5.86e-02(18.063s)
  Iter  4: err=3.09e-02(18.117s)
  Iter  5: err=2.00e-02(18.182s)
  Iter  6: err=1.32e-02(17.782s)
  Iter  7: err=8.50e-03(18.355s)
  Iter  8: err=5.23e-03(18.818s)
  Iter  9: err=3.21e-03(18.216s)
  Convergence reached.
Initializing Thermal Finite Elements (P1)...
Mapping Velocity...
Assembling Thermal System...
Solving Thermal Linear System...
  -> Solved. Range: [292.17, 416.45] K
Case 137 completed successfully.
