--- Starting Case 7 ---
Generating mesh at dataset\case_007\mesh.msh...

Initializing Finite Elements...
  -> Total DOFs: 86701
Setting up Boundary Conditions...
Initializing with Stokes...
  -> Stokes initialization successful.

Starting Solver Loop (Numba Accelerated). Target Nu=1.00e-05

--- STEP 1/1: Nu = 1.00e-05 ---
  Static Assembly: 12.2942s
  Iter  1: err=7.41e-01(17.881s)
  Iter  2: err=2.55e-01(17.764s)
  Iter  3: err=1.38e-01(18.079s)
  Iter  4: err=1.10e-01(18.030s)
  Iter  5: err=9.27e-02(17.788s)
  Iter  6: err=7.53e-02(18.758s)
  Iter  7: err=7.09e-02(17.604s)
  Iter  8: err=6.41e-02(17.740s)
  Iter  9: err=4.43e-02(17.637s)
  Iter 10: err=3.36e-02(17.616s)
  Iter 11: err=2.96e-02(17.747s)
  Iter 12: err=2.70e-02(17.656s)
  Iter 13: err=2.56e-02(17.684s)
  Iter 14: err=2.43e-02(17.622s)
  Iter 15: err=2.44e-02(17.633s)
  Iter 16: err=2.54e-02(17.767s)
  Iter 17: err=2.88e-02(17.727s)
  Iter 18: err=3.98e-02(17.777s)
  Iter 19: err=6.62e-02(17.957s)
  Iter 20: err=6.96e-02(18.260s)
  Iter 21: err=9.14e-02(19.018s)
  Iter 22: err=1.24e-01(18.643s)
  Iter 23: err=1.71e-01(18.152s)
  Iter 24: err=1.13e-01(17.953s)
  Iter 25: err=1.19e-01(17.790s)
Initializing Thermal Finite Elements (P1)...
Mapping Velocity...
Assembling Thermal System...
Solving Thermal Linear System...
  -> Solved. Range: [292.16, 351.98] K
Case 7 completed successfully.
