--- Starting Case 152 ---
Generating mesh at dataset\case_152\mesh.msh...

Initializing Finite Elements...
  -> Total DOFs: 94207
Setting up Boundary Conditions...
Initializing with Stokes...
  -> Stokes initialization successful.

Starting Solver Loop (Numba Accelerated). Target Nu=1.00e-05

--- STEP 1/1: Nu = 1.00e-05 ---
  Static Assembly: 27.0790s
  Iter  1: err=8.19e-01(36.659s)
  Iter  2: err=3.02e-01(41.646s)
  Iter  3: err=1.84e-01(42.955s)
  Iter  4: err=1.61e-01(39.432s)
  Iter  5: err=1.82e-01(38.321s)
  Iter  6: err=1.53e-01(37.956s)
  Iter  7: err=9.66e-02(34.698s)
  Iter  8: err=7.64e-02(35.279s)
  Iter  9: err=7.34e-02(36.896s)
  Iter 10: err=7.53e-02(39.496s)
  Iter 11: err=6.30e-02(38.061s)
  Iter 12: err=4.77e-02(38.424s)
  Iter 13: err=6.49e-02(40.557s)
  Iter 14: err=6.30e-02(38.520s)
  Iter 15: err=5.29e-02(40.642s)
  Iter 16: err=4.21e-02(43.216s)
  Iter 17: err=3.28e-02(44.380s)
  Iter 18: err=2.04e-02(44.571s)
  Iter 19: err=1.75e-02(43.981s)
  Iter 20: err=1.93e-02(45.483s)
  Iter 21: err=1.97e-02(42.820s)
  Iter 22: err=2.45e-02(45.097s)
  Iter 23: err=3.09e-02(39.303s)
  Iter 24: err=3.24e-02(39.927s)
  Iter 25: err=2.94e-02(39.576s)
Initializing Thermal Finite Elements (P1)...
Mapping Velocity...
Assembling Thermal System...
Solving Thermal Linear System...
  -> Solved. Range: [292.02, 348.93] K
Case 152 completed successfully.
