--- Starting Case 271 ---
Generating mesh at dataset\case_271\mesh.msh...

Initializing Finite Elements...
  -> Total DOFs: 88591
Setting up Boundary Conditions...
Initializing with Stokes...
  -> Stokes initialization successful.

Starting Solver Loop (Numba Accelerated). Target Nu=1.00e-05

--- STEP 1/1: Nu = 1.00e-05 ---
  Static Assembly: 22.3950s
  Iter  1: err=1.13e+00(36.113s)
  Iter  2: err=3.59e-01(36.874s)
  Iter  3: err=1.54e-01(37.298s)
  Iter  4: err=9.63e-02(37.135s)
  Iter  5: err=8.71e-02(36.645s)
  Iter  6: err=7.51e-02(35.049s)
  Iter  7: err=4.70e-02(34.492s)
  Iter  8: err=3.74e-02(34.621s)
  Iter  9: err=2.74e-02(35.942s)
  Iter 10: err=2.08e-02(36.417s)
  Iter 11: err=2.69e-02(35.707s)
  Iter 12: err=4.82e-02(36.443s)
  Iter 13: err=3.74e-01(35.804s)
  Iter 14: err=5.14e-01(35.633s)
  Iter 15: err=1.76e-01(35.807s)
  Iter 16: err=1.14e-01(34.901s)
  Iter 17: err=7.02e-02(36.403s)
  Iter 18: err=4.80e-02(35.665s)
  Iter 19: err=3.40e-02(34.695s)
  Iter 20: err=3.34e-02(33.828s)
  Iter 21: err=3.56e-02(32.822s)
  Iter 22: err=4.54e-02(33.257s)
  Iter 23: err=8.14e-02(33.231s)
  Iter 24: err=1.67e-01(32.815s)
  Iter 25: err=1.65e-01(33.580s)
Initializing Thermal Finite Elements (P1)...
Mapping Velocity...
Assembling Thermal System...
Solving Thermal Linear System...
  -> Solved. Range: [293.02, 393.11] K
Case 271 completed successfully.
