--- Starting Case 45 ---
Generating mesh at dataset\case_045\mesh.msh...

Initializing Finite Elements...
  -> Total DOFs: 89077
Setting up Boundary Conditions...
Initializing with Stokes...
  -> Stokes initialization successful.

Starting Solver Loop (Numba Accelerated). Target Nu=1.00e-05

--- STEP 1/1: Nu = 1.00e-05 ---
  Static Assembly: 13.7833s
  Iter  1: err=4.67e-01(19.727s)
  Iter  2: err=1.48e-01(19.926s)
  Iter  3: err=5.41e-02(19.587s)
  Iter  4: err=2.45e-02(19.527s)
  Iter  5: err=1.26e-02(19.593s)
  Iter  6: err=6.75e-03(19.331s)
  Iter  7: err=3.60e-03(19.639s)
  Convergence reached.
Initializing Thermal Finite Elements (P1)...
Mapping Velocity...
Assembling Thermal System...
Solving Thermal Linear System...
  -> Solved. Range: [293.15, 440.52] K
Case 45 completed successfully.
