--- Starting Case 432 ---
Generating mesh at dataset\case_432\mesh.msh...

Initializing Finite Elements...
  -> Total DOFs: 91507
Setting up Boundary Conditions...
Initializing with Stokes...
  -> Stokes initialization successful.

Starting Solver Loop (Numba Accelerated). Target Nu=1.00e-05

--- STEP 1/1: Nu = 1.00e-05 ---
  Static Assembly: 28.5939s
  Iter  1: err=9.38e-01(39.965s)
  Iter  2: err=3.32e-01(38.210s)
  Iter  3: err=1.95e-01(38.955s)
  Iter  4: err=1.59e-01(40.232s)
  Iter  5: err=1.42e-01(40.119s)
  Iter  6: err=1.50e-01(40.279s)
  Iter  7: err=1.68e-01(39.129s)
  Iter  8: err=1.54e-01(39.432s)
  Iter  9: err=9.80e-02(40.296s)
  Iter 10: err=8.66e-02(40.273s)
  Iter 11: err=1.14e-01(37.958s)
  Iter 12: err=1.05e-01(37.065s)
  Iter 13: err=5.94e-02(39.232s)
  Iter 14: err=3.80e-02(40.093s)
  Iter 15: err=3.43e-02(37.780s)
  Iter 16: err=2.27e-02(39.821s)
  Iter 17: err=2.05e-02(40.317s)
  Iter 18: err=2.48e-02(39.012s)
  Iter 19: err=2.96e-02(40.068s)
  Iter 20: err=3.53e-02(40.639s)
  Iter 21: err=4.09e-02(39.928s)
  Iter 22: err=4.24e-02(38.656s)
  Iter 23: err=3.49e-02(40.842s)
  Iter 24: err=2.36e-02(39.180s)
  Iter 25: err=2.19e-02(38.320s)
Initializing Thermal Finite Elements (P1)...
Mapping Velocity...
Assembling Thermal System...
Solving Thermal Linear System...
  -> Solved. Range: [292.54, 336.29] K
Case 432 completed successfully.
