--- Starting Case 71 ---
Generating mesh at dataset\case_071\mesh.msh...

Initializing Finite Elements...
  -> Total DOFs: 84235
Setting up Boundary Conditions...
Initializing with Stokes...
  -> Stokes initialization successful.

Starting Solver Loop (Numba Accelerated). Target Nu=1.00e-05

--- STEP 1/1: Nu = 1.00e-05 ---
  Static Assembly: 20.4134s
  Iter  1: err=1.10e+00(28.615s)
  Iter  2: err=4.02e-01(29.007s)
  Iter  3: err=2.41e-01(28.629s)
  Iter  4: err=1.68e-01(28.738s)
  Iter  5: err=1.46e-01(30.167s)
  Iter  6: err=1.25e-01(33.880s)
  Iter  7: err=1.14e-01(32.504s)
  Iter  8: err=1.21e-01(32.201s)
  Iter  9: err=1.16e-01(32.740s)
  Iter 10: err=1.06e-01(32.370s)
  Iter 11: err=1.60e-01(30.789s)
  Iter 12: err=1.54e-01(31.156s)
  Iter 13: err=1.30e-01(29.972s)
  Iter 14: err=1.09e-01(31.236s)
  Iter 15: err=8.94e-02(31.177s)
  Iter 16: err=8.62e-02(31.671s)
  Iter 17: err=4.90e-02(31.462s)
  Iter 18: err=4.11e-02(32.128s)
  Iter 19: err=3.24e-02(32.618s)
  Iter 20: err=6.72e-02(31.339s)
  Iter 21: err=4.57e-02(30.182s)
  Iter 22: err=3.26e-02(28.727s)
  Iter 23: err=1.75e-02(28.928s)
  Iter 24: err=1.96e-02(28.361s)
  Iter 25: err=1.59e-02(29.067s)
Initializing Thermal Finite Elements (P1)...
Mapping Velocity...
Assembling Thermal System...
Solving Thermal Linear System...
  -> Solved. Range: [292.28, 353.36] K
Case 71 completed successfully.
