--- Starting Case 112 ---
Generating mesh at dataset\case_112\mesh.msh...

Initializing Finite Elements...
  -> Total DOFs: 84487
Setting up Boundary Conditions...
Initializing with Stokes...
  -> Stokes initialization successful.

Starting Solver Loop (Numba Accelerated). Target Nu=1.00e-05

--- STEP 1/1: Nu = 1.00e-05 ---
  Static Assembly: 23.6563s
  Iter  1: err=7.03e-01(33.345s)
  Iter  2: err=2.37e-01(33.813s)
  Iter  3: err=1.21e-01(33.727s)
  Iter  4: err=8.56e-02(34.321s)
  Iter  5: err=6.42e-02(38.773s)
  Iter  6: err=4.89e-02(34.490s)
  Iter  7: err=3.68e-02(38.713s)
  Iter  8: err=2.56e-02(39.731s)
  Iter  9: err=2.11e-02(43.312s)
  Iter 10: err=1.99e-02(39.870s)
  Iter 11: err=1.95e-02(39.671s)
  Iter 12: err=1.89e-02(41.051s)
  Iter 13: err=1.82e-02(39.722s)
  Iter 14: err=1.74e-02(38.757s)
  Iter 15: err=1.71e-02(37.422s)
  Iter 16: err=1.91e-02(36.947s)
  Iter 17: err=2.86e-02(36.019s)
  Iter 18: err=2.75e-01(36.641s)
  Iter 19: err=3.05e-01(36.281s)
  Iter 20: err=7.05e-02(36.307s)
  Iter 21: err=7.30e-02(36.321s)
  Iter 22: err=6.53e-02(34.143s)
  Iter 23: err=3.90e-02(33.250s)
  Iter 24: err=1.57e-02(35.189s)
  Iter 25: err=1.20e-02(39.442s)
Initializing Thermal Finite Elements (P1)...
Mapping Velocity...
Assembling Thermal System...
Solving Thermal Linear System...
  -> Solved. Range: [292.72, 381.17] K
Case 112 completed successfully.
