--- Starting Case 205 ---
Generating mesh at dataset\case_205\mesh.msh...

Initializing Finite Elements...
  -> Total DOFs: 84739
Setting up Boundary Conditions...
Initializing with Stokes...
  -> Stokes initialization successful.

Starting Solver Loop (Numba Accelerated). Target Nu=1.00e-05

--- STEP 1/1: Nu = 1.00e-05 ---
  Static Assembly: 22.3459s
  Iter  1: err=1.45e+00(31.692s)
  Iter  2: err=4.81e-01(33.086s)
  Iter  3: err=2.50e-01(33.418s)
  Iter  4: err=1.84e-01(32.996s)
  Iter  5: err=1.81e-01(33.740s)
  Iter  6: err=1.99e-01(33.584s)
  Iter  7: err=1.72e-01(33.906s)
  Iter  8: err=1.64e-01(32.806s)
  Iter  9: err=7.68e-02(30.890s)
  Iter 10: err=5.55e-02(33.348s)
  Iter 11: err=3.77e-02(33.782s)
  Iter 12: err=3.35e-02(32.992s)
  Iter 13: err=4.95e-02(32.989s)
  Iter 14: err=4.14e-02(34.282s)
  Iter 15: err=3.20e-02(34.760s)
  Iter 16: err=2.53e-02(33.051s)
  Iter 17: err=2.27e-02(32.693s)
  Iter 18: err=2.22e-02(33.792s)
  Iter 19: err=2.15e-02(34.220s)
  Iter 20: err=1.96e-02(35.465s)
  Iter 21: err=1.71e-02(35.141s)
  Iter 22: err=1.46e-02(34.799s)
  Iter 23: err=1.22e-02(34.840s)
  Iter 24: err=9.89e-03(34.978s)
  Iter 25: err=7.86e-03(34.382s)
Initializing Thermal Finite Elements (P1)...
Mapping Velocity...
Assembling Thermal System...
Solving Thermal Linear System...
  -> Solved. Range: [291.66, 340.20] K
Case 205 completed successfully.
