--- Starting Case 175 ---
Generating mesh at dataset\case_175\mesh.msh...

Initializing Finite Elements...
  -> Total DOFs: 85243
Setting up Boundary Conditions...
Initializing with Stokes...
  -> Stokes initialization successful.

Starting Solver Loop (Numba Accelerated). Target Nu=1.00e-05

--- STEP 1/1: Nu = 1.00e-05 ---
  Static Assembly: 11.6826s
  Iter  1: err=7.55e-01(16.704s)
  Iter  2: err=2.42e-01(16.788s)
  Iter  3: err=1.20e-01(16.912s)
  Iter  4: err=9.28e-02(16.418s)
  Iter  5: err=7.85e-02(16.686s)
  Iter  6: err=7.32e-02(16.687s)
  Iter  7: err=6.00e-02(16.749s)
  Iter  8: err=4.41e-02(16.393s)
  Iter  9: err=3.35e-02(16.630s)
  Iter 10: err=2.94e-02(16.469s)
  Iter 11: err=2.45e-02(16.573s)
  Iter 12: err=1.75e-02(16.876s)
  Iter 13: err=1.30e-02(16.707s)
  Iter 14: err=1.02e-02(16.768s)
  Iter 15: err=9.17e-03(16.475s)
  Iter 16: err=8.77e-03(16.837s)
  Iter 17: err=8.43e-03(16.797s)
  Iter 18: err=7.91e-03(16.498s)
  Iter 19: err=7.01e-03(16.673s)
  Iter 20: err=5.65e-03(16.801s)
  Iter 21: err=4.06e-03(16.808s)
  Convergence reached.
Initializing Thermal Finite Elements (P1)...
Mapping Velocity...
Assembling Thermal System...
Solving Thermal Linear System...
  -> Solved. Range: [291.93, 352.84] K
Case 175 completed successfully.
