--- Starting Case 202 ---
Generating mesh at dataset\case_202\mesh.msh...

Initializing Finite Elements...
  -> Total DOFs: 95125
Setting up Boundary Conditions...
Initializing with Stokes...
  -> Stokes initialization successful.

Starting Solver Loop (Numba Accelerated). Target Nu=1.00e-05

--- STEP 1/1: Nu = 1.00e-05 ---
  Static Assembly: 28.5156s
  Iter  1: err=8.53e-01(38.960s)
  Iter  2: err=3.12e-01(38.752s)
  Iter  3: err=1.90e-01(39.094s)
  Iter  4: err=1.83e-01(40.197s)
  Iter  5: err=2.01e-01(40.617s)
  Iter  6: err=1.61e-01(41.348s)
  Iter  7: err=1.80e-01(42.534s)
  Iter  8: err=1.37e-01(41.175s)
  Iter  9: err=1.98e-01(41.892s)
  Iter 10: err=1.36e-01(38.024s)
  Iter 11: err=9.62e-02(41.535s)
  Iter 12: err=6.41e-02(40.053s)
  Iter 13: err=4.47e-02(42.030s)
  Iter 14: err=4.45e-02(41.653s)
  Iter 15: err=3.62e-02(42.076s)
  Iter 16: err=3.91e-02(40.422s)
  Iter 17: err=4.89e-02(42.421s)
  Iter 18: err=3.81e-02(43.711s)
  Iter 19: err=2.85e-02(43.524s)
  Iter 20: err=1.80e-02(43.711s)
  Iter 21: err=1.77e-02(42.998s)
  Iter 22: err=1.96e-02(43.239s)
  Iter 23: err=2.72e-02(42.630s)
  Iter 24: err=3.45e-02(42.625s)
  Iter 25: err=3.88e-02(44.024s)
Initializing Thermal Finite Elements (P1)...
Mapping Velocity...
Assembling Thermal System...
Solving Thermal Linear System...
  -> Solved. Range: [291.40, 345.28] K
Case 202 completed successfully.
