--- Starting Case 159 ---
Generating mesh at dataset\case_159\mesh.msh...

Initializing Finite Elements...
  -> Total DOFs: 90031
Setting up Boundary Conditions...
Initializing with Stokes...
  -> Stokes initialization successful.

Starting Solver Loop (Numba Accelerated). Target Nu=1.00e-05

--- STEP 1/1: Nu = 1.00e-05 ---
  Static Assembly: 21.9619s
  Iter  1: err=1.09e+00(31.079s)
  Iter  2: err=3.60e-01(31.767s)
  Iter  3: err=1.79e-01(34.052s)
  Iter  4: err=1.27e-01(33.147s)
  Iter  5: err=1.13e-01(33.639s)
  Iter  6: err=1.19e-01(34.408s)
  Iter  7: err=8.19e-02(35.600s)
  Iter  8: err=5.09e-02(34.804s)
  Iter  9: err=3.41e-02(34.823s)
  Iter 10: err=3.65e-02(35.585s)
  Iter 11: err=4.67e-02(39.016s)
  Iter 12: err=4.60e-02(40.685s)
  Iter 13: err=3.05e-02(39.125s)
  Iter 14: err=2.09e-02(38.514s)
  Iter 15: err=1.92e-02(40.253s)
  Iter 16: err=1.57e-02(39.646s)
  Iter 17: err=1.23e-02(39.338s)
  Iter 18: err=1.16e-02(35.634s)
  Iter 19: err=1.25e-02(35.183s)
  Iter 20: err=1.38e-02(35.979s)
  Iter 21: err=1.56e-02(35.480s)
  Iter 22: err=1.83e-02(33.748s)
  Iter 23: err=2.27e-02(36.796s)
  Iter 24: err=3.01e-02(36.167s)
  Iter 25: err=4.36e-02(35.971s)
Initializing Thermal Finite Elements (P1)...
Mapping Velocity...
Assembling Thermal System...
Solving Thermal Linear System...
  -> Solved. Range: [293.14, 378.89] K
Case 159 completed successfully.
