--- Starting Case 141 ---
Generating mesh at dataset\case_141\mesh.msh...

Initializing Finite Elements...
  -> Total DOFs: 85513
Setting up Boundary Conditions...
Initializing with Stokes...
  -> Stokes initialization successful.

Starting Solver Loop (Numba Accelerated). Target Nu=1.00e-05

--- STEP 1/1: Nu = 1.00e-05 ---
  Static Assembly: 11.4880s
  Iter  1: err=7.52e-01(17.393s)
  Iter  2: err=2.42e-01(17.025s)
  Iter  3: err=1.12e-01(17.091s)
  Iter  4: err=7.43e-02(16.836s)
  Iter  5: err=5.46e-02(16.651s)
  Iter  6: err=4.09e-02(16.959s)
  Iter  7: err=2.99e-02(17.288s)
  Iter  8: err=2.02e-02(16.727s)
  Iter  9: err=1.27e-02(16.710s)
  Iter 10: err=8.30e-03(16.601s)
  Iter 11: err=6.26e-03(17.698s)
  Iter 12: err=5.32e-03(17.270s)
  Iter 13: err=4.61e-03(16.791s)
  Convergence reached.
Initializing Thermal Finite Elements (P1)...
Mapping Velocity...
Assembling Thermal System...
Solving Thermal Linear System...
  -> Solved. Range: [293.15, 390.13] K
Case 141 completed successfully.
