--- Starting Case 163 ---
Generating mesh at dataset\case_163\mesh.msh...

Initializing Finite Elements...
  -> Total DOFs: 81859
Setting up Boundary Conditions...
Initializing with Stokes...
  -> Stokes initialization successful.

Starting Solver Loop (Numba Accelerated). Target Nu=1.00e-05

--- STEP 1/1: Nu = 1.00e-05 ---
  Static Assembly: 11.7101s
  Iter  1: err=6.98e-01(16.585s)
  Iter  2: err=2.20e-01(16.776s)
  Iter  3: err=9.85e-02(16.140s)
  Iter  4: err=7.05e-02(16.378s)
  Iter  5: err=5.85e-02(16.209s)
  Iter  6: err=5.49e-02(16.064s)
  Iter  7: err=5.25e-02(16.802s)
  Iter  8: err=4.80e-02(18.016s)
  Iter  9: err=3.58e-02(16.520s)
  Iter 10: err=2.61e-02(16.337s)
  Iter 11: err=2.12e-02(16.118s)
  Iter 12: err=1.55e-02(16.254s)
  Iter 13: err=1.18e-02(15.921s)
  Iter 14: err=9.21e-03(16.183s)
  Iter 15: err=7.61e-03(16.300s)
  Iter 16: err=6.54e-03(16.229s)
  Iter 17: err=5.58e-03(17.150s)
  Iter 18: err=4.67e-03(16.463s)
  Convergence reached.
Initializing Thermal Finite Elements (P1)...
Mapping Velocity...
Assembling Thermal System...
Solving Thermal Linear System...
  -> Solved. Range: [291.02, 360.65] K
Case 163 completed successfully.
