--- Starting Case 461 ---
Generating mesh at dataset\case_461\mesh.msh...

Initializing Finite Elements...
  -> Total DOFs: 79267
Setting up Boundary Conditions...
Initializing with Stokes...
  -> Stokes initialization successful.

Starting Solver Loop (Numba Accelerated). Target Nu=1.00e-05

--- STEP 1/1: Nu = 1.00e-05 ---
  Static Assembly: 20.8590s
  Iter  1: err=2.89e+00(28.765s)
  Iter  2: err=8.69e-01(29.157s)
  Iter  3: err=3.89e-01(28.228s)
  Iter  4: err=9.68e-01(27.603s)
  Iter  5: err=1.20e+00(27.842s)
  Iter  6: err=3.70e-01(27.454s)
  Iter  7: err=2.40e-01(28.189s)
  Iter  8: err=1.56e-01(27.927s)
  Iter  9: err=1.08e-01(27.220s)
  Iter 10: err=1.15e-01(27.307s)
  Iter 11: err=1.33e-01(26.650s)
  Iter 12: err=7.84e-01(28.119s)
  Iter 13: err=1.33e+00(27.981s)
  Iter 14: err=3.95e-01(28.368s)
  Iter 15: err=2.46e-01(27.826s)
  Iter 16: err=3.07e-01(25.162s)
  Iter 17: err=1.31e-01(26.276s)
  Iter 18: err=1.46e-01(26.352s)
  Iter 19: err=1.94e-01(26.719s)
  Iter 20: err=1.37e-01(27.169s)
  Iter 21: err=8.51e-02(27.040s)
  Iter 22: err=6.18e-02(27.094s)
  Iter 23: err=4.34e-02(27.727s)
  Iter 24: err=3.46e-02(27.443s)
  Iter 25: err=2.57e-02(27.863s)
Initializing Thermal Finite Elements (P1)...
Mapping Velocity...
Assembling Thermal System...
Solving Thermal Linear System...
  -> Solved. Range: [292.12, 343.09] K
Case 461 completed successfully.
