--- Starting Case 172 ---
Generating mesh at dataset\case_172\mesh.msh...

Initializing Finite Elements...
  -> Total DOFs: 85495
Setting up Boundary Conditions...
Initializing with Stokes...
  -> Stokes initialization successful.

Starting Solver Loop (Numba Accelerated). Target Nu=1.00e-05

--- STEP 1/1: Nu = 1.00e-05 ---
  Static Assembly: 28.2560s
  Iter  1: err=9.78e-01(41.173s)
  Iter  2: err=3.69e-01(41.072s)
  Iter  3: err=7.18e-01(40.363s)
  Iter  4: err=7.86e-01(40.014s)
  Iter  5: err=3.32e-01(39.237s)
  Iter  6: err=2.52e-01(35.322s)
  Iter  7: err=1.95e-01(34.050s)
  Iter  8: err=1.91e-01(35.354s)
  Iter  9: err=1.63e-01(34.760s)
  Iter 10: err=1.43e-01(32.510s)
  Iter 11: err=1.47e-01(35.759s)
  Iter 12: err=1.28e-01(35.245s)
  Iter 13: err=1.12e-01(35.228s)
  Iter 14: err=7.65e-02(33.668s)
  Iter 15: err=6.93e-02(34.054s)
  Iter 16: err=4.87e-02(35.237s)
  Iter 17: err=3.94e-02(34.906s)
  Iter 18: err=3.03e-02(35.299s)
  Iter 19: err=3.26e-02(35.042s)
  Iter 20: err=4.92e-02(35.437s)
  Iter 21: err=9.33e-02(35.225s)
  Iter 22: err=3.78e-01(34.949s)
  Iter 23: err=3.55e-01(35.502s)
  Iter 24: err=3.26e-01(35.156s)
  Iter 25: err=2.13e-01(34.727s)
Initializing Thermal Finite Elements (P1)...
Mapping Velocity...
Assembling Thermal System...
Solving Thermal Linear System...
  -> Solved. Range: [291.28, 371.28] K
Case 172 completed successfully.
