--- Starting Case 218 ---
Generating mesh at dataset\case_218\mesh.msh...

Initializing Finite Elements...
  -> Total DOFs: 82219
Setting up Boundary Conditions...
Initializing with Stokes...
  -> Stokes initialization successful.

Starting Solver Loop (Numba Accelerated). Target Nu=1.00e-05

--- STEP 1/1: Nu = 1.00e-05 ---
  Static Assembly: 23.4161s
  Iter  1: err=2.10e+00(31.033s)
  Iter  2: err=7.10e-01(32.997s)
  Iter  3: err=4.56e-01(31.824s)
  Iter  4: err=4.15e-01(30.713s)
  Iter  5: err=2.70e-01(32.481s)
  Iter  6: err=3.66e-01(32.984s)
  Iter  7: err=3.16e-01(33.139s)
  Iter  8: err=2.72e-01(33.342s)
  Iter  9: err=1.85e-01(33.675s)
  Iter 10: err=1.88e-01(32.740s)
  Iter 11: err=2.00e-01(33.097s)
  Iter 12: err=2.58e-01(33.011s)
  Iter 13: err=1.54e-01(33.772s)
  Iter 14: err=1.39e-01(32.215s)
  Iter 15: err=1.45e-01(33.191s)
  Iter 16: err=6.82e-02(33.692s)
  Iter 17: err=7.67e-02(33.430s)
  Iter 18: err=1.63e-01(35.533s)
  Iter 19: err=2.32e-01(32.780s)
  Iter 20: err=1.56e-01(31.404s)
  Iter 21: err=6.24e-01(32.608s)
  Iter 22: err=6.93e-01(34.027s)
  Iter 23: err=3.77e-01(33.385s)
  Iter 24: err=3.09e-01(32.448s)
  Iter 25: err=1.69e-01(29.994s)
Initializing Thermal Finite Elements (P1)...
Mapping Velocity...
Assembling Thermal System...
Solving Thermal Linear System...
  -> Solved. Range: [292.17, 333.42] K
Case 218 completed successfully.
