--- Starting Case 53 ---
Generating mesh at dataset\case_053\mesh.msh...

Initializing Finite Elements...
  -> Total DOFs: 84397
Setting up Boundary Conditions...
Initializing with Stokes...
  -> Stokes initialization successful.

Starting Solver Loop (Numba Accelerated). Target Nu=1.00e-05

--- STEP 1/1: Nu = 1.00e-05 ---
  Static Assembly: 12.9216s
  Iter  1: err=5.89e-01(18.768s)
  Iter  2: err=1.86e-01(18.369s)
  Iter  3: err=6.06e-02(18.636s)
  Iter  4: err=2.24e-02(18.916s)
  Iter  5: err=1.16e-02(18.312s)
  Iter  6: err=7.77e-03(18.563s)
  Iter  7: err=6.29e-03(19.586s)
  Iter  8: err=5.64e-03(18.603s)
  Iter  9: err=5.28e-03(18.450s)
  Iter 10: err=5.21e-03(18.521s)
  Iter 11: err=5.11e-03(18.685s)
  Iter 12: err=5.11e-03(18.453s)
  Iter 13: err=5.08e-03(18.414s)
  Iter 14: err=5.08e-03(18.617s)
  Iter 15: err=5.08e-03(18.331s)
  Iter 16: err=5.08e-03(18.773s)
  Iter 17: err=5.08e-03(19.034s)
  Iter 18: err=5.08e-03(18.562s)
  Iter 19: err=5.08e-03(18.611s)
  Iter 20: err=5.08e-03(18.841s)
  Iter 21: err=5.08e-03(18.683s)
  Iter 22: err=5.08e-03(18.740s)
  Iter 23: err=5.08e-03(21.511s)
  Iter 24: err=5.08e-03(18.805s)
  Iter 25: err=5.08e-03(18.822s)
Initializing Thermal Finite Elements (P1)...
Mapping Velocity...
Assembling Thermal System...
Solving Thermal Linear System...
  -> Solved. Range: [291.78, 338.15] K
Case 53 completed successfully.
