--- Starting Case 495 ---
Generating mesh at dataset\case_495\mesh.msh...

Initializing Finite Elements...
  -> Total DOFs: 87187
Setting up Boundary Conditions...
Initializing with Stokes...
  -> Stokes initialization successful.

Starting Solver Loop (Numba Accelerated). Target Nu=1.00e-05

--- STEP 1/1: Nu = 1.00e-05 ---
  Static Assembly: 22.1735s
  Iter  1: err=1.76e+00(29.845s)
  Iter  2: err=5.94e-01(31.136s)
  Iter  3: err=3.06e-01(31.250s)
  Iter  4: err=2.92e-01(32.606s)
  Iter  5: err=4.13e-01(31.071s)
  Iter  6: err=2.35e-01(28.732s)
  Iter  7: err=2.26e-01(23.009s)
  Iter  8: err=2.13e-01(22.094s)
  Iter  9: err=1.43e-01(22.219s)
  Iter 10: err=1.04e-01(21.190s)
  Iter 11: err=1.05e-01(19.932s)
  Iter 12: err=7.34e-02(17.787s)
  Iter 13: err=8.61e-02(20.032s)
  Iter 14: err=1.09e-01(18.124s)
  Iter 15: err=1.07e-01(16.991s)
  Iter 16: err=1.09e-01(16.004s)
  Iter 17: err=6.19e-02(15.811s)
  Iter 18: err=5.11e-02(15.140s)
  Iter 19: err=1.11e-01(14.949s)
  Iter 20: err=1.54e-01(14.559s)
  Iter 21: err=1.09e-01(14.528s)
  Iter 22: err=7.55e-02(14.107s)
  Iter 23: err=6.99e-02(13.887s)
  Iter 24: err=7.28e-02(13.671s)
  Iter 25: err=1.14e-01(13.889s)
Initializing Thermal Finite Elements (P1)...
Mapping Velocity...
Assembling Thermal System...
Solving Thermal Linear System...
  -> Solved. Range: [292.19, 343.69] K
Case 495 completed successfully.
