--- Starting Case 76 ---
Generating mesh at dataset\case_076\mesh.msh...

Initializing Finite Elements...
  -> Total DOFs: 84271
Setting up Boundary Conditions...
Initializing with Stokes...
  -> Stokes initialization successful.

Starting Solver Loop (Numba Accelerated). Target Nu=1.00e-05

--- STEP 1/1: Nu = 1.00e-05 ---
  Static Assembly: 26.0746s
  Iter  1: err=6.41e-01(37.237s)
  Iter  2: err=2.30e-01(35.096s)
  Iter  3: err=1.12e-01(35.575s)
  Iter  4: err=6.70e-02(35.934s)
  Iter  5: err=4.73e-02(33.763s)
  Iter  6: err=3.43e-02(34.126s)
  Iter  7: err=2.52e-02(33.708s)
  Iter  8: err=1.85e-02(34.527s)
  Iter  9: err=1.41e-02(34.172s)
  Iter 10: err=1.16e-02(35.177s)
  Iter 11: err=9.80e-03(35.041s)
  Iter 12: err=8.05e-03(35.058s)
  Iter 13: err=6.24e-03(34.045s)
  Iter 14: err=4.55e-03(33.483s)
  Convergence reached.
Initializing Thermal Finite Elements (P1)...
Mapping Velocity...
Assembling Thermal System...
Solving Thermal Linear System...
  -> Solved. Range: [293.05, 402.87] K
Case 76 completed successfully.
