--- Starting Case 46 ---
Generating mesh at dataset\case_046\mesh.msh...

Initializing Finite Elements...
  -> Total DOFs: 88735
Setting up Boundary Conditions...
Initializing with Stokes...
  -> Stokes initialization successful.

Starting Solver Loop (Numba Accelerated). Target Nu=1.00e-05

--- STEP 1/1: Nu = 1.00e-05 ---
  Static Assembly: 24.5014s
  Iter  1: err=5.83e-01(33.569s)
  Iter  2: err=1.82e-01(33.839s)
  Iter  3: err=6.40e-02(33.804s)
  Iter  4: err=2.77e-02(32.702s)
  Iter  5: err=1.41e-02(33.552s)
  Iter  6: err=7.70e-03(34.214s)
  Iter  7: err=4.30e-03(34.104s)
  Convergence reached.
Initializing Thermal Finite Elements (P1)...
Mapping Velocity...
Assembling Thermal System...
Solving Thermal Linear System...
  -> Solved. Range: [293.15, 480.75] K
Case 46 completed successfully.
