--- Starting Case 306 ---
Generating mesh at dataset\case_306\mesh.msh...

Initializing Finite Elements...
  -> Total DOFs: 83983
Setting up Boundary Conditions...
Initializing with Stokes...
  -> Stokes initialization successful.

Starting Solver Loop (Numba Accelerated). Target Nu=1.00e-05

--- STEP 1/1: Nu = 1.00e-05 ---
  Static Assembly: 23.6132s
  Iter  1: err=2.09e+00(28.822s)
  Iter  2: err=7.76e-01(29.354s)
  Iter  3: err=5.14e-01(29.580s)
  Iter  4: err=5.40e-01(31.601s)
  Iter  5: err=7.00e-01(32.148s)
  Iter  6: err=7.85e-01(31.863s)
  Iter  7: err=3.73e-01(30.743s)
  Iter  8: err=3.25e-01(30.398s)
  Iter  9: err=2.29e-01(30.931s)
  Iter 10: err=2.78e-01(30.200s)
  Iter 11: err=3.44e-01(31.594s)
  Iter 12: err=2.03e-01(32.614s)
  Iter 13: err=1.68e-01(32.747s)
  Iter 14: err=1.10e-01(32.299s)
  Iter 15: err=9.12e-02(32.628s)
  Iter 16: err=7.55e-02(31.110s)
  Iter 17: err=7.12e-02(30.328s)
  Iter 18: err=1.27e-01(29.742s)
  Iter 19: err=1.14e-01(27.773s)
  Iter 20: err=9.35e-02(27.397s)
  Iter 21: err=9.13e-02(27.371s)
  Iter 22: err=9.49e-02(28.119s)
  Iter 23: err=6.94e-01(28.155s)
  Iter 24: err=7.73e-01(28.105s)
  Iter 25: err=9.16e-01(28.985s)
Initializing Thermal Finite Elements (P1)...
Mapping Velocity...
Assembling Thermal System...
Solving Thermal Linear System...
  -> Solved. Range: [290.74, 319.38] K
Case 306 completed successfully.
