--- Starting Case 433 ---
Generating mesh at dataset\case_433\mesh.msh...

Initializing Finite Elements...
  -> Total DOFs: 84847
Setting up Boundary Conditions...
Initializing with Stokes...
  -> Stokes initialization successful.

Starting Solver Loop (Numba Accelerated). Target Nu=1.00e-05

--- STEP 1/1: Nu = 1.00e-05 ---
  Static Assembly: 23.4792s
  Iter  1: err=1.62e+00(32.334s)
  Iter  2: err=5.72e-01(32.623s)
  Iter  3: err=2.97e-01(32.895s)
  Iter  4: err=2.42e-01(33.096s)
  Iter  5: err=2.15e-01(32.793s)
  Iter  6: err=2.01e-01(32.341s)
  Iter  7: err=2.80e-01(32.762s)
  Iter  8: err=2.31e-01(32.983s)
  Iter  9: err=2.08e-01(33.365s)
  Iter 10: err=2.73e-01(33.139s)
  Iter 11: err=2.53e-01(29.923s)
  Iter 12: err=2.22e-01(31.467s)
  Iter 13: err=4.28e-01(32.576s)
  Iter 14: err=3.84e-01(33.258s)
  Iter 15: err=3.04e-01(32.623s)
  Iter 16: err=1.93e-01(33.156s)
  Iter 17: err=1.49e-01(33.711s)
  Iter 18: err=9.12e-02(33.582s)
  Iter 19: err=8.36e-02(32.512s)
  Iter 20: err=6.99e-02(32.995s)
  Iter 21: err=6.32e-02(33.699s)
  Iter 22: err=5.98e-02(33.414s)
  Iter 23: err=7.72e-02(32.612s)
  Iter 24: err=6.98e-02(32.141s)
  Iter 25: err=1.22e-01(34.074s)
Initializing Thermal Finite Elements (P1)...
Mapping Velocity...
Assembling Thermal System...
Solving Thermal Linear System...
  -> Solved. Range: [291.81, 338.41] K
Case 433 completed successfully.
