--- Starting Case 230 ---
Generating mesh at dataset\case_230\mesh.msh...

Initializing Finite Elements...
  -> Total DOFs: 85855
Setting up Boundary Conditions...
Initializing with Stokes...
  -> Stokes initialization successful.

Starting Solver Loop (Numba Accelerated). Target Nu=1.00e-05

--- STEP 1/1: Nu = 1.00e-05 ---
  Static Assembly: 25.1063s
  Iter  1: err=1.38e+00(34.859s)
  Iter  2: err=4.41e-01(33.870s)
  Iter  3: err=2.03e-01(34.958s)
  Iter  4: err=1.38e-01(36.556s)
  Iter  5: err=1.16e-01(32.509s)
  Iter  6: err=1.06e-01(34.844s)
  Iter  7: err=7.87e-02(35.286s)
  Iter  8: err=5.77e-02(34.927s)
  Iter  9: err=5.33e-02(34.538s)
  Iter 10: err=4.49e-02(31.080s)
  Iter 11: err=3.66e-02(33.208s)
  Iter 12: err=3.01e-02(34.354s)
  Iter 13: err=2.09e-02(32.212s)
  Iter 14: err=1.41e-02(32.609s)
  Iter 15: err=1.03e-02(33.156s)
  Iter 16: err=7.99e-03(34.349s)
  Iter 17: err=6.26e-03(33.349s)
  Iter 18: err=5.05e-03(34.450s)
  Iter 19: err=4.29e-03(35.340s)
  Convergence reached.
Initializing Thermal Finite Elements (P1)...
Mapping Velocity...
Assembling Thermal System...
Solving Thermal Linear System...
  -> Solved. Range: [293.14, 385.12] K
Case 230 completed successfully.
