--- Starting Case 385 ---
Generating mesh at dataset\case_385\mesh.msh...

Initializing Finite Elements...
  -> Total DOFs: 81535
Setting up Boundary Conditions...
Initializing with Stokes...
  -> Stokes initialization successful.

Starting Solver Loop (Numba Accelerated). Target Nu=1.00e-05

--- STEP 1/1: Nu = 1.00e-05 ---
  Static Assembly: 23.1970s
  Iter  1: err=1.12e+00(34.160s)
  Iter  2: err=4.37e-01(34.906s)
  Iter  3: err=2.68e-01(33.719s)
  Iter  4: err=2.45e-01(34.778s)
  Iter  5: err=2.18e-01(33.126s)
  Iter  6: err=3.58e-01(34.380s)
  Iter  7: err=4.78e-01(34.122s)
  Iter  8: err=2.38e-01(33.947s)
  Iter  9: err=2.27e-01(33.728s)
  Iter 10: err=2.16e-01(34.145s)
  Iter 11: err=2.97e-01(31.753s)
  Iter 12: err=1.80e-01(33.176s)
  Iter 13: err=1.19e-01(30.429s)
  Iter 14: err=9.76e-02(33.479s)
  Iter 15: err=8.90e-02(33.445s)
  Iter 16: err=1.52e-01(32.049s)
  Iter 17: err=1.29e-01(33.047s)
  Iter 18: err=6.12e-02(32.766s)
  Iter 19: err=9.24e-02(33.522s)
  Iter 20: err=8.38e-02(31.780s)
  Iter 21: err=5.02e-02(32.168s)
  Iter 22: err=3.84e-02(30.838s)
  Iter 23: err=4.43e-02(29.640s)
  Iter 24: err=7.39e-02(29.918s)
  Iter 25: err=2.06e-01(28.463s)
Initializing Thermal Finite Elements (P1)...
Mapping Velocity...
Assembling Thermal System...
Solving Thermal Linear System...
  -> Solved. Range: [292.49, 339.87] K
Case 385 completed successfully.
