--- Starting Case 485 ---
Generating mesh at dataset\case_485\mesh.msh...

Initializing Finite Elements...
  -> Total DOFs: 83191
Setting up Boundary Conditions...
Initializing with Stokes...
  -> Stokes initialization successful.

Starting Solver Loop (Numba Accelerated). Target Nu=1.00e-05

--- STEP 1/1: Nu = 1.00e-05 ---
  Static Assembly: 21.1957s
  Iter  1: err=1.81e+00(30.285s)
  Iter  2: err=5.99e-01(31.428s)
  Iter  3: err=2.92e-01(31.627s)
  Iter  4: err=2.31e-01(31.156s)
  Iter  5: err=1.88e-01(30.064s)
  Iter  6: err=1.46e-01(29.073s)
  Iter  7: err=1.45e-01(29.149s)
  Iter  8: err=1.56e-01(28.512s)
  Iter  9: err=1.37e-01(29.205s)
  Iter 10: err=1.03e-01(28.148s)
  Iter 11: err=7.55e-02(28.041s)
  Iter 12: err=5.82e-02(28.898s)
  Iter 13: err=5.36e-02(29.516s)
  Iter 14: err=4.77e-02(29.877s)
  Iter 15: err=3.22e-02(28.086s)
  Iter 16: err=4.16e-02(26.136s)
  Iter 17: err=2.93e-02(21.363s)
  Iter 18: err=2.20e-02(20.808s)
  Iter 19: err=1.82e-02(20.641s)
  Iter 20: err=1.50e-02(19.815s)
  Iter 21: err=1.26e-02(18.994s)
  Iter 22: err=1.08e-02(17.693s)
  Iter 23: err=9.27e-03(17.565s)
  Iter 24: err=8.05e-03(17.917s)
  Iter 25: err=6.90e-03(15.935s)
Initializing Thermal Finite Elements (P1)...
Mapping Velocity...
Assembling Thermal System...
Solving Thermal Linear System...
  -> Solved. Range: [292.18, 331.62] K
Case 485 completed successfully.
