--- Starting Case 186 ---
Generating mesh at dataset\case_186\mesh.msh...

Initializing Finite Elements...
  -> Total DOFs: 87907
Setting up Boundary Conditions...
Initializing with Stokes...
  -> Stokes initialization successful.

Starting Solver Loop (Numba Accelerated). Target Nu=1.00e-05

--- STEP 1/1: Nu = 1.00e-05 ---
  Static Assembly: 13.1720s
  Iter  1: err=6.57e-01(17.582s)
  Iter  2: err=2.04e-01(17.926s)
  Iter  3: err=8.79e-02(17.876s)
  Iter  4: err=6.29e-02(17.475s)
  Iter  5: err=5.05e-02(17.578s)
  Iter  6: err=4.58e-02(17.612s)
  Iter  7: err=4.58e-02(17.293s)
  Iter  8: err=4.60e-02(17.568s)
  Iter  9: err=4.08e-02(17.597s)
  Iter 10: err=3.15e-02(17.663s)
  Iter 11: err=2.86e-02(17.805s)
  Iter 12: err=2.55e-02(17.576s)
  Iter 13: err=2.16e-02(17.537s)
  Iter 14: err=1.89e-02(17.779s)
  Iter 15: err=1.66e-02(17.863s)
  Iter 16: err=1.31e-02(17.642s)
  Iter 17: err=1.08e-02(17.660s)
  Iter 18: err=9.04e-03(17.763s)
  Iter 19: err=7.41e-03(17.545s)
  Iter 20: err=6.41e-03(17.788s)
  Iter 21: err=5.86e-03(17.798s)
  Iter 22: err=5.18e-03(17.487s)
  Iter 23: err=4.27e-03(17.088s)
  Convergence reached.
Initializing Thermal Finite Elements (P1)...
Mapping Velocity...
Assembling Thermal System...
Solving Thermal Linear System...
  -> Solved. Range: [291.60, 358.67] K
Case 186 completed successfully.
