--- Starting Case 250 ---
Generating mesh at dataset\case_250\mesh.msh...

Initializing Finite Elements...
  -> Total DOFs: 86323
Setting up Boundary Conditions...
Initializing with Stokes...
  -> Stokes initialization successful.

Starting Solver Loop (Numba Accelerated). Target Nu=1.00e-05

--- STEP 1/1: Nu = 1.00e-05 ---
  Static Assembly: 27.6135s
  Iter  1: err=7.77e-01(39.559s)
  Iter  2: err=2.48e-01(39.739s)
  Iter  3: err=1.20e-01(39.022s)
  Iter  4: err=8.97e-02(38.611s)
  Iter  5: err=7.98e-02(37.496s)
  Iter  6: err=7.77e-02(36.197s)
  Iter  7: err=7.14e-02(37.380s)
  Iter  8: err=5.50e-02(37.785s)
  Iter  9: err=3.85e-02(37.934s)
  Iter 10: err=3.62e-02(38.016s)
  Iter 11: err=3.34e-02(38.976s)
  Iter 12: err=2.32e-02(38.981s)
  Iter 13: err=1.84e-02(37.415s)
  Iter 14: err=1.50e-02(39.679s)
  Iter 15: err=1.19e-02(35.521s)
  Iter 16: err=9.80e-03(36.085s)
  Iter 17: err=9.46e-03(36.845s)
  Iter 18: err=9.05e-03(34.626s)
  Iter 19: err=7.97e-03(32.421s)
  Iter 20: err=6.81e-03(32.118s)
  Iter 21: err=5.97e-03(36.422s)
  Iter 22: err=5.33e-03(39.502s)
  Iter 23: err=4.54e-03(38.383s)
  Convergence reached.
Initializing Thermal Finite Elements (P1)...
Mapping Velocity...
Assembling Thermal System...
Solving Thermal Linear System...
  -> Solved. Range: [292.09, 355.64] K
Case 250 completed successfully.
