--- Starting Case 430 ---
Generating mesh at dataset\case_430\mesh.msh...

Initializing Finite Elements...
  -> Total DOFs: 88231
Setting up Boundary Conditions...
Initializing with Stokes...
  -> Stokes initialization successful.

Starting Solver Loop (Numba Accelerated). Target Nu=1.00e-05

--- STEP 1/1: Nu = 1.00e-05 ---
  Static Assembly: 24.4550s
  Iter  1: err=1.01e+00(34.114s)
  Iter  2: err=3.31e-01(35.577s)
  Iter  3: err=1.64e-01(36.758s)
  Iter  4: err=1.30e-01(34.885s)
  Iter  5: err=1.15e-01(35.765s)
  Iter  6: err=1.05e-01(35.279s)
  Iter  7: err=8.90e-02(35.802s)
  Iter  8: err=7.20e-02(35.835s)
  Iter  9: err=6.46e-02(36.457s)
  Iter 10: err=5.91e-02(35.374s)
  Iter 11: err=5.03e-02(35.242s)
  Iter 12: err=4.80e-02(35.869s)
  Iter 13: err=9.41e-02(36.627s)
  Iter 14: err=1.27e-01(36.063s)
  Iter 15: err=4.81e-02(32.466s)
  Iter 16: err=8.26e-01(35.188s)
  Iter 17: err=1.22e+00(36.307s)
  Iter 18: err=4.18e-01(36.797s)
  Iter 19: err=1.74e-01(34.570s)
  Iter 20: err=1.15e-01(36.292s)
  Iter 21: err=1.08e-01(36.909s)
  Iter 22: err=5.79e-02(35.687s)
  Iter 23: err=1.16e-01(36.371s)
  Iter 24: err=8.58e-02(36.819s)
  Iter 25: err=5.46e-02(36.596s)
Initializing Thermal Finite Elements (P1)...
Mapping Velocity...
Assembling Thermal System...
Solving Thermal Linear System...
  -> Solved. Range: [292.11, 341.77] K
Case 430 completed successfully.
