--- Starting Case 266 ---
Generating mesh at dataset\case_266\mesh.msh...

Initializing Finite Elements...
  -> Total DOFs: 82309
Setting up Boundary Conditions...
Initializing with Stokes...
  -> Stokes initialization successful.

Starting Solver Loop (Numba Accelerated). Target Nu=1.00e-05

--- STEP 1/1: Nu = 1.00e-05 ---
  Static Assembly: 26.0477s
  Iter  1: err=6.85e-01(35.002s)
  Iter  2: err=2.16e-01(32.224s)
  Iter  3: err=9.64e-02(32.113s)
  Iter  4: err=6.69e-02(34.079s)
  Iter  5: err=5.18e-02(37.610s)
  Iter  6: err=4.32e-02(38.174s)
  Iter  7: err=3.28e-02(38.173s)
  Iter  8: err=2.40e-02(37.866s)
  Iter  9: err=2.12e-02(38.301s)
  Iter 10: err=2.85e-02(34.909s)
  Iter 11: err=4.26e-01(35.313s)
  Iter 12: err=2.76e-01(36.363s)
  Iter 13: err=1.03e-01(37.116s)
  Iter 14: err=5.56e-02(37.181s)
  Iter 15: err=4.01e-02(36.687s)
  Iter 16: err=2.72e-02(36.593s)
  Iter 17: err=2.07e-02(36.655s)
  Iter 18: err=2.24e-02(37.251s)
  Iter 19: err=2.29e-02(36.206s)
  Iter 20: err=2.12e-02(37.434s)
  Iter 21: err=1.79e-02(35.908s)
  Iter 22: err=1.36e-02(35.449s)
  Iter 23: err=1.11e-02(35.181s)
  Iter 24: err=1.13e-02(33.825s)
  Iter 25: err=1.42e-02(33.944s)
Initializing Thermal Finite Elements (P1)...
Mapping Velocity...
Assembling Thermal System...
Solving Thermal Linear System...
  -> Solved. Range: [292.52, 339.31] K
Case 266 completed successfully.
