--- Starting Case 220 ---
Generating mesh at dataset\case_220\mesh.msh...

Initializing Finite Elements...
  -> Total DOFs: 83407
Setting up Boundary Conditions...
Initializing with Stokes...
  -> Stokes initialization successful.

Starting Solver Loop (Numba Accelerated). Target Nu=1.00e-05

--- STEP 1/1: Nu = 1.00e-05 ---
  Static Assembly: 24.4722s
  Iter  1: err=2.31e+00(32.226s)
  Iter  2: err=7.43e-01(31.644s)
  Iter  3: err=4.30e-01(32.890s)
  Iter  4: err=4.65e-01(32.097s)
  Iter  5: err=4.58e-01(33.117s)
  Iter  6: err=4.84e-01(33.349s)
  Iter  7: err=6.08e-01(33.905s)
  Iter  8: err=6.28e-01(33.135s)
  Iter  9: err=3.70e-01(33.202s)
  Iter 10: err=4.59e-01(33.277s)
  Iter 11: err=4.56e-01(33.541s)
  Iter 12: err=4.82e-01(33.188s)
  Iter 13: err=4.15e-01(33.013s)
  Iter 14: err=4.91e-01(33.105s)
  Iter 15: err=4.83e-01(34.143s)
  Iter 16: err=5.05e-01(33.518s)
  Iter 17: err=2.33e-01(33.304s)
  Iter 18: err=1.85e-01(32.034s)
  Iter 19: err=1.71e-01(33.850s)
  Iter 20: err=1.42e-01(36.445s)
  Iter 21: err=9.17e-02(33.770s)
  Iter 22: err=5.29e-02(32.690s)
  Iter 23: err=4.37e-02(30.039s)
  Iter 24: err=3.37e-02(31.914s)
  Iter 25: err=2.53e-02(32.795s)
Initializing Thermal Finite Elements (P1)...
Mapping Velocity...
Assembling Thermal System...
Solving Thermal Linear System...
  -> Solved. Range: [292.34, 391.11] K
Case 220 completed successfully.
