--- Starting Case 75 ---
Generating mesh at dataset\case_075\mesh.msh...

Initializing Finite Elements...
  -> Total DOFs: 85999
Setting up Boundary Conditions...
Initializing with Stokes...
  -> Stokes initialization successful.

Starting Solver Loop (Numba Accelerated). Target Nu=1.00e-05

--- STEP 1/1: Nu = 1.00e-05 ---
  Static Assembly: 12.4008s
  Iter  1: err=7.56e-01(17.608s)
  Iter  2: err=2.73e-01(17.628s)
  Iter  3: err=1.48e-01(17.729s)
  Iter  4: err=9.86e-02(17.793s)
  Iter  5: err=8.33e-02(17.597s)
  Iter  6: err=5.42e-02(17.672s)
  Iter  7: err=4.08e-02(17.779s)
  Iter  8: err=5.46e-02(17.646s)
  Iter  9: err=5.12e-02(17.543s)
  Iter 10: err=2.99e-02(17.634s)
  Iter 11: err=1.93e-02(17.755s)
  Iter 12: err=1.54e-02(17.957s)
  Iter 13: err=1.25e-02(17.649s)
  Iter 14: err=1.11e-02(17.986s)
  Iter 15: err=9.14e-03(17.687s)
  Iter 16: err=7.44e-03(17.592s)
  Iter 17: err=6.18e-03(17.961s)
  Iter 18: err=5.18e-03(17.913s)
  Iter 19: err=4.43e-03(17.807s)
  Convergence reached.
Initializing Thermal Finite Elements (P1)...
Mapping Velocity...
Assembling Thermal System...
Solving Thermal Linear System...
  -> Solved. Range: [290.49, 372.15] K
Case 75 completed successfully.
