--- Starting Case 314 ---
Generating mesh at dataset\case_314\mesh.msh...

Initializing Finite Elements...
  -> Total DOFs: 90859
Setting up Boundary Conditions...
Initializing with Stokes...
  -> Stokes initialization successful.

Starting Solver Loop (Numba Accelerated). Target Nu=1.00e-05

--- STEP 1/1: Nu = 1.00e-05 ---
  Static Assembly: 27.9681s
  Iter  1: err=9.79e-01(37.955s)
  Iter  2: err=3.40e-01(36.085s)
  Iter  3: err=1.87e-01(36.516s)
  Iter  4: err=1.45e-01(33.398s)
  Iter  5: err=1.20e-01(33.222s)
  Iter  6: err=1.73e-01(33.953s)
  Iter  7: err=4.69e-01(34.689s)
  Iter  8: err=4.67e-01(34.258s)
  Iter  9: err=2.08e-01(34.403s)
  Iter 10: err=1.71e-01(33.434s)
  Iter 11: err=1.37e-01(36.461s)
  Iter 12: err=8.66e-02(34.494s)
  Iter 13: err=6.65e-02(35.023s)
  Iter 14: err=5.68e-02(35.014s)
  Iter 15: err=5.03e-02(37.314s)
  Iter 16: err=4.52e-02(34.343s)
  Iter 17: err=4.20e-02(34.205s)
  Iter 18: err=3.63e-02(31.502s)
  Iter 19: err=3.02e-02(31.958s)
  Iter 20: err=2.58e-02(34.120s)
  Iter 21: err=2.01e-02(36.242s)
  Iter 22: err=1.59e-02(34.579s)
  Iter 23: err=1.50e-02(35.675s)
  Iter 24: err=1.46e-02(36.583s)
  Iter 25: err=1.59e-02(36.440s)
Initializing Thermal Finite Elements (P1)...
Mapping Velocity...
Assembling Thermal System...
Solving Thermal Linear System...
  -> Solved. Range: [292.04, 347.17] K
Case 314 completed successfully.
