--- Starting Case 192 ---
Generating mesh at dataset\case_192\mesh.msh...

Initializing Finite Elements...
  -> Total DOFs: 93037
Setting up Boundary Conditions...
Initializing with Stokes...
  -> Stokes initialization successful.

Starting Solver Loop (Numba Accelerated). Target Nu=1.00e-05

--- STEP 1/1: Nu = 1.00e-05 ---
  Static Assembly: 14.1537s
  Iter  1: err=5.05e-01(20.904s)
  Iter  2: err=1.59e-01(19.601s)
  Iter  3: err=5.38e-02(19.458s)
  Iter  4: err=2.15e-02(19.902s)
  Iter  5: err=1.02e-02(19.927s)
  Iter  6: err=5.36e-03(19.550s)
  Iter  7: err=2.87e-03(19.866s)
  Convergence reached.
Initializing Thermal Finite Elements (P1)...
Mapping Velocity...
Assembling Thermal System...
Solving Thermal Linear System...
  -> Solved. Range: [293.15, 431.28] K
Case 192 completed successfully.
