--- Starting Case 321 ---
Generating mesh at dataset\case_321\mesh.msh...

Initializing Finite Elements...
  -> Total DOFs: 82255
Setting up Boundary Conditions...
Initializing with Stokes...
  -> Stokes initialization successful.

Starting Solver Loop (Numba Accelerated). Target Nu=1.00e-05

--- STEP 1/1: Nu = 1.00e-05 ---
  Static Assembly: 21.3115s
  Iter  1: err=1.27e+00(27.600s)
  Iter  2: err=4.47e-01(27.775s)
  Iter  3: err=2.88e-01(27.341s)
  Iter  4: err=2.79e-01(28.839s)
  Iter  5: err=9.89e-01(28.643s)
  Iter  6: err=5.21e+00(28.148s)
  Iter  7: err=2.80e+00(29.143s)
  Iter  8: err=8.59e-01(27.512s)
  Iter  9: err=4.88e-01(28.397s)
  Iter 10: err=3.28e-01(30.126s)
  Iter 11: err=2.86e-01(28.997s)
  Iter 12: err=2.29e-01(29.547s)
  Iter 13: err=1.58e-01(28.635s)
  Iter 14: err=1.65e-01(31.130s)
  Iter 15: err=1.26e-01(30.030s)
  Iter 16: err=1.14e-01(28.500s)
  Iter 17: err=1.21e-01(28.482s)
  Iter 18: err=1.10e-01(25.876s)
  Iter 19: err=7.96e-02(25.851s)
  Iter 20: err=8.34e-02(27.345s)
  Iter 21: err=7.97e-02(29.713s)
  Iter 22: err=7.57e-02(29.867s)
  Iter 23: err=6.80e-02(29.192s)
  Iter 24: err=6.79e-02(29.598s)
  Iter 25: err=6.21e-02(31.221s)
Initializing Thermal Finite Elements (P1)...
Mapping Velocity...
Assembling Thermal System...
Solving Thermal Linear System...
  -> Solved. Range: [292.72, 338.45] K
Case 321 completed successfully.
