--- Starting Case 270 ---
Generating mesh at dataset\case_270\mesh.msh...

Initializing Finite Elements...
  -> Total DOFs: 84991
Setting up Boundary Conditions...
Initializing with Stokes...
  -> Stokes initialization successful.

Starting Solver Loop (Numba Accelerated). Target Nu=1.00e-05

--- STEP 1/1: Nu = 1.00e-05 ---
  Static Assembly: 21.7893s
  Iter  1: err=1.33e+00(34.270s)
  Iter  2: err=4.82e-01(36.646s)
  Iter  3: err=3.85e-01(36.726s)
  Iter  4: err=3.70e-01(37.083s)
  Iter  5: err=2.71e-01(36.823s)
  Iter  6: err=1.96e-01(36.268s)
  Iter  7: err=1.86e-01(33.538s)
  Iter  8: err=1.60e-01(34.428s)
  Iter  9: err=1.30e-01(34.915s)
  Iter 10: err=9.44e-02(35.906s)
  Iter 11: err=8.52e-02(36.421s)
  Iter 12: err=7.23e-02(35.777s)
  Iter 13: err=5.38e-02(34.810s)
  Iter 14: err=5.78e-02(35.542s)
  Iter 15: err=5.83e-02(35.497s)
  Iter 16: err=5.63e-02(35.783s)
  Iter 17: err=6.48e-02(35.979s)
  Iter 18: err=7.82e-02(36.437s)
  Iter 19: err=9.68e-02(35.103s)
  Iter 20: err=1.22e-01(33.857s)
  Iter 21: err=1.64e-01(32.909s)
  Iter 22: err=2.15e-01(32.791s)
  Iter 23: err=1.68e-01(32.400s)
  Iter 24: err=1.07e-01(32.718s)
  Iter 25: err=7.11e-02(32.768s)
Initializing Thermal Finite Elements (P1)...
Mapping Velocity...
Assembling Thermal System...
Solving Thermal Linear System...
  -> Solved. Range: [291.95, 330.19] K
Case 270 completed successfully.
