--- Starting Case 373 ---
Generating mesh at dataset\case_373\mesh.msh...

Initializing Finite Elements...
  -> Total DOFs: 84739
Setting up Boundary Conditions...
Initializing with Stokes...
  -> Stokes initialization successful.

Starting Solver Loop (Numba Accelerated). Target Nu=1.00e-05

--- STEP 1/1: Nu = 1.00e-05 ---
  Static Assembly: 25.8632s
  Iter  1: err=6.70e-01(36.644s)
  Iter  2: err=2.08e-01(37.710s)
  Iter  3: err=8.66e-02(38.559s)
  Iter  4: err=6.00e-02(38.755s)
  Iter  5: err=4.72e-02(38.975s)
  Iter  6: err=4.18e-02(37.468s)
  Iter  7: err=4.01e-02(37.893s)
  Iter  8: err=3.87e-02(37.620s)
  Iter  9: err=3.50e-02(37.206s)
  Iter 10: err=2.93e-02(39.233s)
  Iter 11: err=2.49e-02(38.010s)
  Iter 12: err=2.04e-02(38.631s)
  Iter 13: err=1.55e-02(38.212s)
  Iter 14: err=1.27e-02(38.885s)
  Iter 15: err=1.14e-02(38.124s)
  Iter 16: err=9.77e-03(38.789s)
  Iter 17: err=8.01e-03(39.353s)
  Iter 18: err=7.23e-03(36.194s)
  Iter 19: err=6.14e-03(38.057s)
  Iter 20: err=5.01e-03(35.633s)
  Iter 21: err=4.47e-03(37.581s)
  Convergence reached.
Initializing Thermal Finite Elements (P1)...
Mapping Velocity...
Assembling Thermal System...
Solving Thermal Linear System...
  -> Solved. Range: [291.87, 336.15] K
Case 373 completed successfully.
