--- Starting Case 476 ---
Generating mesh at dataset\case_476\mesh.msh...

Initializing Finite Elements...
  -> Total DOFs: 84451
Setting up Boundary Conditions...
Initializing with Stokes...
  -> Stokes initialization successful.

Starting Solver Loop (Numba Accelerated). Target Nu=1.00e-05

--- STEP 1/1: Nu = 1.00e-05 ---
  Static Assembly: 24.3559s
  Iter  1: err=1.56e+00(34.310s)
  Iter  2: err=5.16e-01(34.908s)
  Iter  3: err=3.28e-01(35.049s)
  Iter  4: err=3.52e-01(34.480s)
  Iter  5: err=2.93e-01(34.349s)
  Iter  6: err=2.13e-01(35.334s)
  Iter  7: err=1.54e-01(34.770s)
  Iter  8: err=1.48e-01(34.620s)
  Iter  9: err=1.57e-01(35.207s)
  Iter 10: err=1.70e-01(34.163s)
  Iter 11: err=1.86e-01(32.608s)
  Iter 12: err=2.57e-01(35.139s)
  Iter 13: err=2.38e-01(35.429s)
  Iter 14: err=1.44e-01(35.352s)
  Iter 15: err=6.72e-02(34.007s)
  Iter 16: err=6.76e-02(32.874s)
  Iter 17: err=7.25e-02(32.581s)
  Iter 18: err=4.67e-02(32.273s)
  Iter 19: err=3.29e-02(32.461s)
  Iter 20: err=4.86e-02(31.198s)
  Iter 21: err=4.14e-02(31.811s)
  Iter 22: err=2.66e-02(32.399s)
  Iter 23: err=2.13e-02(34.177s)
  Iter 24: err=1.87e-02(31.913s)
  Iter 25: err=2.06e-02(29.597s)
Initializing Thermal Finite Elements (P1)...
Mapping Velocity...
Assembling Thermal System...
Solving Thermal Linear System...
  -> Solved. Range: [291.92, 365.76] K
Case 476 completed successfully.
