--- Starting Case 411 ---
Generating mesh at dataset\case_411\mesh.msh...

Initializing Finite Elements...
  -> Total DOFs: 90175
Setting up Boundary Conditions...
Initializing with Stokes...
  -> Stokes initialization successful.

Starting Solver Loop (Numba Accelerated). Target Nu=1.00e-05

--- STEP 1/1: Nu = 1.00e-05 ---
  Static Assembly: 24.2801s
  Iter  1: err=9.94e-01(33.379s)
  Iter  2: err=3.40e-01(35.081s)
  Iter  3: err=1.93e-01(36.233s)
  Iter  4: err=1.58e-01(35.835s)
  Iter  5: err=1.54e-01(34.786s)
  Iter  6: err=1.45e-01(35.417s)
  Iter  7: err=1.05e-01(36.587s)
  Iter  8: err=5.79e-02(37.566s)
  Iter  9: err=5.08e-02(37.992s)
  Iter 10: err=6.76e-02(38.477s)
  Iter 11: err=8.10e-02(38.195s)
  Iter 12: err=6.60e-02(38.030s)
  Iter 13: err=3.68e-02(37.710s)
  Iter 14: err=2.18e-02(36.521s)
  Iter 15: err=1.91e-02(36.091s)
  Iter 16: err=1.64e-02(36.221s)
  Iter 17: err=1.27e-02(35.832s)
  Iter 18: err=8.91e-03(36.714s)
  Iter 19: err=5.96e-03(38.278s)
  Iter 20: err=4.44e-03(39.862s)
  Convergence reached.
Initializing Thermal Finite Elements (P1)...
Mapping Velocity...
Assembling Thermal System...
Solving Thermal Linear System...
  -> Solved. Range: [292.33, 376.66] K
Case 411 completed successfully.
