--- Starting Case 81 ---
Generating mesh at dataset\case_081\mesh.msh...

Initializing Finite Elements...
  -> Total DOFs: 86575
Setting up Boundary Conditions...
Initializing with Stokes...
  -> Stokes initialization successful.

Starting Solver Loop (Numba Accelerated). Target Nu=1.00e-05

--- STEP 1/1: Nu = 1.00e-05 ---
  Static Assembly: 25.8853s
  Iter  1: err=6.72e-01(34.956s)
  Iter  2: err=2.08e-01(36.082s)
  Iter  3: err=8.13e-02(36.225s)
  Iter  4: err=4.73e-02(36.472s)
  Iter  5: err=3.30e-02(35.312s)
  Iter  6: err=2.33e-02(34.072s)
  Iter  7: err=1.59e-02(32.292s)
  Iter  8: err=1.09e-02(33.273s)
  Iter  9: err=7.47e-03(32.430s)
  Iter 10: err=5.25e-03(32.530s)
  Iter 11: err=3.89e-03(33.497s)
  Convergence reached.
Initializing Thermal Finite Elements (P1)...
Mapping Velocity...
Assembling Thermal System...
Solving Thermal Linear System...
  -> Solved. Range: [293.13, 362.03] K
Case 81 completed successfully.
