--- Starting Case 99 ---
Generating mesh at dataset\case_099\mesh.msh...

Initializing Finite Elements...
  -> Total DOFs: 80995
Setting up Boundary Conditions...
Initializing with Stokes...
  -> Stokes initialization successful.

Starting Solver Loop (Numba Accelerated). Target Nu=1.00e-05

--- STEP 1/1: Nu = 1.00e-05 ---
  Static Assembly: 19.0195s
  Iter  1: err=3.03e+00(25.678s)
  Iter  2: err=9.40e-01(26.064s)
  Iter  3: err=4.93e-01(26.842s)
  Iter  4: err=4.72e-01(27.014s)
  Iter  5: err=3.90e-01(25.205s)
  Iter  6: err=4.49e-01(24.630s)
  Iter  7: err=1.79e-01(25.916s)
  Iter  8: err=1.29e-01(27.146s)
  Iter  9: err=9.89e-02(27.699s)
  Iter 10: err=1.12e-01(26.852s)
  Iter 11: err=8.06e-02(27.829s)
  Iter 12: err=4.55e-02(28.059s)
  Iter 13: err=4.14e-02(28.661s)
  Iter 14: err=4.99e-02(26.791s)
  Iter 15: err=6.05e-02(25.472s)
  Iter 16: err=7.61e-02(26.158s)
  Iter 17: err=9.12e-02(27.477s)
  Iter 18: err=1.21e-01(24.628s)
  Iter 19: err=1.63e-01(23.928s)
  Iter 20: err=2.54e-01(26.412s)
  Iter 21: err=4.08e-01(25.817s)
  Iter 22: err=2.83e-01(26.981s)
  Iter 23: err=2.18e-01(26.872s)
  Iter 24: err=1.90e-01(25.895s)
  Iter 25: err=2.02e-01(27.817s)
Initializing Thermal Finite Elements (P1)...
Mapping Velocity...
Assembling Thermal System...
Solving Thermal Linear System...
  -> Solved. Range: [292.45, 340.31] K
Case 99 completed successfully.
