--- Starting Case 457 ---
Generating mesh at dataset\case_457\mesh.msh...

Initializing Finite Elements...
  -> Total DOFs: 87547
Setting up Boundary Conditions...
Initializing with Stokes...
  -> Stokes initialization successful.

Starting Solver Loop (Numba Accelerated). Target Nu=1.00e-05

--- STEP 1/1: Nu = 1.00e-05 ---
  Static Assembly: 26.5324s
  Iter  1: err=7.40e-01(38.993s)
  Iter  2: err=2.54e-01(38.036s)
  Iter  3: err=1.48e-01(38.836s)
  Iter  4: err=1.24e-01(39.496s)
  Iter  5: err=1.30e-01(39.768s)
  Iter  6: err=1.48e-01(40.285s)
  Iter  7: err=7.91e-02(38.914s)
  Iter  8: err=7.79e-02(39.709s)
  Iter  9: err=8.73e-02(39.231s)
  Iter 10: err=7.97e-02(38.228s)
  Iter 11: err=5.50e-02(36.973s)
  Iter 12: err=3.46e-02(38.167s)
  Iter 13: err=2.32e-02(39.545s)
  Iter 14: err=1.89e-02(38.982s)
  Iter 15: err=1.55e-02(38.988s)
  Iter 16: err=1.32e-02(34.546s)
  Iter 17: err=1.12e-02(36.420s)
  Iter 18: err=9.64e-03(37.068s)
  Iter 19: err=8.79e-03(37.655s)
  Iter 20: err=8.21e-03(37.561s)
  Iter 21: err=7.38e-03(38.129s)
  Iter 22: err=6.06e-03(37.902s)
  Iter 23: err=4.55e-03(37.969s)
  Convergence reached.
Initializing Thermal Finite Elements (P1)...
Mapping Velocity...
Assembling Thermal System...
Solving Thermal Linear System...
  -> Solved. Range: [292.56, 380.65] K
Case 457 completed successfully.
