--- Starting Case 142 ---
Generating mesh at dataset\case_142\mesh.msh...

Initializing Finite Elements...
  -> Total DOFs: 85549
Setting up Boundary Conditions...
Initializing with Stokes...
  -> Stokes initialization successful.

Starting Solver Loop (Numba Accelerated). Target Nu=1.00e-05

--- STEP 1/1: Nu = 1.00e-05 ---
  Static Assembly: 11.5872s
  Iter  1: err=6.64e-01(17.763s)
  Iter  2: err=2.10e-01(17.134s)
  Iter  3: err=8.72e-02(17.166s)
  Iter  4: err=5.37e-02(17.961s)
  Iter  5: err=3.82e-02(16.812s)
  Iter  6: err=3.13e-02(17.880s)
  Iter  7: err=2.38e-02(17.542s)
  Iter  8: err=1.77e-02(17.012s)
  Iter  9: err=1.46e-02(17.178s)
  Iter 10: err=1.20e-02(16.711s)
  Iter 11: err=9.13e-03(20.173s)
  Iter 12: err=6.95e-03(17.044s)
  Iter 13: err=5.44e-03(17.003s)
  Iter 14: err=4.38e-03(17.017s)
  Convergence reached.
Initializing Thermal Finite Elements (P1)...
Mapping Velocity...
Assembling Thermal System...
Solving Thermal Linear System...
  -> Solved. Range: [292.44, 365.86] K
Case 142 completed successfully.
