--- Starting Case 59 ---
Generating mesh at dataset\case_059\mesh.msh...

Initializing Finite Elements...
  -> Total DOFs: 84163
Setting up Boundary Conditions...
Initializing with Stokes...
  -> Stokes initialization successful.

Starting Solver Loop (Numba Accelerated). Target Nu=1.00e-05

--- STEP 1/1: Nu = 1.00e-05 ---
  Static Assembly: 11.8580s
  Iter  1: err=7.13e-01(17.077s)
  Iter  2: err=2.36e-01(17.640s)
  Iter  3: err=1.22e-01(17.383s)
  Iter  4: err=9.70e-02(17.160s)
  Iter  5: err=8.70e-02(17.485s)
  Iter  6: err=9.75e-02(17.830s)
  Iter  7: err=8.27e-02(17.342s)
  Iter  8: err=5.16e-02(17.332s)
  Iter  9: err=3.50e-02(17.262s)
  Iter 10: err=3.19e-02(17.587s)
  Iter 11: err=2.34e-02(17.314s)
  Iter 12: err=1.40e-02(17.889s)
  Iter 13: err=1.33e-02(17.828s)
  Iter 14: err=9.39e-03(17.722s)
  Iter 15: err=7.54e-03(17.616s)
  Iter 16: err=6.08e-03(17.293s)
  Iter 17: err=4.72e-03(17.457s)
  Convergence reached.
Initializing Thermal Finite Elements (P1)...
Mapping Velocity...
Assembling Thermal System...
Solving Thermal Linear System...
  -> Solved. Range: [292.82, 361.83] K
Case 59 completed successfully.
