--- Starting Case 473 ---
Generating mesh at dataset\case_473\mesh.msh...

Initializing Finite Elements...
  -> Total DOFs: 83515
Setting up Boundary Conditions...
Initializing with Stokes...
  -> Stokes initialization successful.

Starting Solver Loop (Numba Accelerated). Target Nu=1.00e-05

--- STEP 1/1: Nu = 1.00e-05 ---
  Static Assembly: 24.0363s
  Iter  1: err=1.62e+00(32.569s)
  Iter  2: err=6.06e-01(29.019s)
  Iter  3: err=4.33e-01(31.105s)
  Iter  4: err=7.02e-01(30.668s)
  Iter  5: err=5.95e-01(32.223s)
  Iter  6: err=3.27e-01(31.755s)
  Iter  7: err=3.76e-01(31.817s)
  Iter  8: err=3.36e-01(32.103s)
  Iter  9: err=2.62e-01(32.329s)
  Iter 10: err=2.84e-01(31.653s)
  Iter 11: err=3.67e-01(32.398s)
  Iter 12: err=3.98e-01(32.480s)
  Iter 13: err=2.92e-01(31.958s)
  Iter 14: err=3.19e-01(33.013s)
  Iter 15: err=2.73e-01(31.193s)
  Iter 16: err=2.49e-01(29.981s)
  Iter 17: err=2.09e-01(32.113s)
  Iter 18: err=1.99e-01(32.724s)
  Iter 19: err=1.99e-01(32.680s)
  Iter 20: err=1.80e-01(32.503s)
  Iter 21: err=1.92e-01(30.068s)
  Iter 22: err=2.88e-01(30.598s)
  Iter 23: err=2.21e-01(30.047s)
  Iter 24: err=2.32e-01(29.644s)
  Iter 25: err=3.38e-01(29.776s)
Initializing Thermal Finite Elements (P1)...
Mapping Velocity...
Assembling Thermal System...
Solving Thermal Linear System...
  -> Solved. Range: [291.91, 315.38] K
Case 473 completed successfully.
