--- Starting Case 303 ---
Generating mesh at dataset\case_303\mesh.msh...

Initializing Finite Elements...
  -> Total DOFs: 86143
Setting up Boundary Conditions...
Initializing with Stokes...
  -> Stokes initialization successful.

Starting Solver Loop (Numba Accelerated). Target Nu=1.00e-05

--- STEP 1/1: Nu = 1.00e-05 ---
  Static Assembly: 23.7660s
  Iter  1: err=1.15e+00(34.970s)
  Iter  2: err=4.40e-01(34.001s)
  Iter  3: err=2.78e-01(35.066s)
  Iter  4: err=2.05e-01(36.640s)
  Iter  5: err=2.04e-01(36.017s)
  Iter  6: err=2.79e-01(32.495s)
  Iter  7: err=3.38e-01(33.536s)
  Iter  8: err=3.56e-01(35.057s)
  Iter  9: err=2.41e-01(36.225s)
  Iter 10: err=2.65e-01(36.442s)
  Iter 11: err=1.52e-01(34.816s)
  Iter 12: err=1.26e-01(34.437s)
  Iter 13: err=1.01e-01(36.150s)
  Iter 14: err=1.47e-01(35.994s)
  Iter 15: err=1.10e-01(36.418s)
  Iter 16: err=8.67e-02(37.677s)
  Iter 17: err=6.47e-02(37.672s)
  Iter 18: err=4.59e-02(37.114s)
  Iter 19: err=3.57e-02(35.215s)
  Iter 20: err=3.50e-02(33.754s)
  Iter 21: err=3.50e-02(33.027s)
  Iter 22: err=3.26e-02(31.363s)
  Iter 23: err=3.33e-02(30.862s)
  Iter 24: err=3.83e-02(31.724s)
  Iter 25: err=4.42e-02(32.638s)
Initializing Thermal Finite Elements (P1)...
Mapping Velocity...
Assembling Thermal System...
Solving Thermal Linear System...
  -> Solved. Range: [291.70, 334.36] K
Case 303 completed successfully.
