--- Starting Case 49 ---
Generating mesh at dataset\case_049\mesh.msh...

Initializing Finite Elements...
  -> Total DOFs: 81463
Setting up Boundary Conditions...
Initializing with Stokes...
  -> Stokes initialization successful.

Starting Solver Loop (Numba Accelerated). Target Nu=1.00e-05

--- STEP 1/1: Nu = 1.00e-05 ---
  Static Assembly: 18.9882s
  Iter  1: err=1.98e+00(26.416s)
  Iter  2: err=6.74e-01(26.577s)
  Iter  3: err=3.43e-01(27.121s)
  Iter  4: err=2.97e-01(26.036s)
  Iter  5: err=2.21e-01(26.392s)
  Iter  6: err=1.72e-01(26.010s)
  Iter  7: err=1.87e-01(27.092s)
  Iter  8: err=1.48e-01(26.986s)
  Iter  9: err=1.89e-01(27.291s)
  Iter 10: err=2.39e-01(27.033s)
  Iter 11: err=1.95e-01(26.569s)
  Iter 12: err=2.51e-01(27.017s)
  Iter 13: err=3.48e-01(25.748s)
  Iter 14: err=1.71e-01(25.488s)
  Iter 15: err=2.48e-01(25.429s)
  Iter 16: err=1.38e-01(25.898s)
  Iter 17: err=9.60e-02(25.190s)
  Iter 18: err=7.15e-02(26.102s)
  Iter 19: err=1.08e-01(27.911s)
  Iter 20: err=1.90e-01(28.673s)
  Iter 21: err=9.46e-02(28.296s)
  Iter 22: err=8.81e-02(26.528s)
  Iter 23: err=8.77e-02(26.058s)
  Iter 24: err=6.47e-02(26.343s)
  Iter 25: err=4.87e-02(26.133s)
Initializing Thermal Finite Elements (P1)...
Mapping Velocity...
Assembling Thermal System...
Solving Thermal Linear System...
  -> Solved. Range: [291.94, 327.14] K
Case 49 completed successfully.
