--- Starting Case 62 ---
Generating mesh at dataset\case_062\mesh.msh...

Initializing Finite Elements...
  -> Total DOFs: 85513
Setting up Boundary Conditions...
Initializing with Stokes...
  -> Stokes initialization successful.

Starting Solver Loop (Numba Accelerated). Target Nu=1.00e-05

--- STEP 1/1: Nu = 1.00e-05 ---
  Static Assembly: 13.1718s
  Iter  1: err=6.53e-01(17.816s)
  Iter  2: err=2.36e-01(18.121s)
  Iter  3: err=1.25e-01(18.097s)
  Iter  4: err=8.77e-02(18.192s)
  Iter  5: err=7.30e-02(19.051s)
  Iter  6: err=6.64e-02(18.349s)
  Iter  7: err=5.67e-02(17.901s)
  Iter  8: err=4.70e-02(18.464s)
  Iter  9: err=4.54e-02(18.030s)
  Iter 10: err=4.39e-02(19.215s)
  Iter 11: err=4.01e-02(18.160s)
  Iter 12: err=3.07e-02(18.168s)
  Iter 13: err=2.36e-02(18.149s)
  Iter 14: err=2.09e-02(18.597s)
  Iter 15: err=1.59e-02(18.162s)
  Iter 16: err=1.33e-02(18.334s)
  Iter 17: err=1.42e-02(18.179s)
  Iter 18: err=1.34e-02(18.783s)
  Iter 19: err=9.76e-03(18.492s)
  Iter 20: err=8.85e-03(18.268s)
  Iter 21: err=7.92e-03(18.140s)
  Iter 22: err=5.99e-03(18.802s)
  Iter 23: err=5.33e-03(18.544s)
  Iter 24: err=5.53e-03(18.481s)
  Iter 25: err=4.39e-03(18.437s)
  Convergence reached.
Initializing Thermal Finite Elements (P1)...
Mapping Velocity...
Assembling Thermal System...
Solving Thermal Linear System...
  -> Solved. Range: [292.39, 378.76] K
Case 62 completed successfully.
