--- Starting Case 166 ---
Generating mesh at dataset\case_166\mesh.msh...

Initializing Finite Elements...
  -> Total DOFs: 85351
Setting up Boundary Conditions...
Initializing with Stokes...
  -> Stokes initialization successful.

Starting Solver Loop (Numba Accelerated). Target Nu=1.00e-05

--- STEP 1/1: Nu = 1.00e-05 ---
  Static Assembly: 11.8028s
  Iter  1: err=7.79e-01(16.848s)
  Iter  2: err=2.46e-01(16.947s)
  Iter  3: err=1.14e-01(16.875s)
  Iter  4: err=8.08e-02(17.426s)
  Iter  5: err=6.55e-02(16.716s)
  Iter  6: err=5.75e-02(16.565s)
  Iter  7: err=4.96e-02(16.569s)
  Iter  8: err=3.79e-02(16.580s)
  Iter  9: err=2.61e-02(17.080s)
  Iter 10: err=2.12e-02(16.800s)
  Iter 11: err=1.80e-02(16.589s)
  Iter 12: err=1.43e-02(16.737s)
  Iter 13: err=1.34e-02(16.984s)
  Iter 14: err=1.31e-02(16.651s)
  Iter 15: err=1.54e-02(17.623s)
  Iter 16: err=2.30e-02(18.019s)
  Iter 17: err=4.85e-02(16.526s)
  Iter 18: err=5.15e-01(16.487s)
  Iter 19: err=3.52e-01(16.559s)
  Iter 20: err=1.62e-01(16.558s)
  Iter 21: err=9.70e-02(16.588s)
  Iter 22: err=5.39e-02(16.380s)
  Iter 23: err=4.51e-02(16.326s)
  Iter 24: err=4.18e-02(16.346s)
  Iter 25: err=3.43e-02(16.784s)
Initializing Thermal Finite Elements (P1)...
Mapping Velocity...
Assembling Thermal System...
Solving Thermal Linear System...
  -> Solved. Range: [292.96, 364.05] K
Case 166 completed successfully.
