--- Starting Case 239 ---
Generating mesh at dataset\case_239\mesh.msh...

Initializing Finite Elements...
  -> Total DOFs: 85243
Setting up Boundary Conditions...
Initializing with Stokes...
  -> Stokes initialization successful.

Starting Solver Loop (Numba Accelerated). Target Nu=1.00e-05

--- STEP 1/1: Nu = 1.00e-05 ---
  Static Assembly: 23.9404s
  Iter  1: err=1.95e+00(30.750s)
  Iter  2: err=7.15e-01(31.021s)
  Iter  3: err=3.85e-01(32.621s)
  Iter  4: err=3.18e-01(34.010s)
  Iter  5: err=2.82e-01(31.026s)
  Iter  6: err=2.30e-01(32.144s)
  Iter  7: err=1.91e-01(33.170s)
  Iter  8: err=2.19e-01(32.828s)
  Iter  9: err=2.40e-01(32.789s)
  Iter 10: err=1.67e-01(33.331s)
  Iter 11: err=2.32e-01(34.135s)
  Iter 12: err=1.82e-01(34.153s)
  Iter 13: err=1.90e-01(34.752s)
  Iter 14: err=2.35e-01(33.555s)
  Iter 15: err=3.45e-01(34.057s)
  Iter 16: err=2.35e-01(32.816s)
  Iter 17: err=1.63e-01(32.372s)
  Iter 18: err=1.80e-01(31.428s)
  Iter 19: err=2.08e-01(32.311s)
  Iter 20: err=2.37e-01(32.566s)
  Iter 21: err=2.87e-01(33.213s)
  Iter 22: err=1.53e-01(32.967s)
  Iter 23: err=1.57e-01(33.878s)
  Iter 24: err=2.18e-01(33.820s)
  Iter 25: err=1.44e-01(33.699s)
Initializing Thermal Finite Elements (P1)...
Mapping Velocity...
Assembling Thermal System...
Solving Thermal Linear System...
  -> Solved. Range: [235.66, 318.01] K
Case 239 completed successfully.
