--- Starting Case 151 ---
Generating mesh at dataset\case_151\mesh.msh...

Initializing Finite Elements...
  -> Total DOFs: 86899
Setting up Boundary Conditions...
Initializing with Stokes...
  -> Stokes initialization successful.

Starting Solver Loop (Numba Accelerated). Target Nu=1.00e-05

--- STEP 1/1: Nu = 1.00e-05 ---
  Static Assembly: 25.8315s
  Iter  1: err=6.89e-01(36.557s)
  Iter  2: err=2.31e-01(33.394s)
  Iter  3: err=1.20e-01(38.795s)
  Iter  4: err=9.03e-02(38.349s)
  Iter  5: err=7.69e-02(37.011s)
  Iter  6: err=4.51e-02(37.284s)
  Iter  7: err=3.03e-02(35.403s)
  Iter  8: err=2.30e-02(35.041s)
  Iter  9: err=1.99e-02(32.056s)
  Iter 10: err=1.66e-02(33.017s)
  Iter 11: err=1.16e-02(34.504s)
  Iter 12: err=7.33e-03(35.356s)
  Iter 13: err=4.28e-03(34.914s)
  Convergence reached.
Initializing Thermal Finite Elements (P1)...
Mapping Velocity...
Assembling Thermal System...
Solving Thermal Linear System...
  -> Solved. Range: [292.70, 381.40] K
Case 151 completed successfully.
