--- Starting Case 167 ---
Generating mesh at dataset\case_167\mesh.msh...

Initializing Finite Elements...
  -> Total DOFs: 91345
Setting up Boundary Conditions...
Initializing with Stokes...
  -> Stokes initialization successful.

Starting Solver Loop (Numba Accelerated). Target Nu=1.00e-05

--- STEP 1/1: Nu = 1.00e-05 ---
  Static Assembly: 26.2345s
  Iter  1: err=7.81e-01(36.301s)
  Iter  2: err=2.58e-01(36.572s)
  Iter  3: err=1.13e-01(38.130s)
  Iter  4: err=6.51e-02(41.939s)
  Iter  5: err=4.46e-02(43.613s)
  Iter  6: err=3.32e-02(42.161s)
  Iter  7: err=2.31e-02(42.985s)
  Iter  8: err=1.89e-02(43.093s)
  Iter  9: err=1.85e-02(41.653s)
  Iter 10: err=1.99e-02(40.071s)
  Iter 11: err=2.21e-02(37.899s)
  Iter 12: err=2.47e-02(38.642s)
  Iter 13: err=2.52e-02(37.638s)
  Iter 14: err=6.03e-02(35.838s)
  Iter 15: err=3.10e-02(39.243s)
  Iter 16: err=1.45e-02(38.293s)
  Iter 17: err=6.57e-03(38.060s)
  Iter 18: err=4.29e-03(37.131s)
  Convergence reached.
Initializing Thermal Finite Elements (P1)...
Mapping Velocity...
Assembling Thermal System...
Solving Thermal Linear System...
  -> Solved. Range: [293.12, 398.56] K
Case 167 completed successfully.
