--- Starting Case 117 ---
Generating mesh at dataset\case_117\mesh.msh...

Initializing Finite Elements...
  -> Total DOFs: 86539
Setting up Boundary Conditions...
Initializing with Stokes...
  -> Stokes initialization successful.

Starting Solver Loop (Numba Accelerated). Target Nu=1.00e-05

--- STEP 1/1: Nu = 1.00e-05 ---
  Static Assembly: 23.2600s
  Iter  1: err=8.46e-01(34.718s)
  Iter  2: err=2.77e-01(36.016s)
  Iter  3: err=1.42e-01(33.148s)
  Iter  4: err=1.07e-01(38.898s)
  Iter  5: err=8.70e-02(38.830s)
  Iter  6: err=8.12e-02(38.993s)
  Iter  7: err=6.18e-02(38.561s)
  Iter  8: err=4.70e-02(39.053s)
  Iter  9: err=6.87e-02(38.460s)
  Iter 10: err=7.54e-01(37.904s)
  Iter 11: err=8.38e-01(36.932s)
  Iter 12: err=2.90e+00(35.674s)
  Iter 13: err=7.93e-01(36.621s)
  Iter 14: err=2.76e-01(35.938s)
  Iter 15: err=1.45e-01(35.373s)
  Iter 16: err=1.03e-01(35.138s)
  Iter 17: err=8.36e-02(36.062s)
  Iter 18: err=8.07e-02(35.624s)
  Iter 19: err=4.57e-02(34.786s)
  Iter 20: err=3.49e-02(32.631s)
  Iter 21: err=2.90e-02(32.280s)
  Iter 22: err=2.42e-02(35.857s)
  Iter 23: err=2.37e-02(36.408s)
  Iter 24: err=2.07e-02(36.764s)
  Iter 25: err=1.82e-02(36.972s)
Initializing Thermal Finite Elements (P1)...
Mapping Velocity...
Assembling Thermal System...
Solving Thermal Linear System...
  -> Solved. Range: [292.43, 346.04] K
Case 117 completed successfully.
