--- Starting Case 64 ---
Generating mesh at dataset\case_064\mesh.msh...

Initializing Finite Elements...
  -> Total DOFs: 84073
Setting up Boundary Conditions...
Initializing with Stokes...
  -> Stokes initialization successful.

Starting Solver Loop (Numba Accelerated). Target Nu=1.00e-05

--- STEP 1/1: Nu = 1.00e-05 ---
  Static Assembly: 12.9824s
  Iter  1: err=5.75e-01(18.867s)
  Iter  2: err=1.81e-01(18.654s)
  Iter  3: err=6.17e-02(18.589s)
  Iter  4: err=2.71e-02(18.743s)
  Iter  5: err=1.56e-02(18.517s)
  Iter  6: err=1.00e-02(18.423s)
  Iter  7: err=6.63e-03(19.766s)
  Iter  8: err=4.67e-03(18.543s)
  Convergence reached.
Initializing Thermal Finite Elements (P1)...
Mapping Velocity...
Assembling Thermal System...
Solving Thermal Linear System...
  -> Solved. Range: [292.39, 339.84] K
Case 64 completed successfully.
