--- Starting Case 312 ---
Generating mesh at dataset\case_312\mesh.msh...

Initializing Finite Elements...
  -> Total DOFs: 79411
Setting up Boundary Conditions...
Initializing with Stokes...
  -> Stokes initialization successful.

Starting Solver Loop (Numba Accelerated). Target Nu=1.00e-05

--- STEP 1/1: Nu = 1.00e-05 ---
  Static Assembly: 22.2926s
  Iter  1: err=3.22e+00(30.857s)
  Iter  2: err=1.09e+00(31.662s)
  Iter  3: err=5.75e-01(30.109s)
  Iter  4: err=4.41e-01(30.025s)
  Iter  5: err=4.43e-01(29.089s)
  Iter  6: err=4.38e-01(28.077s)
  Iter  7: err=5.60e-01(28.043s)
  Iter  8: err=5.87e-01(25.614s)
  Iter  9: err=3.35e-01(25.677s)
  Iter 10: err=2.76e-01(25.706s)
  Iter 11: err=2.49e-01(26.252s)
  Iter 12: err=2.67e-01(26.575s)
  Iter 13: err=3.92e-01(26.431s)
  Iter 14: err=3.91e-01(26.644s)
  Iter 15: err=3.33e-01(26.624s)
  Iter 16: err=4.02e-01(25.501s)
  Iter 17: err=5.81e-01(26.699s)
  Iter 18: err=1.00e+00(28.490s)
  Iter 19: err=1.56e+01(26.996s)
  Iter 20: err=9.08e+00(27.206s)
  Iter 21: err=3.31e+00(26.376s)
  Iter 22: err=1.18e+00(28.987s)
  Iter 23: err=6.00e-01(28.707s)
  Iter 24: err=4.82e-01(25.905s)
  Iter 25: err=4.76e-01(26.123s)
Initializing Thermal Finite Elements (P1)...
Mapping Velocity...
Assembling Thermal System...
Solving Thermal Linear System...
  -> Solved. Range: [291.58, 364.89] K
Case 312 completed successfully.
