--- Starting Case 227 ---
Generating mesh at dataset\case_227\mesh.msh...

Initializing Finite Elements...
  -> Total DOFs: 80887
Setting up Boundary Conditions...
Initializing with Stokes...
  -> Stokes initialization successful.

Starting Solver Loop (Numba Accelerated). Target Nu=1.00e-05

--- STEP 1/1: Nu = 1.00e-05 ---
  Static Assembly: 22.0069s
  Iter  1: err=2.92e+00(30.562s)
  Iter  2: err=9.04e-01(30.592s)
  Iter  3: err=8.06e-01(29.747s)
  Iter  4: err=9.35e-01(29.029s)
  Iter  5: err=1.91e+00(29.771s)
  Iter  6: err=6.55e-01(31.368s)
  Iter  7: err=3.36e-01(30.194s)
  Iter  8: err=2.86e-01(33.084s)
  Iter  9: err=3.67e-01(31.146s)
  Iter 10: err=3.61e-01(31.278s)
  Iter 11: err=6.27e-01(27.580s)
  Iter 12: err=7.44e-01(32.159s)
  Iter 13: err=2.73e-01(30.448s)
  Iter 14: err=1.75e-01(32.376s)
  Iter 15: err=7.57e-02(29.943s)
  Iter 16: err=5.06e-02(27.295s)
  Iter 17: err=5.02e-02(27.989s)
  Iter 18: err=5.41e-02(30.100s)
  Iter 19: err=4.59e-02(30.018s)
  Iter 20: err=3.78e-02(27.810s)
  Iter 21: err=3.80e-02(28.354s)
  Iter 22: err=3.98e-02(28.833s)
  Iter 23: err=3.75e-02(30.138s)
  Iter 24: err=3.53e-02(29.617s)
  Iter 25: err=3.21e-02(29.723s)
Initializing Thermal Finite Elements (P1)...
Mapping Velocity...
Assembling Thermal System...
Solving Thermal Linear System...
  -> Solved. Range: [291.88, 328.61] K
Case 227 completed successfully.
