--- Starting Case 188 ---
Generating mesh at dataset\case_188\mesh.msh...

Initializing Finite Elements...
  -> Total DOFs: 89707
Setting up Boundary Conditions...
Initializing with Stokes...
  -> Stokes initialization successful.

Starting Solver Loop (Numba Accelerated). Target Nu=1.00e-05

--- STEP 1/1: Nu = 1.00e-05 ---
  Static Assembly: 27.4768s
  Iter  1: err=6.24e-01(39.662s)
  Iter  2: err=2.07e-01(39.307s)
  Iter  3: err=1.00e-01(38.898s)
  Iter  4: err=6.76e-02(39.716s)
  Iter  5: err=4.81e-02(39.598s)
  Iter  6: err=2.93e-02(38.860s)
  Iter  7: err=1.78e-02(39.715s)
  Iter  8: err=1.13e-02(39.409s)
  Iter  9: err=7.75e-03(38.198s)
  Iter 10: err=5.91e-03(37.985s)
  Iter 11: err=4.65e-03(37.469s)
  Convergence reached.
Initializing Thermal Finite Elements (P1)...
Mapping Velocity...
Assembling Thermal System...
Solving Thermal Linear System...
  -> Solved. Range: [293.06, 395.35] K
Case 188 completed successfully.
