--- Starting Case 128 ---
Generating mesh at dataset\case_128\mesh.msh...

Initializing Finite Elements...
  -> Total DOFs: 94747
Setting up Boundary Conditions...
Initializing with Stokes...
  -> Stokes initialization successful.

Starting Solver Loop (Numba Accelerated). Target Nu=1.00e-05

--- STEP 1/1: Nu = 1.00e-05 ---
  Static Assembly: 32.0388s
  Iter  1: err=8.97e-01(42.214s)
  Iter  2: err=3.00e-01(41.203s)
  Iter  3: err=1.58e-01(40.001s)
  Iter  4: err=1.16e-01(40.226s)
  Iter  5: err=9.59e-02(38.012s)
  Iter  6: err=1.04e-01(38.557s)
  Iter  7: err=9.02e-02(38.768s)
  Iter  8: err=6.00e-02(38.790s)
  Iter  9: err=4.16e-02(38.863s)
  Iter 10: err=3.22e-02(35.466s)
  Iter 11: err=2.91e-02(35.253s)
  Iter 12: err=3.53e-02(41.942s)
  Iter 13: err=5.01e-02(41.514s)
  Iter 14: err=1.79e-01(39.859s)
  Iter 15: err=2.69e-01(39.570s)
  Iter 16: err=1.06e-01(36.214s)
  Iter 17: err=6.93e-02(36.614s)
  Iter 18: err=4.10e-02(37.006s)
  Iter 19: err=3.13e-02(38.200s)
  Iter 20: err=5.46e-02(37.118s)
  Iter 21: err=8.43e-01(38.233s)
  Iter 22: err=1.18e+00(34.253s)
  Iter 23: err=5.84e-01(38.189s)
  Iter 24: err=3.10e-01(43.681s)
  Iter 25: err=3.16e-01(38.214s)
Initializing Thermal Finite Elements (P1)...
Mapping Velocity...
Assembling Thermal System...
Solving Thermal Linear System...
  -> Solved. Range: [292.88, 368.04] K
Case 128 completed successfully.
