--- Starting Case 468 ---
Generating mesh at dataset\case_468\mesh.msh...

Initializing Finite Elements...
  -> Total DOFs: 82417
Setting up Boundary Conditions...
Initializing with Stokes...
  -> Stokes initialization successful.

Starting Solver Loop (Numba Accelerated). Target Nu=1.00e-05

--- STEP 1/1: Nu = 1.00e-05 ---
  Static Assembly: 26.2170s
  Iter  1: err=6.78e-01(36.247s)
  Iter  2: err=2.12e-01(36.070s)
  Iter  3: err=8.41e-02(36.893s)
  Iter  4: err=5.24e-02(37.270s)
  Iter  5: err=4.22e-02(37.132s)
  Iter  6: err=3.30e-02(34.516s)
  Iter  7: err=2.18e-02(34.917s)
  Iter  8: err=1.87e-02(34.906s)
  Iter  9: err=1.89e-02(36.087s)
  Iter 10: err=2.45e-02(35.758s)
  Iter 11: err=3.29e-01(36.320s)
  Iter 12: err=2.97e-01(36.756s)
  Iter 13: err=7.29e-02(36.127s)
  Iter 14: err=1.37e-01(36.812s)
  Iter 15: err=1.08e-01(36.686s)
  Iter 16: err=4.03e-01(35.809s)
  Iter 17: err=1.99e-01(36.814s)
  Iter 18: err=8.52e-02(34.672s)
  Iter 19: err=5.01e-02(33.805s)
  Iter 20: err=3.36e-02(36.844s)
  Iter 21: err=3.34e-02(37.453s)
  Iter 22: err=4.10e-02(36.532s)
  Iter 23: err=2.79e-02(34.951s)
  Iter 24: err=1.81e-02(34.385s)
  Iter 25: err=1.47e-02(34.070s)
Initializing Thermal Finite Elements (P1)...
Mapping Velocity...
Assembling Thermal System...
Solving Thermal Linear System...
  -> Solved. Range: [292.81, 377.02] K
Case 468 completed successfully.
