--- Starting Case 229 ---
Generating mesh at dataset\case_229\mesh.msh...

Initializing Finite Elements...
  -> Total DOFs: 82687
Setting up Boundary Conditions...
Initializing with Stokes...
  -> Stokes initialization successful.

Starting Solver Loop (Numba Accelerated). Target Nu=1.00e-05

--- STEP 1/1: Nu = 1.00e-05 ---
  Static Assembly: 24.9556s
  Iter  1: err=1.23e+00(31.721s)
  Iter  2: err=5.24e-01(33.213s)
  Iter  3: err=3.78e-01(33.102s)
  Iter  4: err=2.68e-01(32.833s)
  Iter  5: err=2.30e-01(34.779s)
  Iter  6: err=2.20e-01(35.121s)
  Iter  7: err=2.29e-01(34.488s)
  Iter  8: err=2.79e-01(32.782s)
  Iter  9: err=1.54e-01(34.029s)
  Iter 10: err=1.41e-01(37.057s)
  Iter 11: err=1.71e-01(34.361s)
  Iter 12: err=5.30e-01(29.942s)
  Iter 13: err=5.06e-01(30.717s)
  Iter 14: err=1.88e-01(32.763s)
  Iter 15: err=1.46e-01(32.836s)
  Iter 16: err=1.15e-01(30.543s)
  Iter 17: err=9.03e-02(31.266s)
  Iter 18: err=1.36e-01(33.263s)
  Iter 19: err=1.52e-01(32.801s)
  Iter 20: err=1.40e-01(32.099s)
  Iter 21: err=1.16e-01(32.370s)
  Iter 22: err=6.25e-01(33.477s)
  Iter 23: err=7.18e-01(34.056s)
  Iter 24: err=7.58e-01(33.861s)
  Iter 25: err=6.16e-01(34.167s)
Initializing Thermal Finite Elements (P1)...
Mapping Velocity...
Assembling Thermal System...
Solving Thermal Linear System...
  -> Solved. Range: [292.51, 324.83] K
Case 229 completed successfully.
