--- Starting Case 233 ---
Generating mesh at dataset\case_233\mesh.msh...

Initializing Finite Elements...
  -> Total DOFs: 81031
Setting up Boundary Conditions...
Initializing with Stokes...
  -> Stokes initialization successful.

Starting Solver Loop (Numba Accelerated). Target Nu=1.00e-05

--- STEP 1/1: Nu = 1.00e-05 ---
  Static Assembly: 24.7988s
  Iter  1: err=2.54e+00(31.254s)
  Iter  2: err=1.00e+00(30.243s)
  Iter  3: err=6.36e+00(31.995s)
  Iter  4: err=2.05e+00(33.424s)
  Iter  5: err=6.60e-01(31.062s)
  Iter  6: err=5.85e-01(29.586s)
  Iter  7: err=5.60e-01(28.463s)
  Iter  8: err=5.75e-01(30.281s)
  Iter  9: err=4.49e-01(31.195s)
  Iter 10: err=2.55e-01(29.788s)
  Iter 11: err=2.81e-01(29.546s)
  Iter 12: err=2.27e-01(30.146s)
  Iter 13: err=8.74e-01(30.924s)
  Iter 14: err=1.40e+00(30.626s)
  Iter 15: err=6.29e-01(30.002s)
  Iter 16: err=4.01e-01(30.674s)
  Iter 17: err=3.02e-01(31.743s)
  Iter 18: err=2.37e-01(32.678s)
  Iter 19: err=3.03e-01(31.877s)
  Iter 20: err=2.63e-01(32.118s)
  Iter 21: err=2.01e-01(32.133s)
  Iter 22: err=1.57e-01(31.827s)
  Iter 23: err=8.46e-02(30.440s)
  Iter 24: err=6.09e-02(29.521s)
  Iter 25: err=4.04e-02(29.651s)
Initializing Thermal Finite Elements (P1)...
Mapping Velocity...
Assembling Thermal System...
Solving Thermal Linear System...
  -> Solved. Range: [292.00, 328.82] K
Case 233 completed successfully.
