--- Starting Case 190 ---
Generating mesh at dataset\case_190\mesh.msh...

Initializing Finite Elements...
  -> Total DOFs: 88555
Setting up Boundary Conditions...
Initializing with Stokes...
  -> Stokes initialization successful.

Starting Solver Loop (Numba Accelerated). Target Nu=1.00e-05

--- STEP 1/1: Nu = 1.00e-05 ---
  Static Assembly: 24.4694s
  Iter  1: err=1.70e+00(33.150s)
  Iter  2: err=5.73e-01(32.998s)
  Iter  3: err=2.87e-01(33.317s)
  Iter  4: err=2.37e-01(33.452s)
  Iter  5: err=2.21e-01(33.134s)
  Iter  6: err=3.76e-01(33.169s)
  Iter  7: err=3.07e-01(33.422s)
  Iter  8: err=3.91e-01(33.164s)
  Iter  9: err=2.53e-01(33.057s)
  Iter 10: err=1.98e-01(31.444s)
  Iter 11: err=1.57e-01(31.678s)
  Iter 12: err=1.16e-01(31.728s)
  Iter 13: err=1.24e-01(32.164s)
  Iter 14: err=1.80e-01(31.542s)
  Iter 15: err=1.78e-01(31.307s)
  Iter 16: err=8.17e-01(31.812s)
  Iter 17: err=6.46e-01(31.812s)
  Iter 18: err=2.73e-01(33.151s)
  Iter 19: err=2.10e-01(33.404s)
  Iter 20: err=1.53e-01(33.589s)
  Iter 21: err=1.35e-01(33.422s)
  Iter 22: err=1.19e-01(33.501s)
  Iter 23: err=1.10e-01(34.221s)
  Iter 24: err=1.08e-01(33.558s)
  Iter 25: err=7.66e-02(31.062s)
Initializing Thermal Finite Elements (P1)...
Mapping Velocity...
Assembling Thermal System...
Solving Thermal Linear System...
  -> Solved. Range: [292.54, 358.28] K
Case 190 completed successfully.
