--- Starting Case 377 ---
Generating mesh at dataset\case_377\mesh.msh...

Initializing Finite Elements...
  -> Total DOFs: 87547
Setting up Boundary Conditions...
Initializing with Stokes...
  -> Stokes initialization successful.

Starting Solver Loop (Numba Accelerated). Target Nu=1.00e-05

--- STEP 1/1: Nu = 1.00e-05 ---
  Static Assembly: 26.8306s
  Iter  1: err=6.36e-01(38.615s)
  Iter  2: err=1.98e-01(39.736s)
  Iter  3: err=8.26e-02(39.940s)
  Iter  4: err=5.79e-02(40.068s)
  Iter  5: err=4.45e-02(39.075s)
  Iter  6: err=3.85e-02(39.459s)
  Iter  7: err=3.80e-02(39.040s)
  Iter  8: err=4.02e-02(38.339s)
  Iter  9: err=4.07e-02(41.058s)
  Iter 10: err=3.62e-02(39.081s)
  Iter 11: err=2.67e-02(39.915s)
  Iter 12: err=2.05e-02(39.799s)
  Iter 13: err=1.72e-02(39.734s)
  Iter 14: err=1.36e-02(39.054s)
  Iter 15: err=1.22e-02(39.749s)
  Iter 16: err=1.12e-02(40.157s)
  Iter 17: err=9.56e-03(36.769s)
  Iter 18: err=7.84e-03(38.337s)
  Iter 19: err=6.83e-03(37.590s)
  Iter 20: err=5.80e-03(39.561s)
  Iter 21: err=4.85e-03(38.291s)
  Convergence reached.
Initializing Thermal Finite Elements (P1)...
Mapping Velocity...
Assembling Thermal System...
Solving Thermal Linear System...
  -> Solved. Range: [291.60, 346.35] K
Case 377 completed successfully.
