--- Starting Case 410 ---
Generating mesh at dataset\case_410\mesh.msh...

Initializing Finite Elements...
  -> Total DOFs: 84703
Setting up Boundary Conditions...
Initializing with Stokes...
  -> Stokes initialization successful.

Starting Solver Loop (Numba Accelerated). Target Nu=1.00e-05

--- STEP 1/1: Nu = 1.00e-05 ---
  Static Assembly: 21.7417s
  Iter  1: err=1.26e+00(29.886s)
  Iter  2: err=4.47e-01(29.138s)
  Iter  3: err=2.40e-01(29.315s)
  Iter  4: err=1.80e-01(31.493s)
  Iter  5: err=2.06e-01(31.924s)
  Iter  6: err=3.02e-01(31.463s)
  Iter  7: err=3.64e-01(30.295s)
  Iter  8: err=3.29e-01(30.759s)
  Iter  9: err=7.04e-01(31.646s)
  Iter 10: err=2.85e-01(32.648s)
  Iter 11: err=2.30e-01(32.997s)
  Iter 12: err=1.83e-01(33.547s)
  Iter 13: err=1.36e-01(33.118s)
  Iter 14: err=2.29e-01(32.929s)
  Iter 15: err=3.30e-01(33.282s)
  Iter 16: err=1.36e-01(32.606s)
  Iter 17: err=8.66e-02(33.202s)
  Iter 18: err=7.26e-02(30.294s)
  Iter 19: err=5.55e-02(32.340s)
  Iter 20: err=6.53e-02(31.168s)
  Iter 21: err=7.56e-02(31.396s)
  Iter 22: err=5.85e-02(31.812s)
  Iter 23: err=6.25e-02(33.109s)
  Iter 24: err=5.23e-02(35.086s)
  Iter 25: err=4.39e-02(33.786s)
Initializing Thermal Finite Elements (P1)...
Mapping Velocity...
Assembling Thermal System...
Solving Thermal Linear System...
  -> Solved. Range: [291.81, 337.61] K
Case 410 completed successfully.
