--- Starting Case 174 ---
Generating mesh at dataset\case_174\mesh.msh...

Initializing Finite Elements...
  -> Total DOFs: 91597
Setting up Boundary Conditions...
Initializing with Stokes...
  -> Stokes initialization successful.

Starting Solver Loop (Numba Accelerated). Target Nu=1.00e-05

--- STEP 1/1: Nu = 1.00e-05 ---
  Static Assembly: 13.8717s
  Iter  1: err=5.27e-01(19.717s)
  Iter  2: err=1.66e-01(19.826s)
  Iter  3: err=6.03e-02(19.676s)
  Iter  4: err=2.85e-02(19.154s)
  Iter  5: err=1.60e-02(18.980s)
  Iter  6: err=9.39e-03(18.832s)
  Iter  7: err=5.55e-03(19.040s)
  Iter  8: err=3.30e-03(19.018s)
  Convergence reached.
Initializing Thermal Finite Elements (P1)...
Mapping Velocity...
Assembling Thermal System...
Solving Thermal Linear System...
  -> Solved. Range: [293.15, 397.96] K
Case 174 completed successfully.
