--- Starting Case 146 ---
Generating mesh at dataset\case_146\mesh.msh...

Initializing Finite Elements...
  -> Total DOFs: 87277
Setting up Boundary Conditions...
Initializing with Stokes...
  -> Stokes initialization successful.

Starting Solver Loop (Numba Accelerated). Target Nu=1.00e-05

--- STEP 1/1: Nu = 1.00e-05 ---
  Static Assembly: 13.1955s
  Iter  1: err=5.47e-01(18.376s)
  Iter  2: err=1.72e-01(18.601s)
  Iter  3: err=5.80e-02(18.196s)
  Iter  4: err=2.39e-02(22.538s)
  Iter  5: err=1.24e-02(19.249s)
  Iter  6: err=7.17e-03(18.964s)
  Iter  7: err=4.43e-03(18.150s)
  Convergence reached.
Initializing Thermal Finite Elements (P1)...
Mapping Velocity...
Assembling Thermal System...
Solving Thermal Linear System...
  -> Solved. Range: [292.40, 387.70] K
Case 146 completed successfully.
