--- Starting Case 382 ---
Generating mesh at dataset\case_382\mesh.msh...

Initializing Finite Elements...
  -> Total DOFs: 83227
Setting up Boundary Conditions...
Initializing with Stokes...
  -> Stokes initialization successful.

Starting Solver Loop (Numba Accelerated). Target Nu=1.00e-05

--- STEP 1/1: Nu = 1.00e-05 ---
  Static Assembly: 23.7541s
  Iter  1: err=2.46e+00(33.157s)
  Iter  2: err=8.12e-01(32.839s)
  Iter  3: err=6.59e-01(32.203s)
  Iter  4: err=1.01e+00(34.777s)
  Iter  5: err=7.43e-01(33.909s)
  Iter  6: err=5.34e-01(33.989s)
  Iter  7: err=4.62e-01(33.997s)
  Iter  8: err=4.04e-01(34.618s)
  Iter  9: err=3.20e-01(33.660s)
  Iter 10: err=4.63e-01(33.301s)
  Iter 11: err=8.64e-01(33.686s)
  Iter 12: err=5.49e-01(33.763s)
  Iter 13: err=3.57e-01(32.753s)
  Iter 14: err=3.17e-01(31.700s)
  Iter 15: err=1.35e-01(32.357s)
  Iter 16: err=1.49e-01(32.339s)
  Iter 17: err=1.13e-01(32.696s)
  Iter 18: err=5.22e-02(33.712s)
  Iter 19: err=2.87e-02(31.994s)
  Iter 20: err=2.59e-02(33.367s)
  Iter 21: err=2.44e-02(32.121s)
  Iter 22: err=2.36e-02(33.012s)
  Iter 23: err=2.71e-02(31.833s)
  Iter 24: err=3.36e-02(31.583s)
  Iter 25: err=4.26e-02(29.931s)
Initializing Thermal Finite Elements (P1)...
Mapping Velocity...
Assembling Thermal System...
Solving Thermal Linear System...
  -> Solved. Range: [292.03, 346.00] K
Case 382 completed successfully.
