--- Starting Case 384 ---
Generating mesh at dataset\case_384\mesh.msh...

Initializing Finite Elements...
  -> Total DOFs: 86953
Setting up Boundary Conditions...
Initializing with Stokes...
  -> Stokes initialization successful.

Starting Solver Loop (Numba Accelerated). Target Nu=1.00e-05

--- STEP 1/1: Nu = 1.00e-05 ---
  Static Assembly: 28.4006s
  Iter  1: err=6.16e-01(39.491s)
  Iter  2: err=1.88e-01(39.685s)
  Iter  3: err=6.51e-02(41.307s)
  Iter  4: err=2.96e-02(39.855s)
  Iter  5: err=1.68e-02(40.814s)
  Iter  6: err=1.03e-02(40.863s)
  Iter  7: err=6.48e-03(39.516s)
  Iter  8: err=4.17e-03(40.164s)
  Convergence reached.
Initializing Thermal Finite Elements (P1)...
Mapping Velocity...
Assembling Thermal System...
Solving Thermal Linear System...
  -> Solved. Range: [293.15, 444.60] K
Case 384 completed successfully.
