--- Starting Case 130 ---
Generating mesh at dataset\case_130\mesh.msh...

Initializing Finite Elements...
  -> Total DOFs: 82507
Setting up Boundary Conditions...
Initializing with Stokes...
  -> Stokes initialization successful.

Starting Solver Loop (Numba Accelerated). Target Nu=1.00e-05

--- STEP 1/1: Nu = 1.00e-05 ---
  Static Assembly: 23.7994s
  Iter  1: err=2.10e+00(33.129s)
  Iter  2: err=6.42e-01(31.802s)
  Iter  3: err=2.67e-01(32.455s)
  Iter  4: err=2.16e-01(31.647s)
  Iter  5: err=2.11e-01(31.116s)
  Iter  6: err=2.35e-01(31.089s)
  Iter  7: err=2.32e-01(31.488s)
  Iter  8: err=1.12e-01(31.790s)
  Iter  9: err=7.05e-02(30.798s)
  Iter 10: err=3.11e-02(30.915s)
  Iter 11: err=2.50e-02(28.790s)
  Iter 12: err=2.12e-02(28.699s)
  Iter 13: err=1.26e-02(31.063s)
  Iter 14: err=9.17e-03(32.026s)
  Iter 15: err=6.12e-03(34.880s)
  Iter 16: err=4.05e-03(32.593s)
  Convergence reached.
Initializing Thermal Finite Elements (P1)...
Mapping Velocity...
Assembling Thermal System...
Solving Thermal Linear System...
  -> Solved. Range: [293.15, 395.04] K
Case 130 completed successfully.
