--- Starting Case 8 ---
Generating mesh at dataset\case_008\mesh.msh...

Initializing Finite Elements...
  -> Total DOFs: 84235
Setting up Boundary Conditions...
Initializing with Stokes...
  -> Stokes initialization successful.

Starting Solver Loop (Numba Accelerated). Target Nu=1.00e-05

--- STEP 1/1: Nu = 1.00e-05 ---
  Static Assembly: 16.6906s
  Iter  1: err=1.84e+00(30.861s)
  Iter  2: err=6.80e-01(30.184s)
  Iter  3: err=4.81e-01(30.925s)
  Iter  4: err=3.64e-01(31.866s)
  Iter  5: err=3.79e-01(32.148s)
  Iter  6: err=2.77e-01(31.052s)
  Iter  7: err=4.41e-01(30.044s)
  Iter  8: err=6.77e-01(30.203s)
  Iter  9: err=5.66e-01(29.661s)
  Iter 10: err=3.59e-01(28.033s)
  Iter 11: err=3.09e-01(30.599s)
  Iter 12: err=1.47e-01(30.423s)
  Iter 13: err=9.51e-02(31.091s)
  Iter 14: err=8.36e-02(31.371s)
  Iter 15: err=8.65e-02(30.858s)
  Iter 16: err=6.29e-02(30.703s)
  Iter 17: err=5.74e-02(29.788s)
  Iter 18: err=5.10e-02(31.081s)
  Iter 19: err=4.68e-02(30.306s)
  Iter 20: err=4.86e-02(31.574s)
  Iter 21: err=4.31e-02(30.286s)
  Iter 22: err=4.42e-02(30.783s)
  Iter 23: err=4.80e-02(30.817s)
  Iter 24: err=4.93e-02(29.280s)
  Iter 25: err=4.24e-02(30.720s)
Initializing Thermal Finite Elements (P1)...
Mapping Velocity...
Assembling Thermal System...
Solving Thermal Linear System...
  -> Solved. Range: [291.28, 327.59] K
Case 8 completed successfully.
