--- Starting Case 295 ---
Generating mesh at dataset\case_295\mesh.msh...

Initializing Finite Elements...
  -> Total DOFs: 86089
Setting up Boundary Conditions...
Initializing with Stokes...
  -> Stokes initialization successful.

Starting Solver Loop (Numba Accelerated). Target Nu=1.00e-05

--- STEP 1/1: Nu = 1.00e-05 ---
  Static Assembly: 24.1682s
  Iter  1: err=7.40e-01(34.472s)
  Iter  2: err=2.35e-01(34.526s)
  Iter  3: err=1.11e-01(34.564s)
  Iter  4: err=8.23e-02(35.427s)
  Iter  5: err=6.58e-02(34.940s)
  Iter  6: err=5.54e-02(35.907s)
  Iter  7: err=4.76e-02(35.681s)
  Iter  8: err=4.49e-02(37.765s)
  Iter  9: err=4.77e-02(38.151s)
  Iter 10: err=4.92e-02(34.040s)
  Iter 11: err=5.41e-02(34.982s)
  Iter 12: err=5.40e-02(35.709s)
  Iter 13: err=4.70e-02(37.761s)
  Iter 14: err=3.88e-02(37.581s)
  Iter 15: err=2.89e-02(36.734s)
  Iter 16: err=1.98e-02(36.370s)
  Iter 17: err=1.38e-02(37.793s)
  Iter 18: err=1.01e-02(37.161s)
  Iter 19: err=7.56e-03(39.277s)
  Iter 20: err=6.25e-03(39.472s)
  Iter 21: err=5.36e-03(39.460s)
  Iter 22: err=4.58e-03(37.863s)
  Convergence reached.
Initializing Thermal Finite Elements (P1)...
Mapping Velocity...
Assembling Thermal System...
Solving Thermal Linear System...
  -> Solved. Range: [292.50, 357.45] K
Case 295 completed successfully.
