--- Starting Case 389 ---
Generating mesh at dataset\case_389\mesh.msh...

Initializing Finite Elements...
  -> Total DOFs: 88915
Setting up Boundary Conditions...
Initializing with Stokes...
  -> Stokes initialization successful.

Starting Solver Loop (Numba Accelerated). Target Nu=1.00e-05

--- STEP 1/1: Nu = 1.00e-05 ---
  Static Assembly: 26.0685s
  Iter  1: err=1.14e+00(37.621s)
  Iter  2: err=4.03e-01(37.545s)
  Iter  3: err=2.34e-01(37.769s)
  Iter  4: err=2.09e-01(35.473s)
  Iter  5: err=1.44e-01(36.052s)
  Iter  6: err=1.16e-01(34.713s)
  Iter  7: err=1.04e-01(37.370s)
  Iter  8: err=1.16e-01(36.956s)
  Iter  9: err=1.27e-01(35.568s)
  Iter 10: err=1.29e-01(37.307s)
  Iter 11: err=1.17e-01(36.591s)
  Iter 12: err=1.30e-01(36.224s)
  Iter 13: err=1.11e-01(35.193s)
  Iter 14: err=9.85e-02(34.213s)
  Iter 15: err=6.65e-02(33.431s)
  Iter 16: err=4.30e-02(33.395s)
  Iter 17: err=4.97e-02(31.251s)
  Iter 18: err=8.68e-02(32.880s)
  Iter 19: err=9.90e-02(32.177s)
  Iter 20: err=5.12e-02(32.072s)
  Iter 21: err=4.01e-02(31.832s)
  Iter 22: err=6.94e-02(34.006s)
  Iter 23: err=4.84e-02(34.559s)
  Iter 24: err=3.27e-02(34.053s)
  Iter 25: err=2.51e-02(33.621s)
Initializing Thermal Finite Elements (P1)...
Mapping Velocity...
Assembling Thermal System...
Solving Thermal Linear System...
  -> Solved. Range: [291.86, 340.32] K
Case 389 completed successfully.
