--- Starting Case 347 ---
Generating mesh at dataset\case_347\mesh.msh...

Initializing Finite Elements...
  -> Total DOFs: 90031
Setting up Boundary Conditions...
Initializing with Stokes...
  -> Stokes initialization successful.

Starting Solver Loop (Numba Accelerated). Target Nu=1.00e-05

--- STEP 1/1: Nu = 1.00e-05 ---
  Static Assembly: 24.2473s
  Iter  1: err=1.11e+00(34.888s)
  Iter  2: err=3.82e-01(34.766s)
  Iter  3: err=2.09e-01(35.282s)
  Iter  4: err=1.60e-01(35.661s)
  Iter  5: err=1.50e-01(36.385s)
  Iter  6: err=1.72e-01(36.098s)
  Iter  7: err=1.23e-01(36.652s)
  Iter  8: err=9.44e-02(36.589s)
  Iter  9: err=6.84e-02(36.363s)
  Iter 10: err=5.02e-02(35.875s)
  Iter 11: err=4.12e-02(36.297s)
  Iter 12: err=3.20e-02(36.214s)
  Iter 13: err=2.55e-02(36.619s)
  Iter 14: err=3.78e-02(36.485s)
  Iter 15: err=3.18e-02(34.821s)
  Iter 16: err=2.82e-02(35.962s)
  Iter 17: err=2.55e-02(36.015s)
  Iter 18: err=2.54e-02(36.300s)
  Iter 19: err=2.38e-02(35.972s)
  Iter 20: err=2.02e-02(36.403s)
  Iter 21: err=1.71e-02(35.351s)
  Iter 22: err=1.47e-02(35.573s)
  Iter 23: err=1.22e-02(36.732s)
  Iter 24: err=1.00e-02(36.471s)
  Iter 25: err=8.09e-03(36.196s)
Initializing Thermal Finite Elements (P1)...
Mapping Velocity...
Assembling Thermal System...
Solving Thermal Linear System...
  -> Solved. Range: [291.58, 357.25] K
Case 347 completed successfully.
