--- Starting Case 209 ---
Generating mesh at dataset\case_209\mesh.msh...

Initializing Finite Elements...
  -> Total DOFs: 84271
Setting up Boundary Conditions...
Initializing with Stokes...
  -> Stokes initialization successful.

Starting Solver Loop (Numba Accelerated). Target Nu=1.00e-05

--- STEP 1/1: Nu = 1.00e-05 ---
  Static Assembly: 26.1800s
  Iter  1: err=7.57e-01(37.274s)
  Iter  2: err=2.41e-01(36.743s)
  Iter  3: err=1.11e-01(35.506s)
  Iter  4: err=7.97e-02(34.372s)
  Iter  5: err=6.36e-02(36.873s)
  Iter  6: err=6.08e-02(35.626s)
  Iter  7: err=5.39e-02(36.794s)
  Iter  8: err=4.15e-02(37.128s)
  Iter  9: err=3.13e-02(37.978s)
  Iter 10: err=2.70e-02(36.047s)
  Iter 11: err=2.47e-02(37.014s)
  Iter 12: err=1.99e-02(36.991s)
  Iter 13: err=1.63e-02(38.041s)
  Iter 14: err=1.46e-02(38.602s)
  Iter 15: err=1.31e-02(38.305s)
  Iter 16: err=1.27e-02(38.407s)
  Iter 17: err=1.24e-02(36.837s)
  Iter 18: err=1.22e-02(38.977s)
  Iter 19: err=1.34e-02(36.714s)
  Iter 20: err=1.76e-02(38.675s)
  Iter 21: err=3.19e-02(37.815s)
  Iter 22: err=4.61e-01(37.910s)
  Iter 23: err=4.90e-01(38.537s)
  Iter 24: err=2.13e-01(37.496s)
  Iter 25: err=7.67e-02(38.225s)
Initializing Thermal Finite Elements (P1)...
Mapping Velocity...
Assembling Thermal System...
Solving Thermal Linear System...
  -> Solved. Range: [292.07, 340.64] K
Case 209 completed successfully.
