--- Starting Case 67 ---
Generating mesh at dataset\case_067\mesh.msh...

Initializing Finite Elements...
  -> Total DOFs: 83065
Setting up Boundary Conditions...
Initializing with Stokes...
  -> Stokes initialization successful.

Starting Solver Loop (Numba Accelerated). Target Nu=1.00e-05

--- STEP 1/1: Nu = 1.00e-05 ---
  Static Assembly: 12.3019s
  Iter  1: err=6.54e-01(17.696s)
  Iter  2: err=1.98e-01(17.770s)
  Iter  3: err=6.94e-02(17.835s)
  Iter  4: err=3.46e-02(17.592s)
  Iter  5: err=2.19e-02(17.841s)
  Iter  6: err=1.48e-02(17.478s)
  Iter  7: err=1.04e-02(19.725s)
  Iter  8: err=7.35e-03(17.654s)
  Iter  9: err=5.23e-03(17.711s)
  Iter 10: err=3.69e-03(17.641s)
  Convergence reached.
Initializing Thermal Finite Elements (P1)...
Mapping Velocity...
Assembling Thermal System...
Solving Thermal Linear System...
  -> Solved. Range: [292.99, 415.06] K
Case 67 completed successfully.
