--- Starting Case 383 ---
Generating mesh at dataset\case_383\mesh.msh...

Initializing Finite Elements...
  -> Total DOFs: 84523
Setting up Boundary Conditions...
Initializing with Stokes...
  -> Stokes initialization successful.

Starting Solver Loop (Numba Accelerated). Target Nu=1.00e-05

--- STEP 1/1: Nu = 1.00e-05 ---
  Static Assembly: 26.6571s
  Iter  1: err=6.92e-01(37.014s)
  Iter  2: err=2.35e-01(36.597s)
  Iter  3: err=1.32e-01(38.016s)
  Iter  4: err=1.02e-01(38.105s)
  Iter  5: err=8.27e-02(38.021s)
  Iter  6: err=6.18e-02(38.118s)
  Iter  7: err=5.18e-02(39.001s)
  Iter  8: err=4.87e-02(38.107s)
  Iter  9: err=4.23e-02(38.741s)
  Iter 10: err=3.59e-02(38.324s)
  Iter 11: err=3.19e-02(37.393s)
  Iter 12: err=3.07e-02(36.399s)
  Iter 13: err=3.19e-02(35.373s)
  Iter 14: err=3.45e-02(36.833s)
  Iter 15: err=3.67e-02(38.022s)
  Iter 16: err=3.42e-02(36.240s)
  Iter 17: err=2.71e-02(38.104s)
  Iter 18: err=2.61e-02(36.481s)
  Iter 19: err=2.91e-02(37.204s)
  Iter 20: err=3.10e-02(35.818s)
  Iter 21: err=2.14e-02(35.080s)
  Iter 22: err=1.59e-02(33.386s)
  Iter 23: err=1.27e-02(33.719s)
  Iter 24: err=1.15e-02(32.157s)
  Iter 25: err=1.03e-02(33.058s)
Initializing Thermal Finite Elements (P1)...
Mapping Velocity...
Assembling Thermal System...
Solving Thermal Linear System...
  -> Solved. Range: [291.52, 362.33] K
Case 383 completed successfully.
