--- Starting Case 310 ---
Generating mesh at dataset\case_310\mesh.msh...

Initializing Finite Elements...
  -> Total DOFs: 92317
Setting up Boundary Conditions...
Initializing with Stokes...
  -> Stokes initialization successful.

Starting Solver Loop (Numba Accelerated). Target Nu=1.00e-05

--- STEP 1/1: Nu = 1.00e-05 ---
  Static Assembly: 28.1873s
  Iter  1: err=8.03e-01(39.510s)
  Iter  2: err=3.09e-01(41.053s)
  Iter  3: err=1.95e-01(42.336s)
  Iter  4: err=1.62e-01(42.230s)
  Iter  5: err=1.30e-01(40.611s)
  Iter  6: err=9.51e-02(39.416s)
  Iter  7: err=7.57e-02(38.108s)
  Iter  8: err=6.27e-02(35.664s)
  Iter  9: err=5.20e-02(34.931s)
  Iter 10: err=5.05e-02(34.990s)
  Iter 11: err=5.21e-02(36.529s)
  Iter 12: err=5.15e-02(35.906s)
  Iter 13: err=4.67e-02(36.388s)
  Iter 14: err=3.93e-02(34.884s)
  Iter 15: err=3.44e-02(37.730s)
  Iter 16: err=3.25e-02(36.877s)
  Iter 17: err=3.32e-02(36.779s)
  Iter 18: err=3.55e-02(37.097s)
  Iter 19: err=3.37e-02(40.701s)
  Iter 20: err=2.98e-02(35.728s)
  Iter 21: err=2.90e-02(35.539s)
  Iter 22: err=2.55e-02(32.847s)
  Iter 23: err=2.21e-02(34.011s)
  Iter 24: err=2.13e-02(37.335s)
  Iter 25: err=2.15e-02(37.294s)
Initializing Thermal Finite Elements (P1)...
Mapping Velocity...
Assembling Thermal System...
Solving Thermal Linear System...
  -> Solved. Range: [291.36, 367.78] K
Case 310 completed successfully.
