--- Starting Case 114 ---
Generating mesh at dataset\case_114\mesh.msh...

Initializing Finite Elements...
  -> Total DOFs: 86827
Setting up Boundary Conditions...
Initializing with Stokes...
  -> Stokes initialization successful.

Starting Solver Loop (Numba Accelerated). Target Nu=1.00e-05

--- STEP 1/1: Nu = 1.00e-05 ---
  Static Assembly: 23.1539s
  Iter  1: err=1.00e+00(32.500s)
  Iter  2: err=3.57e-01(31.943s)
  Iter  3: err=1.93e-01(31.679s)
  Iter  4: err=1.59e-01(34.176s)
  Iter  5: err=9.24e-02(36.409s)
  Iter  6: err=6.63e-02(32.614s)
  Iter  7: err=8.42e-02(37.082s)
  Iter  8: err=1.07e-01(37.885s)
  Iter  9: err=8.88e-02(38.854s)
  Iter 10: err=5.20e-02(39.090s)
  Iter 11: err=3.63e-02(40.657s)
  Iter 12: err=2.76e-02(38.931s)
  Iter 13: err=2.42e-02(38.150s)
  Iter 14: err=2.32e-02(36.475s)
  Iter 15: err=2.50e-02(35.286s)
  Iter 16: err=3.01e-02(35.779s)
  Iter 17: err=3.89e-02(35.017s)
  Iter 18: err=5.16e-02(34.642s)
  Iter 19: err=6.63e-02(34.275s)
  Iter 20: err=1.33e-01(34.714s)
  Iter 21: err=2.81e-01(34.644s)
  Iter 22: err=8.35e-02(34.595s)
  Iter 23: err=5.08e-02(31.841s)
  Iter 24: err=3.55e-02(31.562s)
  Iter 25: err=3.36e-02(34.564s)
Initializing Thermal Finite Elements (P1)...
Mapping Velocity...
Assembling Thermal System...
Solving Thermal Linear System...
  -> Solved. Range: [290.89, 375.58] K
Case 114 completed successfully.
