--- Starting Case 361 ---
Generating mesh at dataset\case_361\mesh.msh...

Initializing Finite Elements...
  -> Total DOFs: 80995
Setting up Boundary Conditions...
Initializing with Stokes...
  -> Stokes initialization successful.

Starting Solver Loop (Numba Accelerated). Target Nu=1.00e-05

--- STEP 1/1: Nu = 1.00e-05 ---
  Static Assembly: 22.4933s
  Iter  1: err=1.22e+00(31.185s)
  Iter  2: err=4.09e-01(30.841s)
  Iter  3: err=2.05e-01(30.767s)
  Iter  4: err=1.56e-01(31.628s)
  Iter  5: err=1.39e-01(30.485s)
  Iter  6: err=1.27e-01(31.067s)
  Iter  7: err=1.15e-01(31.480s)
  Iter  8: err=1.02e-01(31.181s)
  Iter  9: err=8.90e-02(31.332s)
  Iter 10: err=7.39e-02(30.721s)
  Iter 11: err=6.48e-02(30.804s)
  Iter 12: err=6.19e-02(30.475s)
  Iter 13: err=5.72e-02(30.821s)
  Iter 14: err=9.52e-02(31.795s)
  Iter 15: err=1.16e-01(32.200s)
  Iter 16: err=2.07e-01(32.363s)
  Iter 17: err=9.08e-01(33.437s)
  Iter 18: err=1.01e+00(32.067s)
  Iter 19: err=3.23e-01(32.062s)
  Iter 20: err=2.00e-01(31.244s)
  Iter 21: err=1.32e-01(31.572s)
  Iter 22: err=1.03e-01(31.357s)
  Iter 23: err=9.93e-02(32.171s)
  Iter 24: err=5.93e-02(32.642s)
  Iter 25: err=4.54e-02(32.796s)
Initializing Thermal Finite Elements (P1)...
Mapping Velocity...
Assembling Thermal System...
Solving Thermal Linear System...
  -> Solved. Range: [291.61, 353.40] K
Case 361 completed successfully.
