--- Starting Case 44 ---
Generating mesh at dataset\case_044\mesh.msh...

Initializing Finite Elements...
  -> Total DOFs: 82345
Setting up Boundary Conditions...
Initializing with Stokes...
  -> Stokes initialization successful.

Starting Solver Loop (Numba Accelerated). Target Nu=1.00e-05

--- STEP 1/1: Nu = 1.00e-05 ---
  Static Assembly: 12.2053s
  Iter  1: err=7.29e-01(16.985s)
  Iter  2: err=2.36e-01(17.224s)
  Iter  3: err=1.19e-01(17.218s)
  Iter  4: err=9.22e-02(17.198s)
  Iter  5: err=8.32e-02(17.093s)
  Iter  6: err=8.44e-02(17.012s)
  Iter  7: err=7.87e-02(17.015s)
  Iter  8: err=8.05e-02(16.582s)
  Iter  9: err=1.37e-01(16.778s)
  Iter 10: err=7.98e-02(17.225s)
  Iter 11: err=4.93e-02(16.846s)
  Iter 12: err=7.06e-02(17.181s)
  Iter 13: err=1.01e-01(16.895s)
  Iter 14: err=3.80e-02(16.806s)
  Iter 15: err=2.63e-02(16.903s)
  Iter 16: err=2.81e-02(16.862s)
  Iter 17: err=4.36e-02(16.874s)
  Iter 18: err=7.63e-02(17.128s)
  Iter 19: err=4.06e-01(17.099s)
  Iter 20: err=1.72e-01(17.033s)
  Iter 21: err=9.00e-02(16.825s)
  Iter 22: err=6.67e-02(17.808s)
  Iter 23: err=5.13e-02(17.027s)
  Iter 24: err=5.06e-02(16.538s)
  Iter 25: err=7.15e-02(16.856s)
Initializing Thermal Finite Elements (P1)...
Mapping Velocity...
Assembling Thermal System...
Solving Thermal Linear System...
  -> Solved. Range: [292.00, 362.50] K
Case 44 completed successfully.
