--- Starting Case 149 ---
Generating mesh at dataset\case_149\mesh.msh...

Initializing Finite Elements...
  -> Total DOFs: 86683
Setting up Boundary Conditions...
Initializing with Stokes...
  -> Stokes initialization successful.

Starting Solver Loop (Numba Accelerated). Target Nu=1.00e-05

--- STEP 1/1: Nu = 1.00e-05 ---
  Static Assembly: 11.6788s
  Iter  1: err=8.37e-01(16.428s)
  Iter  2: err=3.11e-01(16.378s)
  Iter  3: err=1.97e-01(16.528s)
  Iter  4: err=1.67e-01(16.969s)
  Iter  5: err=1.37e-01(16.774s)
  Iter  6: err=2.17e-01(16.570s)
  Iter  7: err=3.01e-01(16.678s)
  Iter  8: err=2.74e-01(16.837s)
  Iter  9: err=2.89e-01(16.840s)
  Iter 10: err=1.86e-01(16.875s)
  Iter 11: err=1.45e-01(16.734s)
  Iter 12: err=1.03e-01(16.794s)
  Iter 13: err=9.14e-02(17.972s)
  Iter 14: err=6.90e-02(17.083s)
  Iter 15: err=5.87e-02(16.837s)
  Iter 16: err=4.90e-02(16.627s)
  Iter 17: err=4.56e-02(16.604s)
  Iter 18: err=3.83e-02(16.553s)
  Iter 19: err=3.27e-02(17.299s)
  Iter 20: err=3.14e-02(16.721s)
  Iter 21: err=3.38e-02(17.120s)
  Iter 22: err=3.39e-02(16.768s)
  Iter 23: err=2.73e-02(16.584s)
  Iter 24: err=2.73e-02(16.688s)
  Iter 25: err=2.93e-02(16.770s)
Initializing Thermal Finite Elements (P1)...
Mapping Velocity...
Assembling Thermal System...
Solving Thermal Linear System...
  -> Solved. Range: [292.05, 348.14] K
Case 149 completed successfully.
