--- Starting Case 125 ---
Generating mesh at dataset\case_125\mesh.msh...

Initializing Finite Elements...
  -> Total DOFs: 82975
Setting up Boundary Conditions...
Initializing with Stokes...
  -> Stokes initialization successful.

Starting Solver Loop (Numba Accelerated). Target Nu=1.00e-05

--- STEP 1/1: Nu = 1.00e-05 ---
  Static Assembly: 13.1446s
  Iter  1: err=6.86e-01(16.501s)
  Iter  2: err=2.13e-01(16.396s)
  Iter  3: err=8.49e-02(16.342s)
  Iter  4: err=4.98e-02(15.960s)
  Iter  5: err=3.41e-02(16.289s)
  Iter  6: err=2.42e-02(16.018s)
  Iter  7: err=1.74e-02(16.361s)
  Iter  8: err=1.24e-02(16.256s)
  Iter  9: err=8.72e-03(16.347s)
  Iter 10: err=6.04e-03(16.655s)
  Iter 11: err=4.20e-03(16.375s)
  Convergence reached.
Initializing Thermal Finite Elements (P1)...
Mapping Velocity...
Assembling Thermal System...
Solving Thermal Linear System...
  -> Solved. Range: [293.15, 391.74] K
Case 125 completed successfully.
