--- Starting Case 150 ---
Generating mesh at dataset\case_150\mesh.msh...

Initializing Finite Elements...
  -> Total DOFs: 83335
Setting up Boundary Conditions...
Initializing with Stokes...
  -> Stokes initialization successful.

Starting Solver Loop (Numba Accelerated). Target Nu=1.00e-05

--- STEP 1/1: Nu = 1.00e-05 ---
  Static Assembly: 20.2917s
  Iter  1: err=2.51e+00(27.657s)
  Iter  2: err=8.59e-01(28.014s)
  Iter  3: err=4.30e-01(28.023s)
  Iter  4: err=8.75e-01(25.935s)
  Iter  5: err=1.06e+00(27.942s)
  Iter  6: err=4.96e-01(30.405s)
  Iter  7: err=4.41e-01(32.561s)
  Iter  8: err=3.35e-01(28.655s)
  Iter  9: err=2.54e-01(28.995s)
  Iter 10: err=2.75e-01(27.868s)
  Iter 11: err=2.18e-01(27.025s)
  Iter 12: err=2.57e-01(27.221s)
  Iter 13: err=1.74e-01(24.188s)
  Iter 14: err=1.78e-01(25.894s)
  Iter 15: err=2.57e-01(26.122s)
  Iter 16: err=8.32e-01(27.324s)
  Iter 17: err=9.01e-01(27.332s)
  Iter 18: err=4.93e-01(27.887s)
  Iter 19: err=5.54e-01(26.833s)
  Iter 20: err=2.61e-01(27.212s)
  Iter 21: err=9.19e-01(28.875s)
  Iter 22: err=1.63e+00(28.625s)
  Iter 23: err=1.11e+00(28.192s)
  Iter 24: err=4.62e-01(28.442s)
  Iter 25: err=3.15e-01(29.347s)
Initializing Thermal Finite Elements (P1)...
Mapping Velocity...
Assembling Thermal System...
Solving Thermal Linear System...
  -> Solved. Range: [290.62, 319.15] K
Case 150 completed successfully.
