--- Starting Case 327 ---
Generating mesh at dataset\case_327\mesh.msh...

Initializing Finite Elements...
  -> Total DOFs: 83767
Setting up Boundary Conditions...
Initializing with Stokes...
  -> Stokes initialization successful.

Starting Solver Loop (Numba Accelerated). Target Nu=1.00e-05

--- STEP 1/1: Nu = 1.00e-05 ---
  Static Assembly: 18.8730s
  Iter  1: err=2.64e+00(27.260s)
  Iter  2: err=8.96e-01(26.965s)
  Iter  3: err=4.13e-01(26.755s)
  Iter  4: err=3.40e-01(27.346s)
  Iter  5: err=5.36e-01(26.042s)
  Iter  6: err=7.72e-01(25.884s)
  Iter  7: err=5.27e-01(28.611s)
  Iter  8: err=3.08e-01(27.365s)
  Iter  9: err=3.20e-01(27.264s)
  Iter 10: err=2.59e-01(27.327s)
  Iter 11: err=2.31e-01(27.524s)
  Iter 12: err=3.16e-01(30.133s)
  Iter 13: err=3.60e-01(26.953s)
  Iter 14: err=2.56e-01(26.713s)
  Iter 15: err=2.36e-01(26.552s)
  Iter 16: err=2.04e-01(24.511s)
  Iter 17: err=3.17e-01(24.420s)
  Iter 18: err=3.82e-01(26.034s)
  Iter 19: err=3.75e-01(27.961s)
  Iter 20: err=1.29e-01(28.114s)
  Iter 21: err=5.35e-02(26.866s)
  Iter 22: err=3.64e-02(28.580s)
  Iter 23: err=3.20e-02(28.545s)
  Iter 24: err=3.29e-02(28.392s)
  Iter 25: err=2.45e-02(28.480s)
Initializing Thermal Finite Elements (P1)...
Mapping Velocity...
Assembling Thermal System...
Solving Thermal Linear System...
  -> Solved. Range: [291.96, 323.78] K
Case 327 completed successfully.
