--- Starting Case 391 ---
Generating mesh at dataset\case_391\mesh.msh...

Initializing Finite Elements...
  -> Total DOFs: 84883
Setting up Boundary Conditions...
Initializing with Stokes...
  -> Stokes initialization successful.

Starting Solver Loop (Numba Accelerated). Target Nu=1.00e-05

--- STEP 1/1: Nu = 1.00e-05 ---
  Static Assembly: 23.6618s
  Iter  1: err=2.56e+00(31.429s)
  Iter  2: err=9.23e-01(31.699s)
  Iter  3: err=5.44e-01(30.378s)
  Iter  4: err=4.07e-01(31.049s)
  Iter  5: err=4.57e-01(29.395s)
  Iter  6: err=2.79e-01(30.455s)
  Iter  7: err=3.17e-01(31.684s)
  Iter  8: err=3.14e-01(31.099s)
  Iter  9: err=4.24e-01(30.409s)
  Iter 10: err=2.69e-01(32.232s)
  Iter 11: err=1.98e-01(30.672s)
  Iter 12: err=8.89e-01(31.290s)
  Iter 13: err=1.28e+00(29.767s)
  Iter 14: err=9.83e-01(29.765s)
  Iter 15: err=1.31e+00(29.026s)
  Iter 16: err=6.14e-01(28.243s)
  Iter 17: err=5.70e-01(28.303s)
  Iter 18: err=6.01e-01(27.325s)
  Iter 19: err=4.28e-01(27.415s)
  Iter 20: err=3.68e-01(28.019s)
  Iter 21: err=3.81e-01(27.496s)
  Iter 22: err=3.31e-01(27.242s)
  Iter 23: err=4.58e-01(27.068s)
  Iter 24: err=3.03e-01(28.600s)
  Iter 25: err=2.53e-01(29.206s)
Initializing Thermal Finite Elements (P1)...
Mapping Velocity...
Assembling Thermal System...
Solving Thermal Linear System...
  -> Solved. Range: [291.96, 327.95] K
Case 391 completed successfully.
