--- Starting Case 477 ---
Generating mesh at dataset\case_477\mesh.msh...

Initializing Finite Elements...
  -> Total DOFs: 93559
Setting up Boundary Conditions...
Initializing with Stokes...
  -> Stokes initialization successful.

Starting Solver Loop (Numba Accelerated). Target Nu=1.00e-05

--- STEP 1/1: Nu = 1.00e-05 ---
  Static Assembly: 28.7153s
  Iter  1: err=8.33e-01(39.302s)
  Iter  2: err=3.00e-01(39.774s)
  Iter  3: err=1.75e-01(39.420s)
  Iter  4: err=1.29e-01(40.139s)
  Iter  5: err=1.03e-01(40.461s)
  Iter  6: err=8.24e-02(39.853s)
  Iter  7: err=7.74e-02(39.873s)
  Iter  8: err=7.71e-02(39.325s)
  Iter  9: err=5.21e-02(37.200s)
  Iter 10: err=4.16e-02(40.498s)
  Iter 11: err=4.21e-02(40.495s)
  Iter 12: err=4.00e-02(39.732s)
  Iter 13: err=4.12e-02(37.651s)
  Iter 14: err=4.68e-02(37.463s)
  Iter 15: err=5.86e-02(36.591s)
  Iter 16: err=8.04e-02(37.447s)
  Iter 17: err=2.69e-01(35.529s)
  Iter 18: err=3.87e-01(37.242s)
  Iter 19: err=1.40e-01(38.192s)
  Iter 20: err=1.22e-01(38.048s)
  Iter 21: err=1.16e-01(35.131s)
  Iter 22: err=1.23e-01(27.801s)
  Iter 23: err=8.64e-02(26.850s)
  Iter 24: err=6.39e-02(26.293s)
  Iter 25: err=3.74e-02(24.595s)
Initializing Thermal Finite Elements (P1)...
Mapping Velocity...
Assembling Thermal System...
Solving Thermal Linear System...
  -> Solved. Range: [291.67, 344.11] K
Case 477 completed successfully.
