--- Starting Case 269 ---
Generating mesh at dataset\case_269\mesh.msh...

Initializing Finite Elements...
  -> Total DOFs: 80599
Setting up Boundary Conditions...
Initializing with Stokes...
  -> Stokes initialization successful.

Starting Solver Loop (Numba Accelerated). Target Nu=1.00e-05

--- STEP 1/1: Nu = 1.00e-05 ---
  Static Assembly: 20.0982s
  Iter  1: err=2.52e+00(27.212s)
  Iter  2: err=8.36e-01(30.485s)
  Iter  3: err=4.54e-01(32.396s)
  Iter  4: err=4.52e-01(32.211s)
  Iter  5: err=2.94e-01(31.845s)
  Iter  6: err=3.30e-01(33.262s)
  Iter  7: err=4.73e-01(32.884s)
  Iter  8: err=4.57e-01(31.604s)
  Iter  9: err=5.15e-01(29.911s)
  Iter 10: err=5.27e-01(30.190s)
  Iter 11: err=4.37e-01(31.017s)
  Iter 12: err=5.27e-01(32.191s)
  Iter 13: err=5.73e-01(31.648s)
  Iter 14: err=3.12e-01(31.790s)
  Iter 15: err=3.16e-01(31.590s)
  Iter 16: err=3.09e-01(30.919s)
  Iter 17: err=2.49e-01(31.982s)
  Iter 18: err=1.29e-01(31.774s)
  Iter 19: err=1.18e-01(31.655s)
  Iter 20: err=9.76e-02(31.054s)
  Iter 21: err=8.87e-02(31.722s)
  Iter 22: err=8.67e-02(30.524s)
  Iter 23: err=7.89e-02(30.104s)
  Iter 24: err=4.02e-02(30.282s)
  Iter 25: err=2.50e-02(29.209s)
Initializing Thermal Finite Elements (P1)...
Mapping Velocity...
Assembling Thermal System...
Solving Thermal Linear System...
  -> Solved. Range: [291.66, 344.45] K
Case 269 completed successfully.
