--- Starting Case 335 ---
Generating mesh at dataset\case_335\mesh.msh...

Initializing Finite Elements...
  -> Total DOFs: 91579
Setting up Boundary Conditions...
Initializing with Stokes...
  -> Stokes initialization successful.

Starting Solver Loop (Numba Accelerated). Target Nu=1.00e-05

--- STEP 1/1: Nu = 1.00e-05 ---
  Static Assembly: 24.8076s
  Iter  1: err=8.35e-01(32.981s)
  Iter  2: err=3.12e-01(35.302s)
  Iter  3: err=1.85e-01(38.142s)
  Iter  4: err=3.52e-01(37.052s)
  Iter  5: err=3.89e-01(38.116s)
  Iter  6: err=2.06e-01(39.023s)
  Iter  7: err=1.36e-01(38.575s)
  Iter  8: err=1.13e-01(36.880s)
  Iter  9: err=9.75e-02(37.678s)
  Iter 10: err=6.72e-02(37.757s)
  Iter 11: err=5.06e-02(38.798s)
  Iter 12: err=3.08e-02(39.357s)
  Iter 13: err=2.78e-02(39.166s)
  Iter 14: err=2.37e-02(39.351s)
  Iter 15: err=2.09e-02(39.306s)
  Iter 16: err=1.49e-02(40.297s)
  Iter 17: err=1.32e-02(39.423s)
  Iter 18: err=1.06e-02(39.294s)
  Iter 19: err=9.01e-03(39.548s)
  Iter 20: err=8.94e-03(39.931s)
  Iter 21: err=8.02e-03(39.353s)
  Iter 22: err=6.54e-03(37.565s)
  Iter 23: err=6.56e-03(39.029s)
  Iter 24: err=5.85e-03(39.107s)
  Iter 25: err=5.16e-03(39.605s)
Initializing Thermal Finite Elements (P1)...
Mapping Velocity...
Assembling Thermal System...
Solving Thermal Linear System...
  -> Solved. Range: [291.59, 375.39] K
Case 335 completed successfully.
