--- Starting Case 404 ---
Generating mesh at dataset\case_404\mesh.msh...

Initializing Finite Elements...
  -> Total DOFs: 86323
Setting up Boundary Conditions...
Initializing with Stokes...
  -> Stokes initialization successful.

Starting Solver Loop (Numba Accelerated). Target Nu=1.00e-05

--- STEP 1/1: Nu = 1.00e-05 ---
  Static Assembly: 24.6199s
  Iter  1: err=6.24e-01(35.343s)
  Iter  2: err=2.09e-01(34.015s)
  Iter  3: err=1.04e-01(34.356s)
  Iter  4: err=7.24e-02(34.327s)
  Iter  5: err=5.31e-02(34.322s)
  Iter  6: err=3.77e-02(33.814s)
  Iter  7: err=2.97e-02(35.685s)
  Iter  8: err=2.60e-02(36.458s)
  Iter  9: err=2.58e-02(35.551s)
  Iter 10: err=2.43e-02(35.481s)
  Iter 11: err=1.88e-02(35.873s)
  Iter 12: err=1.47e-02(36.513s)
  Iter 13: err=1.23e-02(37.980s)
  Iter 14: err=1.05e-02(38.100s)
  Iter 15: err=8.99e-03(38.120s)
  Iter 16: err=7.77e-03(38.229s)
  Iter 17: err=6.72e-03(37.899s)
  Iter 18: err=5.66e-03(37.840s)
  Iter 19: err=4.66e-03(35.873s)
  Convergence reached.
Initializing Thermal Finite Elements (P1)...
Mapping Velocity...
Assembling Thermal System...
Solving Thermal Linear System...
  -> Solved. Range: [292.00, 361.56] K
Case 404 completed successfully.
