--- Starting Case 0 ---
Generating mesh at dataset\case_000\mesh.msh...

Initializing Finite Elements...
  -> Total DOFs: 90085
Setting up Boundary Conditions...
Initializing with Stokes...
  -> Stokes initialization successful.

Starting Solver Loop (Numba Accelerated). Target Nu=1.00e-05

--- STEP 1/1: Nu = 1.00e-05 ---
  Static Assembly: 14.1777s
  Iter  1: err=4.99e-01(20.421s)
  Iter  2: err=1.60e-01(20.035s)
  Iter  3: err=5.56e-02(20.675s)
  Iter  4: err=2.34e-02(20.210s)
  Iter  5: err=1.19e-02(20.130s)
  Iter  6: err=6.68e-03(19.944s)
  Iter  7: err=4.04e-03(20.141s)
  Convergence reached.
Initializing Thermal Finite Elements (P1)...
Mapping Velocity...
Assembling Thermal System...
Solving Thermal Linear System...
  -> Solved. Range: [291.57, 382.00] K
Case 0 completed successfully.
