--- Starting Case 113 ---
Generating mesh at dataset\case_113\mesh.msh...

Initializing Finite Elements...
  -> Total DOFs: 82039
Setting up Boundary Conditions...
Initializing with Stokes...
  -> Stokes initialization successful.

Starting Solver Loop (Numba Accelerated). Target Nu=1.00e-05

--- STEP 1/1: Nu = 1.00e-05 ---
  Static Assembly: 12.7050s
  Iter  1: err=7.21e-01(18.452s)
  Iter  2: err=2.24e-01(17.623s)
  Iter  3: err=9.40e-02(18.158s)
  Iter  4: err=6.02e-02(17.881s)
  Iter  5: err=4.46e-02(17.270s)
  Iter  6: err=3.43e-02(16.508s)
  Iter  7: err=2.64e-02(16.689s)
  Iter  8: err=1.95e-02(16.353s)
  Iter  9: err=1.34e-02(16.301s)
  Iter 10: err=8.89e-03(16.346s)
  Iter 11: err=6.24e-03(16.365s)
  Iter 12: err=4.97e-03(16.763s)
  Convergence reached.
Initializing Thermal Finite Elements (P1)...
Mapping Velocity...
Assembling Thermal System...
Solving Thermal Linear System...
  -> Solved. Range: [292.91, 367.89] K
Case 113 completed successfully.
