--- Starting Case 215 ---
Generating mesh at dataset\case_215\mesh.msh...

Initializing Finite Elements...
  -> Total DOFs: 83047
Setting up Boundary Conditions...
Initializing with Stokes...
  -> Stokes initialization successful.

Starting Solver Loop (Numba Accelerated). Target Nu=1.00e-05

--- STEP 1/1: Nu = 1.00e-05 ---
  Static Assembly: 23.7550s
  Iter  1: err=7.30e-01(35.454s)
  Iter  2: err=2.29e-01(36.296s)
  Iter  3: err=1.03e-01(35.266s)
  Iter  4: err=7.48e-02(35.815s)
  Iter  5: err=6.24e-02(37.103s)
  Iter  6: err=5.80e-02(36.851s)
  Iter  7: err=5.22e-02(34.921s)
  Iter  8: err=4.59e-02(37.024s)
  Iter  9: err=4.05e-02(37.682s)
  Iter 10: err=4.14e-02(37.652s)
  Iter 11: err=4.21e-02(37.706s)
  Iter 12: err=3.53e-02(36.848s)
  Iter 13: err=2.52e-02(37.868s)
  Iter 14: err=1.57e-02(37.617s)
  Iter 15: err=1.25e-02(37.197s)
  Iter 16: err=1.05e-02(36.856s)
  Iter 17: err=9.38e-03(36.634s)
  Iter 18: err=8.44e-03(37.393s)
  Iter 19: err=7.17e-03(37.754s)
  Iter 20: err=6.05e-03(39.149s)
  Iter 21: err=5.38e-03(38.381s)
  Iter 22: err=4.86e-03(38.053s)
  Convergence reached.
Initializing Thermal Finite Elements (P1)...
Mapping Velocity...
Assembling Thermal System...
Solving Thermal Linear System...
  -> Solved. Range: [290.00, 362.95] K
Case 215 completed successfully.
