--- Starting Case 116 ---
Generating mesh at dataset\case_116\mesh.msh...

Initializing Finite Elements...
  -> Total DOFs: 90823
Setting up Boundary Conditions...
Initializing with Stokes...
  -> Stokes initialization successful.

Starting Solver Loop (Numba Accelerated). Target Nu=1.00e-05

--- STEP 1/1: Nu = 1.00e-05 ---
  Static Assembly: 24.2048s
  Iter  1: err=1.11e+00(33.456s)
  Iter  2: err=3.75e-01(36.450s)
  Iter  3: err=1.97e-01(36.527s)
  Iter  4: err=1.48e-01(34.769s)
  Iter  5: err=1.35e-01(39.717s)
  Iter  6: err=1.06e-01(40.539s)
  Iter  7: err=6.46e-02(41.438s)
  Iter  8: err=4.79e-02(41.720s)
  Iter  9: err=5.37e-02(43.375s)
  Iter 10: err=5.76e-02(40.577s)
  Iter 11: err=3.93e-02(38.772s)
  Iter 12: err=2.25e-02(38.757s)
  Iter 13: err=2.33e-02(38.320s)
  Iter 14: err=1.82e-02(37.236s)
  Iter 15: err=9.25e-03(36.334s)
  Iter 16: err=8.50e-03(36.841s)
  Iter 17: err=8.31e-03(36.768s)
  Iter 18: err=6.34e-03(36.399s)
  Iter 19: err=4.95e-03(36.309s)
  Convergence reached.
Initializing Thermal Finite Elements (P1)...
Mapping Velocity...
Assembling Thermal System...
Solving Thermal Linear System...
  -> Solved. Range: [293.07, 409.60] K
Case 116 completed successfully.
