--- Starting Case 235 ---
Generating mesh at dataset\case_235\mesh.msh...

Initializing Finite Elements...
  -> Total DOFs: 94801
Setting up Boundary Conditions...
Initializing with Stokes...
  -> Stokes initialization successful.

Starting Solver Loop (Numba Accelerated). Target Nu=1.00e-05

--- STEP 1/1: Nu = 1.00e-05 ---
  Static Assembly: 32.5956s
  Iter  1: err=8.64e-01(41.806s)
  Iter  2: err=2.98e-01(41.073s)
  Iter  3: err=1.59e-01(39.000s)
  Iter  4: err=1.15e-01(41.931s)
  Iter  5: err=9.59e-02(40.380s)
  Iter  6: err=1.16e-01(39.679s)
  Iter  7: err=1.24e-01(41.758s)
  Iter  8: err=1.38e-01(41.750s)
  Iter  9: err=1.23e-01(42.002s)
  Iter 10: err=7.54e-02(42.839s)
  Iter 11: err=6.44e-02(43.035s)
  Iter 12: err=3.88e-02(43.857s)
  Iter 13: err=3.01e-02(42.427s)
  Iter 14: err=2.61e-02(42.078s)
  Iter 15: err=2.29e-02(40.451s)
  Iter 16: err=1.95e-02(39.350s)
  Iter 17: err=1.30e-02(40.822s)
  Iter 18: err=9.88e-03(41.769s)
  Iter 19: err=8.29e-03(41.825s)
  Iter 20: err=6.72e-03(43.109s)
  Iter 21: err=5.35e-03(42.297s)
  Iter 22: err=5.01e-03(40.538s)
  Iter 23: err=4.19e-03(42.318s)
  Convergence reached.
Initializing Thermal Finite Elements (P1)...
Mapping Velocity...
Assembling Thermal System...
Solving Thermal Linear System...
  -> Solved. Range: [292.70, 348.32] K
Case 235 completed successfully.
