--- Starting Case 438 ---
Generating mesh at dataset\case_438\mesh.msh...

Initializing Finite Elements...
  -> Total DOFs: 87547
Setting up Boundary Conditions...
Initializing with Stokes...
  -> Stokes initialization successful.

Starting Solver Loop (Numba Accelerated). Target Nu=1.00e-05

--- STEP 1/1: Nu = 1.00e-05 ---
  Static Assembly: 27.8990s
  Iter  1: err=7.27e-01(36.876s)
  Iter  2: err=2.52e-01(37.992s)
  Iter  3: err=1.29e-01(38.825s)
  Iter  4: err=8.87e-02(38.847s)
  Iter  5: err=6.25e-02(36.180s)
  Iter  6: err=4.37e-02(35.619s)
  Iter  7: err=3.58e-02(38.056s)
  Iter  8: err=3.59e-02(38.902s)
  Iter  9: err=3.15e-02(37.375s)
  Iter 10: err=2.17e-02(38.504s)
  Iter 11: err=1.60e-02(38.505s)
  Iter 12: err=1.27e-02(37.735s)
  Iter 13: err=9.94e-03(39.097s)
  Iter 14: err=8.41e-03(38.756s)
  Iter 15: err=7.58e-03(38.605s)
  Iter 16: err=7.11e-03(37.778s)
  Iter 17: err=7.00e-03(37.902s)
  Iter 18: err=7.23e-03(38.045s)
  Iter 19: err=7.75e-03(35.941s)
  Iter 20: err=8.59e-03(38.497s)
  Iter 21: err=9.82e-03(38.375s)
  Iter 22: err=1.16e-02(39.044s)
  Iter 23: err=1.42e-02(38.751s)
  Iter 24: err=1.85e-02(38.214s)
  Iter 25: err=2.69e-02(38.083s)
Initializing Thermal Finite Elements (P1)...
Mapping Velocity...
Assembling Thermal System...
Solving Thermal Linear System...
  -> Solved. Range: [292.37, 411.06] K
Case 438 completed successfully.
