--- Starting Case 376 ---
Generating mesh at dataset\case_376\mesh.msh...

Initializing Finite Elements...
  -> Total DOFs: 83011
Setting up Boundary Conditions...
Initializing with Stokes...
  -> Stokes initialization successful.

Starting Solver Loop (Numba Accelerated). Target Nu=1.00e-05

--- STEP 1/1: Nu = 1.00e-05 ---
  Static Assembly: 23.3611s
  Iter  1: err=1.79e+00(31.639s)
  Iter  2: err=6.07e-01(32.401s)
  Iter  3: err=4.28e-01(34.066s)
  Iter  4: err=4.98e-01(33.724s)
  Iter  5: err=2.94e-01(33.884s)
  Iter  6: err=5.23e-01(33.235s)
  Iter  7: err=3.62e-01(32.673s)
  Iter  8: err=4.15e-01(32.834s)
  Iter  9: err=3.26e-01(32.480s)
  Iter 10: err=2.35e-01(32.470s)
  Iter 11: err=1.26e-01(34.763s)
  Iter 12: err=1.02e-01(33.917s)
  Iter 13: err=9.99e-02(32.907s)
  Iter 14: err=5.46e-02(33.446s)
  Iter 15: err=4.71e-02(34.328s)
  Iter 16: err=2.55e-02(33.527s)
  Iter 17: err=2.22e-02(33.499s)
  Iter 18: err=2.35e-02(32.906s)
  Iter 19: err=2.05e-02(34.018s)
  Iter 20: err=1.53e-02(33.735s)
  Iter 21: err=1.13e-02(30.952s)
  Iter 22: err=1.16e-02(32.170s)
  Iter 23: err=1.27e-02(30.311s)
  Iter 24: err=1.17e-02(33.096s)
  Iter 25: err=1.15e-02(33.681s)
Initializing Thermal Finite Elements (P1)...
Mapping Velocity...
Assembling Thermal System...
Solving Thermal Linear System...
  -> Solved. Range: [291.90, 345.09] K
Case 376 completed successfully.
