--- Starting Case 72 ---
Generating mesh at dataset\case_072\mesh.msh...

Initializing Finite Elements...
  -> Total DOFs: 84019
Setting up Boundary Conditions...
Initializing with Stokes...
  -> Stokes initialization successful.

Starting Solver Loop (Numba Accelerated). Target Nu=1.00e-05

--- STEP 1/1: Nu = 1.00e-05 ---
  Static Assembly: 19.1178s
  Iter  1: err=2.22e+00(26.028s)
  Iter  2: err=7.22e-01(26.572s)
  Iter  3: err=3.35e-01(26.059s)
  Iter  4: err=2.60e-01(26.511s)
  Iter  5: err=2.55e-01(29.597s)
  Iter  6: err=1.98e-01(30.593s)
  Iter  7: err=1.91e-01(29.395s)
  Iter  8: err=1.81e-01(28.858s)
  Iter  9: err=1.40e-01(30.006s)
  Iter 10: err=8.45e-02(29.455s)
  Iter 11: err=6.97e-02(27.887s)
  Iter 12: err=5.38e-02(28.577s)
  Iter 13: err=3.74e-02(27.156s)
  Iter 14: err=3.59e-02(27.791s)
  Iter 15: err=3.19e-02(29.396s)
  Iter 16: err=2.64e-02(28.302s)
  Iter 17: err=2.74e-02(28.973s)
  Iter 18: err=2.29e-02(28.510s)
  Iter 19: err=1.82e-02(28.685s)
  Iter 20: err=1.48e-02(29.251s)
  Iter 21: err=1.33e-02(28.472s)
  Iter 22: err=1.28e-02(27.334s)
  Iter 23: err=1.11e-02(26.131s)
  Iter 24: err=1.00e-02(25.366s)
  Iter 25: err=9.36e-03(26.254s)
Initializing Thermal Finite Elements (P1)...
Mapping Velocity...
Assembling Thermal System...
Solving Thermal Linear System...
  -> Solved. Range: [292.17, 341.79] K
Case 72 completed successfully.
