--- Starting Case 482 ---
Generating mesh at dataset\case_482\mesh.msh...

Initializing Finite Elements...
  -> Total DOFs: 93739
Setting up Boundary Conditions...
Initializing with Stokes...
  -> Stokes initialization successful.

Starting Solver Loop (Numba Accelerated). Target Nu=1.00e-05

--- STEP 1/1: Nu = 1.00e-05 ---
  Static Assembly: 29.4743s
  Iter  1: err=7.74e-01(40.503s)
  Iter  2: err=2.64e-01(40.929s)
  Iter  3: err=1.36e-01(39.153s)
  Iter  4: err=9.66e-02(37.961s)
  Iter  5: err=7.37e-02(41.677s)
  Iter  6: err=5.41e-02(41.205s)
  Iter  7: err=3.69e-02(40.654s)
  Iter  8: err=2.70e-02(38.039s)
  Iter  9: err=2.32e-02(37.673s)
  Iter 10: err=2.34e-02(37.783s)
  Iter 11: err=2.11e-02(37.018s)
  Iter 12: err=1.63e-02(36.672s)
  Iter 13: err=1.20e-02(38.264s)
  Iter 14: err=8.16e-03(39.163s)
  Iter 15: err=4.98e-03(37.728s)
  Convergence reached.
Initializing Thermal Finite Elements (P1)...
Mapping Velocity...
Assembling Thermal System...
Solving Thermal Linear System...
  -> Solved. Range: [293.05, 373.40] K
Case 482 completed successfully.
