--- Starting Case 200 ---
Generating mesh at dataset\case_200\mesh.msh...

Initializing Finite Elements...
  -> Total DOFs: 80167
Setting up Boundary Conditions...
Initializing with Stokes...
  -> Stokes initialization successful.

Starting Solver Loop (Numba Accelerated). Target Nu=1.00e-05

--- STEP 1/1: Nu = 1.00e-05 ---
  Static Assembly: 20.6975s
  Iter  1: err=2.57e+00(27.850s)
  Iter  2: err=8.34e-01(28.074s)
  Iter  3: err=4.52e-01(28.163s)
  Iter  4: err=8.34e-01(27.379s)
  Iter  5: err=1.10e+00(27.472s)
  Iter  6: err=4.22e+00(27.880s)
  Iter  7: err=1.20e+00(28.036s)
  Iter  8: err=6.58e-01(28.705s)
  Iter  9: err=4.36e-01(29.404s)
  Iter 10: err=3.07e-01(29.186s)
  Iter 11: err=2.74e-01(29.180s)
  Iter 12: err=1.87e-01(29.970s)
  Iter 13: err=1.30e-01(29.454s)
  Iter 14: err=1.54e-01(30.325s)
  Iter 15: err=1.35e-01(29.041s)
  Iter 16: err=1.47e-01(27.878s)
  Iter 17: err=1.95e-01(28.320s)
  Iter 18: err=2.52e-01(30.174s)
  Iter 19: err=4.67e-01(28.771s)
  Iter 20: err=3.40e-01(29.742s)
  Iter 21: err=4.12e-01(28.601s)
  Iter 22: err=3.20e-01(29.825s)
  Iter 23: err=3.38e-01(30.785s)
  Iter 24: err=2.39e-01(28.849s)
  Iter 25: err=3.14e-01(28.982s)
Initializing Thermal Finite Elements (P1)...
Mapping Velocity...
Assembling Thermal System...
Solving Thermal Linear System...
  -> Solved. Range: [291.93, 332.20] K
Case 200 completed successfully.
