--- Starting Case 23 ---
Generating mesh at dataset\case_023\mesh.msh...

Initializing Finite Elements...
  -> Total DOFs: 85027
Setting up Boundary Conditions...
Initializing with Stokes...
  -> Stokes initialization successful.

Starting Solver Loop (Numba Accelerated). Target Nu=1.00e-05

--- STEP 1/1: Nu = 1.00e-05 ---
  Static Assembly: 23.7150s
  Iter  1: err=6.51e-01(35.147s)
  Iter  2: err=2.07e-01(35.105s)
  Iter  3: err=9.57e-02(36.033s)
  Iter  4: err=7.20e-02(36.456s)
  Iter  5: err=6.64e-02(36.004s)
  Iter  6: err=6.46e-02(34.043s)
  Iter  7: err=3.69e-02(34.618s)
  Iter  8: err=2.52e-02(31.821s)
  Iter  9: err=1.87e-02(34.144s)
  Iter 10: err=1.77e-02(34.908s)
  Iter 11: err=1.42e-02(35.016s)
  Iter 12: err=8.83e-03(35.374s)
  Iter 13: err=6.25e-03(35.269s)
  Iter 14: err=3.65e-03(34.946s)
  Convergence reached.
Initializing Thermal Finite Elements (P1)...
Mapping Velocity...
Assembling Thermal System...
Solving Thermal Linear System...
  -> Solved. Range: [292.32, 348.64] K
Case 23 completed successfully.
