--- Starting Case 345 ---
Generating mesh at dataset\case_345\mesh.msh...

Initializing Finite Elements...
  -> Total DOFs: 81031
Setting up Boundary Conditions...
Initializing with Stokes...
  -> Stokes initialization successful.

Starting Solver Loop (Numba Accelerated). Target Nu=1.00e-05

--- STEP 1/1: Nu = 1.00e-05 ---
  Static Assembly: 20.9436s
  Iter  1: err=2.63e+00(29.238s)
  Iter  2: err=7.98e-01(28.028s)
  Iter  3: err=3.71e-01(27.855s)
  Iter  4: err=2.80e-01(28.149s)
  Iter  5: err=2.51e-01(28.364s)
  Iter  6: err=3.19e-01(29.266s)
  Iter  7: err=2.51e-01(28.288s)
  Iter  8: err=1.72e-01(29.858s)
  Iter  9: err=1.89e-01(29.100s)
  Iter 10: err=2.42e-01(29.317s)
  Iter 11: err=2.85e-01(30.159s)
  Iter 12: err=1.88e-01(29.742s)
  Iter 13: err=1.16e-01(30.235s)
  Iter 14: err=1.02e-01(29.545s)
  Iter 15: err=7.51e-02(29.210s)
  Iter 16: err=9.43e-02(29.137s)
  Iter 17: err=2.44e-01(29.639s)
  Iter 18: err=2.06e-01(30.129s)
  Iter 19: err=1.17e-01(29.119s)
  Iter 20: err=1.50e-01(28.603s)
  Iter 21: err=9.82e-01(28.712s)
  Iter 22: err=6.90e+00(29.491s)
  Iter 23: err=2.07e+00(29.645s)
  Iter 24: err=6.67e-01(29.069s)
  Iter 25: err=3.65e-01(30.062s)
Initializing Thermal Finite Elements (P1)...
Mapping Velocity...
Assembling Thermal System...
Solving Thermal Linear System...
  -> Solved. Range: [291.14, 356.03] K
Case 345 completed successfully.
