--- Starting Case 100 ---
Generating mesh at dataset\case_100\mesh.msh...

Initializing Finite Elements...
  -> Total DOFs: 88087
Setting up Boundary Conditions...
Initializing with Stokes...
  -> Stokes initialization successful.

Starting Solver Loop (Numba Accelerated). Target Nu=1.00e-05

--- STEP 1/1: Nu = 1.00e-05 ---
  Static Assembly: 13.9765s
  Iter  1: err=6.43e-01(20.044s)
  Iter  2: err=2.00e-01(18.826s)
  Iter  3: err=8.18e-02(19.183s)
  Iter  4: err=5.28e-02(20.687s)
  Iter  5: err=4.03e-02(20.467s)
  Iter  6: err=3.34e-02(21.036s)
  Iter  7: err=2.89e-02(20.286s)
  Iter  8: err=2.41e-02(19.960s)
  Iter  9: err=1.87e-02(20.556s)
  Iter 10: err=1.38e-02(20.959s)
  Iter 11: err=9.68e-03(20.690s)
  Iter 12: err=6.76e-03(19.756s)
  Iter 13: err=5.01e-03(20.536s)
  Iter 14: err=3.95e-03(19.649s)
  Convergence reached.
Initializing Thermal Finite Elements (P1)...
Mapping Velocity...
Assembling Thermal System...
Solving Thermal Linear System...
  -> Solved. Range: [292.47, 353.75] K
Case 100 completed successfully.
