--- Starting Case 228 ---
Generating mesh at dataset\case_228\mesh.msh...

Initializing Finite Elements...
  -> Total DOFs: 83623
Setting up Boundary Conditions...
Initializing with Stokes...
  -> Stokes initialization successful.

Starting Solver Loop (Numba Accelerated). Target Nu=1.00e-05

--- STEP 1/1: Nu = 1.00e-05 ---
  Static Assembly: 27.2443s
  Iter  1: err=6.64e-01(39.821s)
  Iter  2: err=2.24e-01(37.690s)
  Iter  3: err=1.21e-01(38.991s)
  Iter  4: err=9.83e-02(38.910s)
  Iter  5: err=9.42e-02(37.753s)
  Iter  6: err=6.35e-02(39.790s)
  Iter  7: err=5.99e-02(40.913s)
  Iter  8: err=5.19e-02(36.111s)
  Iter  9: err=4.02e-02(41.468s)
  Iter 10: err=2.63e-02(38.884s)
  Iter 11: err=1.45e-02(36.982s)
  Iter 12: err=1.05e-02(35.246s)
  Iter 13: err=8.82e-03(37.907s)
  Iter 14: err=6.31e-03(38.362s)
  Iter 15: err=4.01e-03(35.934s)
  Convergence reached.
Initializing Thermal Finite Elements (P1)...
Mapping Velocity...
Assembling Thermal System...
Solving Thermal Linear System...
  -> Solved. Range: [291.89, 389.35] K
Case 228 completed successfully.
