--- Starting Case 123 ---
Generating mesh at dataset\case_123\mesh.msh...

Initializing Finite Elements...
  -> Total DOFs: 89059
Setting up Boundary Conditions...
Initializing with Stokes...
  -> Stokes initialization successful.

Starting Solver Loop (Numba Accelerated). Target Nu=1.00e-05

--- STEP 1/1: Nu = 1.00e-05 ---
  Static Assembly: 13.6611s
  Iter  1: err=5.98e-01(19.755s)
  Iter  2: err=1.87e-01(18.057s)
  Iter  3: err=6.88e-02(18.397s)
  Iter  4: err=3.24e-02(18.004s)
  Iter  5: err=1.75e-02(18.280s)
  Iter  6: err=9.79e-03(17.758s)
  Iter  7: err=5.63e-03(17.665s)
  Iter  8: err=3.40e-03(17.803s)
  Convergence reached.
Initializing Thermal Finite Elements (P1)...
Mapping Velocity...
Assembling Thermal System...
Solving Thermal Linear System...
  -> Solved. Range: [293.15, 400.38] K
Case 123 completed successfully.
