--- Starting Case 11 ---
Generating mesh at dataset\case_011\mesh.msh...

Initializing Finite Elements...
  -> Total DOFs: 84667
Setting up Boundary Conditions...
Initializing with Stokes...
  -> Stokes initialization successful.

Starting Solver Loop (Numba Accelerated). Target Nu=1.00e-05

--- STEP 1/1: Nu = 1.00e-05 ---
  Static Assembly: 12.1518s
  Iter  1: err=7.06e-01(17.680s)
  Iter  2: err=2.34e-01(17.425s)
  Iter  3: err=1.22e-01(17.566s)
  Iter  4: err=9.58e-02(17.616s)
  Iter  5: err=8.21e-02(17.499s)
  Iter  6: err=7.09e-02(17.682s)
  Iter  7: err=6.42e-02(17.666s)
  Iter  8: err=5.00e-02(17.617s)
  Iter  9: err=3.89e-02(17.707s)
  Iter 10: err=3.87e-02(17.803s)
  Iter 11: err=3.96e-02(18.621s)
  Iter 12: err=3.93e-02(19.088s)
  Iter 13: err=4.00e-02(18.228s)
  Iter 14: err=4.06e-02(18.294s)
  Iter 15: err=4.35e-02(18.341s)
  Iter 16: err=4.41e-02(18.324s)
  Iter 17: err=3.81e-02(17.948s)
  Iter 18: err=3.16e-02(17.900s)
  Iter 19: err=3.15e-02(17.906s)
  Iter 20: err=3.91e-02(18.098s)
  Iter 21: err=3.76e-02(17.777s)
  Iter 22: err=3.08e-02(17.577s)
  Iter 23: err=2.28e-02(18.197s)
  Iter 24: err=2.15e-02(17.953s)
  Iter 25: err=1.87e-02(17.653s)
Initializing Thermal Finite Elements (P1)...
Mapping Velocity...
Assembling Thermal System...
Solving Thermal Linear System...
  -> Solved. Range: [292.33, 347.73] K
Case 11 completed successfully.
