--- Starting Case 343 ---
Generating mesh at dataset\case_343\mesh.msh...

Initializing Finite Elements...
  -> Total DOFs: 91579
Setting up Boundary Conditions...
Initializing with Stokes...
  -> Stokes initialization successful.

Starting Solver Loop (Numba Accelerated). Target Nu=1.00e-05

--- STEP 1/1: Nu = 1.00e-05 ---
  Static Assembly: 25.7446s
  Iter  1: err=1.02e+00(37.640s)
  Iter  2: err=3.47e-01(35.849s)
  Iter  3: err=1.87e-01(35.730s)
  Iter  4: err=1.44e-01(36.093s)
  Iter  5: err=1.36e-01(36.798s)
  Iter  6: err=1.73e-01(37.004s)
  Iter  7: err=1.00e-01(38.176s)
  Iter  8: err=7.39e-02(37.482s)
  Iter  9: err=6.20e-02(38.343s)
  Iter 10: err=7.45e-02(37.910s)
  Iter 11: err=8.86e-02(39.383s)
  Iter 12: err=5.73e-02(37.764s)
  Iter 13: err=4.27e-02(37.352s)
  Iter 14: err=3.29e-02(37.681s)
  Iter 15: err=2.11e-02(38.099s)
  Iter 16: err=1.88e-02(37.743s)
  Iter 17: err=2.54e-02(36.021s)
  Iter 18: err=2.91e-02(37.487s)
  Iter 19: err=3.07e-02(37.409s)
  Iter 20: err=3.07e-02(38.668s)
  Iter 21: err=2.88e-02(38.348s)
  Iter 22: err=2.58e-02(37.921s)
  Iter 23: err=2.22e-02(36.584s)
  Iter 24: err=1.86e-02(37.007s)
  Iter 25: err=1.55e-02(38.481s)
Initializing Thermal Finite Elements (P1)...
Mapping Velocity...
Assembling Thermal System...
Solving Thermal Linear System...
  -> Solved. Range: [292.74, 347.05] K
Case 343 completed successfully.
