--- Starting Case 168 ---
Generating mesh at dataset\case_168\mesh.msh...

Initializing Finite Elements...
  -> Total DOFs: 89293
Setting up Boundary Conditions...
Initializing with Stokes...
  -> Stokes initialization successful.

Starting Solver Loop (Numba Accelerated). Target Nu=1.00e-05

--- STEP 1/1: Nu = 1.00e-05 ---
  Static Assembly: 12.5824s
  Iter  1: err=5.91e-01(18.338s)
  Iter  2: err=1.85e-01(18.556s)
  Iter  3: err=7.28e-02(18.391s)
  Iter  4: err=4.05e-02(18.538s)
  Iter  5: err=2.59e-02(18.587s)
  Iter  6: err=1.74e-02(18.693s)
  Iter  7: err=1.19e-02(18.743s)
  Iter  8: err=7.90e-03(19.373s)
  Iter  9: err=5.03e-03(18.755s)
  Iter 10: err=3.17e-03(20.472s)
  Convergence reached.
Initializing Thermal Finite Elements (P1)...
Mapping Velocity...
Assembling Thermal System...
Solving Thermal Linear System...
  -> Solved. Range: [293.06, 398.50] K
Case 168 completed successfully.
