--- Starting Case 334 ---
Generating mesh at dataset\case_334\mesh.msh...

Initializing Finite Elements...
  -> Total DOFs: 89923
Setting up Boundary Conditions...
Initializing with Stokes...
  -> Stokes initialization successful.

Starting Solver Loop (Numba Accelerated). Target Nu=1.00e-05

--- STEP 1/1: Nu = 1.00e-05 ---
  Static Assembly: 23.0477s
  Iter  1: err=1.12e+00(30.689s)
  Iter  2: err=3.70e-01(30.167s)
  Iter  3: err=1.87e-01(32.360s)
  Iter  4: err=1.45e-01(34.997s)
  Iter  5: err=1.45e-01(33.738s)
  Iter  6: err=1.16e-01(34.957s)
  Iter  7: err=7.23e-02(35.358s)
  Iter  8: err=5.28e-02(35.074s)
  Iter  9: err=5.70e-02(33.816s)
  Iter 10: err=7.58e-02(33.753s)
  Iter 11: err=7.14e-02(33.997s)
  Iter 12: err=3.88e-02(34.986s)
  Iter 13: err=2.91e-02(34.699s)
  Iter 14: err=2.46e-02(35.957s)
  Iter 15: err=1.63e-02(35.440s)
  Iter 16: err=1.12e-02(36.079s)
  Iter 17: err=1.21e-02(36.068s)
  Iter 18: err=1.17e-02(36.705s)
  Iter 19: err=1.04e-02(35.725s)
  Iter 20: err=9.75e-03(35.942s)
  Iter 21: err=1.01e-02(35.816s)
  Iter 22: err=1.10e-02(35.932s)
  Iter 23: err=1.16e-02(36.269s)
  Iter 24: err=1.16e-02(35.044s)
  Iter 25: err=1.11e-02(34.559s)
Initializing Thermal Finite Elements (P1)...
Mapping Velocity...
Assembling Thermal System...
Solving Thermal Linear System...
  -> Solved. Range: [293.00, 353.67] K
Case 334 completed successfully.
