--- Starting Case 234 ---
Generating mesh at dataset\case_234\mesh.msh...

Initializing Finite Elements...
  -> Total DOFs: 81427
Setting up Boundary Conditions...
Initializing with Stokes...
  -> Stokes initialization successful.

Starting Solver Loop (Numba Accelerated). Target Nu=1.00e-05

--- STEP 1/1: Nu = 1.00e-05 ---
  Static Assembly: 23.9789s
  Iter  1: err=1.63e+00(28.837s)
  Iter  2: err=5.17e-01(33.212s)
  Iter  3: err=2.34e-01(32.523s)
  Iter  4: err=1.65e-01(32.109s)
  Iter  5: err=1.61e-01(31.787s)
  Iter  6: err=1.28e-01(28.217s)
  Iter  7: err=1.09e-01(29.593s)
  Iter  8: err=7.94e-02(30.711s)
  Iter  9: err=6.20e-02(30.546s)
  Iter 10: err=6.56e-02(29.309s)
  Iter 11: err=1.70e-01(29.600s)
  Iter 12: err=2.55e-01(31.189s)
  Iter 13: err=1.09e-01(30.665s)
  Iter 14: err=9.05e-02(30.931s)
  Iter 15: err=1.06e-01(31.185s)
  Iter 16: err=9.77e-02(31.503s)
  Iter 17: err=7.95e-02(31.534s)
  Iter 18: err=5.68e-02(32.203s)
  Iter 19: err=2.76e-02(32.510s)
  Iter 20: err=2.74e-02(31.187s)
  Iter 21: err=1.65e-02(31.287s)
  Iter 22: err=1.34e-02(30.506s)
  Iter 23: err=4.46e-03(30.232s)
  Convergence reached.
Initializing Thermal Finite Elements (P1)...
Mapping Velocity...
Assembling Thermal System...
Solving Thermal Linear System...
  -> Solved. Range: [293.00, 355.58] K
Case 234 completed successfully.
