--- Starting Case 131 ---
Generating mesh at dataset\case_131\mesh.msh...

Initializing Finite Elements...
  -> Total DOFs: 91201
Setting up Boundary Conditions...
Initializing with Stokes...
  -> Stokes initialization successful.

Starting Solver Loop (Numba Accelerated). Target Nu=1.00e-05

--- STEP 1/1: Nu = 1.00e-05 ---
  Static Assembly: 13.2923s
  Iter  1: err=5.70e-01(18.608s)
  Iter  2: err=1.82e-01(18.804s)
  Iter  3: err=8.21e-02(19.024s)
  Iter  4: err=5.71e-02(19.167s)
  Iter  5: err=4.55e-02(18.694s)
  Iter  6: err=3.66e-02(19.049s)
  Iter  7: err=2.79e-02(19.139s)
  Iter  8: err=2.07e-02(18.479s)
  Iter  9: err=1.64e-02(18.643s)
  Iter 10: err=1.13e-02(18.762s)
  Iter 11: err=7.40e-03(18.907s)
  Iter 12: err=5.56e-03(18.609s)
  Iter 13: err=3.89e-03(19.332s)
  Convergence reached.
Initializing Thermal Finite Elements (P1)...
Mapping Velocity...
Assembling Thermal System...
Solving Thermal Linear System...
  -> Solved. Range: [292.70, 372.89] K
Case 131 completed successfully.
