--- Starting Case 372 ---
Generating mesh at dataset\case_372\mesh.msh...

Initializing Finite Elements...
  -> Total DOFs: 85567
Setting up Boundary Conditions...
Initializing with Stokes...
  -> Stokes initialization successful.

Starting Solver Loop (Numba Accelerated). Target Nu=1.00e-05

--- STEP 1/1: Nu = 1.00e-05 ---
  Static Assembly: 24.1355s
  Iter  1: err=1.71e+00(34.023s)
  Iter  2: err=6.00e-01(33.981s)
  Iter  3: err=6.17e-01(35.121s)
  Iter  4: err=7.58e-01(35.403s)
  Iter  5: err=4.40e-01(35.876s)
  Iter  6: err=5.02e-01(35.975s)
  Iter  7: err=5.38e-01(34.526s)
  Iter  8: err=3.19e-01(35.449s)
  Iter  9: err=2.60e-01(34.045s)
  Iter 10: err=2.02e-01(33.861s)
  Iter 11: err=1.66e-01(35.458s)
  Iter 12: err=1.62e-01(35.504s)
  Iter 13: err=1.28e-01(35.373s)
  Iter 14: err=1.11e-01(35.757s)
  Iter 15: err=8.99e-02(36.073s)
  Iter 16: err=9.76e-02(35.540s)
  Iter 17: err=6.84e-02(34.529s)
  Iter 18: err=5.39e-02(35.212s)
  Iter 19: err=4.74e-02(36.190s)
  Iter 20: err=3.33e-02(34.242s)
  Iter 21: err=2.49e-02(33.852s)
  Iter 22: err=1.95e-02(32.373s)
  Iter 23: err=1.58e-02(34.043s)
  Iter 24: err=1.27e-02(35.600s)
  Iter 25: err=1.17e-02(33.899s)
Initializing Thermal Finite Elements (P1)...
Mapping Velocity...
Assembling Thermal System...
Solving Thermal Linear System...
  -> Solved. Range: [291.21, 384.31] K
Case 372 completed successfully.
