--- Starting Case 425 ---
Generating mesh at dataset\case_425\mesh.msh...

Initializing Finite Elements...
  -> Total DOFs: 89131
Setting up Boundary Conditions...
Initializing with Stokes...
  -> Stokes initialization successful.

Starting Solver Loop (Numba Accelerated). Target Nu=1.00e-05

--- STEP 1/1: Nu = 1.00e-05 ---
  Static Assembly: 25.7366s
  Iter  1: err=1.00e+00(34.987s)
  Iter  2: err=3.37e-01(35.288s)
  Iter  3: err=1.71e-01(35.769s)
  Iter  4: err=1.27e-01(37.814s)
  Iter  5: err=1.12e-01(39.052s)
  Iter  6: err=9.03e-02(37.397s)
  Iter  7: err=1.02e-01(38.271s)
  Iter  8: err=1.18e-01(37.335s)
  Iter  9: err=9.90e-02(38.589s)
  Iter 10: err=5.55e-02(38.261s)
  Iter 11: err=2.80e-02(38.254s)
  Iter 12: err=2.01e-02(37.076s)
  Iter 13: err=1.30e-02(37.857s)
  Iter 14: err=8.67e-03(38.558s)
  Iter 15: err=5.61e-03(38.260s)
  Iter 16: err=3.99e-03(34.989s)
  Convergence reached.
Initializing Thermal Finite Elements (P1)...
Mapping Velocity...
Assembling Thermal System...
Solving Thermal Linear System...
  -> Solved. Range: [292.66, 351.42] K
Case 425 completed successfully.
