--- Starting Case 328 ---
Generating mesh at dataset\case_328\mesh.msh...

Initializing Finite Elements...
  -> Total DOFs: 84631
Setting up Boundary Conditions...
Initializing with Stokes...
  -> Stokes initialization successful.

Starting Solver Loop (Numba Accelerated). Target Nu=1.00e-05

--- STEP 1/1: Nu = 1.00e-05 ---
  Static Assembly: 22.3179s
  Iter  1: err=1.49e+00(29.224s)
  Iter  2: err=4.79e-01(29.654s)
  Iter  3: err=2.13e-01(32.295s)
  Iter  4: err=1.31e-01(30.658s)
  Iter  5: err=9.86e-02(31.112s)
  Iter  6: err=1.07e-01(30.217s)
  Iter  7: err=1.11e-01(33.244s)
  Iter  8: err=1.36e-01(30.741s)
  Iter  9: err=1.05e-01(30.127s)
  Iter 10: err=5.97e-02(30.074s)
  Iter 11: err=4.01e-02(27.783s)
  Iter 12: err=2.61e-02(28.379s)
  Iter 13: err=1.95e-02(30.104s)
  Iter 14: err=1.88e-02(31.720s)
  Iter 15: err=1.06e-02(31.046s)
  Iter 16: err=9.43e-03(32.223s)
  Iter 17: err=6.99e-03(32.239s)
  Iter 18: err=3.42e-03(31.962s)
  Convergence reached.
Initializing Thermal Finite Elements (P1)...
Mapping Velocity...
Assembling Thermal System...
Solving Thermal Linear System...
  -> Solved. Range: [293.07, 393.85] K
Case 328 completed successfully.
