--- Starting Case 136 ---
Generating mesh at dataset\case_136\mesh.msh...

Initializing Finite Elements...
  -> Total DOFs: 84199
Setting up Boundary Conditions...
Initializing with Stokes...
  -> Stokes initialization successful.

Starting Solver Loop (Numba Accelerated). Target Nu=1.00e-05

--- STEP 1/1: Nu = 1.00e-05 ---
  Static Assembly: 11.2630s
  Iter  1: err=7.60e-01(16.245s)
  Iter  2: err=2.45e-01(17.566s)
  Iter  3: err=1.17e-01(16.333s)
  Iter  4: err=8.70e-02(16.381s)
  Iter  5: err=7.59e-02(16.206s)
  Iter  6: err=8.18e-02(16.130s)
  Iter  7: err=7.85e-02(16.727s)
  Iter  8: err=6.10e-02(16.307s)
  Iter  9: err=6.94e-02(17.058s)
  Iter 10: err=7.87e-02(17.001s)
  Iter 11: err=1.20e-01(16.663s)
  Iter 12: err=3.36e-01(16.685s)
  Iter 13: err=1.78e-01(16.748s)
  Iter 14: err=8.21e-02(16.403s)
  Iter 15: err=5.56e-02(16.685s)
  Iter 16: err=4.13e-02(16.638s)
  Iter 17: err=4.36e-02(16.161s)
  Iter 18: err=5.87e-02(16.324s)
  Iter 19: err=4.20e-02(16.397s)
  Iter 20: err=3.10e-02(16.982s)
  Iter 21: err=2.88e-02(18.264s)
  Iter 22: err=2.93e-02(16.698s)
  Iter 23: err=3.37e-02(16.429s)
  Iter 24: err=5.01e-02(16.263s)
  Iter 25: err=8.70e-01(16.857s)
Initializing Thermal Finite Elements (P1)...
Mapping Velocity...
Assembling Thermal System...
Solving Thermal Linear System...
  -> Solved. Range: [291.80, 353.65] K
Case 136 completed successfully.
