--- Starting Case 55 ---
Generating mesh at dataset\case_055\mesh.msh...

Initializing Finite Elements...
  -> Total DOFs: 79447
Setting up Boundary Conditions...
Initializing with Stokes...
  -> Stokes initialization successful.

Starting Solver Loop (Numba Accelerated). Target Nu=1.00e-05

--- STEP 1/1: Nu = 1.00e-05 ---
  Static Assembly: 18.9625s
  Iter  1: err=2.90e+00(26.311s)
  Iter  2: err=9.33e-01(25.344s)
  Iter  3: err=6.04e-01(25.363s)
  Iter  4: err=7.32e-01(25.116s)
  Iter  5: err=6.88e-01(25.722s)
  Iter  6: err=3.72e-01(24.975s)
  Iter  7: err=3.38e-01(25.605s)
  Iter  8: err=3.33e-01(27.436s)
  Iter  9: err=2.65e-01(28.282s)
  Iter 10: err=3.12e-01(27.905s)
  Iter 11: err=3.58e-01(26.681s)
  Iter 12: err=3.99e-01(26.006s)
  Iter 13: err=2.48e-01(25.411s)
  Iter 14: err=2.25e-01(25.747s)
  Iter 15: err=1.90e-01(26.151s)
  Iter 16: err=1.37e-01(26.141s)
  Iter 17: err=1.37e-01(26.513s)
  Iter 18: err=1.23e-01(25.863s)
  Iter 19: err=1.18e-01(25.949s)
  Iter 20: err=9.94e-02(27.513s)
  Iter 21: err=8.45e-02(30.935s)
  Iter 22: err=9.03e-02(30.257s)
  Iter 23: err=7.27e-02(29.040s)
  Iter 24: err=5.74e-02(28.956s)
  Iter 25: err=8.37e-02(30.541s)
Initializing Thermal Finite Elements (P1)...
Mapping Velocity...
Assembling Thermal System...
Solving Thermal Linear System...
  -> Solved. Range: [292.32, 345.52] K
Case 55 completed successfully.
