--- Starting Case 178 ---
Generating mesh at dataset\case_178\mesh.msh...

Initializing Finite Elements...
  -> Total DOFs: 85927
Setting up Boundary Conditions...
Initializing with Stokes...
  -> Stokes initialization successful.

Starting Solver Loop (Numba Accelerated). Target Nu=1.00e-05

--- STEP 1/1: Nu = 1.00e-05 ---
  Static Assembly: 11.5729s
  Iter  1: err=7.44e-01(16.956s)
  Iter  2: err=2.63e-01(16.867s)
  Iter  3: err=1.52e-01(16.912s)
  Iter  4: err=1.30e-01(16.724s)
  Iter  5: err=1.10e-01(16.827s)
  Iter  6: err=8.11e-02(17.054s)
  Iter  7: err=1.19e-01(16.980s)
  Iter  8: err=1.65e-01(17.233s)
  Iter  9: err=1.60e-01(16.720s)
  Iter 10: err=8.70e-02(16.986s)
  Iter 11: err=5.71e-02(16.845s)
  Iter 12: err=4.52e-02(16.973s)
  Iter 13: err=4.12e-02(16.811s)
  Iter 14: err=3.42e-02(17.069s)
  Iter 15: err=2.91e-02(17.020s)
  Iter 16: err=2.42e-02(16.868s)
  Iter 17: err=2.03e-02(16.952s)
  Iter 18: err=1.79e-02(16.935s)
  Iter 19: err=1.57e-02(17.014s)
  Iter 20: err=1.38e-02(17.029s)
  Iter 21: err=1.14e-02(16.755s)
  Iter 22: err=1.09e-02(16.644s)
  Iter 23: err=9.78e-03(16.827s)
  Iter 24: err=7.96e-03(16.577s)
  Iter 25: err=7.41e-03(16.653s)
Initializing Thermal Finite Elements (P1)...
Mapping Velocity...
Assembling Thermal System...
Solving Thermal Linear System...
  -> Solved. Range: [292.18, 367.14] K
Case 178 completed successfully.
