--- Starting Case 26 ---
Generating mesh at dataset\case_026\mesh.msh...

Initializing Finite Elements...
  -> Total DOFs: 80311
Setting up Boundary Conditions...
Initializing with Stokes...
  -> Stokes initialization successful.

Starting Solver Loop (Numba Accelerated). Target Nu=1.00e-05

--- STEP 1/1: Nu = 1.00e-05 ---
  Static Assembly: 20.8296s
  Iter  1: err=2.59e+00(26.935s)
  Iter  2: err=7.90e-01(28.664s)
  Iter  3: err=3.41e-01(27.509s)
  Iter  4: err=3.20e-01(28.149s)
  Iter  5: err=2.74e-01(27.738s)
  Iter  6: err=2.30e-01(26.469s)
  Iter  7: err=1.40e-01(27.546s)
  Iter  8: err=1.28e-01(26.824s)
  Iter  9: err=1.43e-01(27.807s)
  Iter 10: err=1.30e-01(24.779s)
  Iter 11: err=8.30e-02(24.600s)
  Iter 12: err=9.69e-02(24.409s)
  Iter 13: err=1.06e-01(24.917s)
  Iter 14: err=2.55e-01(25.297s)
  Iter 15: err=9.01e-01(25.341s)
  Iter 16: err=1.03e+00(25.103s)
  Iter 17: err=2.97e-01(24.910s)
  Iter 18: err=1.98e-01(25.075s)
  Iter 19: err=1.38e-01(24.709s)
  Iter 20: err=9.64e-02(24.340s)
  Iter 21: err=6.02e-02(24.964s)
  Iter 22: err=4.77e-02(25.056s)
  Iter 23: err=3.71e-02(25.345s)
  Iter 24: err=2.71e-02(25.183s)
  Iter 25: err=1.34e-02(25.007s)
Initializing Thermal Finite Elements (P1)...
Mapping Velocity...
Assembling Thermal System...
Solving Thermal Linear System...
  -> Solved. Range: [291.88, 382.23] K
Case 26 completed successfully.
