--- Starting Case 265 ---
Generating mesh at dataset\case_265\mesh.msh...

Initializing Finite Elements...
  -> Total DOFs: 85117
Setting up Boundary Conditions...
Initializing with Stokes...
  -> Stokes initialization successful.

Starting Solver Loop (Numba Accelerated). Target Nu=1.00e-05

--- STEP 1/1: Nu = 1.00e-05 ---
  Static Assembly: 25.2063s
  Iter  1: err=7.87e-01(35.943s)
  Iter  2: err=2.57e-01(34.654s)
  Iter  3: err=1.22e-01(32.012s)
  Iter  4: err=8.30e-02(31.855s)
  Iter  5: err=6.35e-02(34.160s)
  Iter  6: err=5.14e-02(37.964s)
  Iter  7: err=2.93e-02(37.564s)
  Iter  8: err=1.87e-02(37.311s)
  Iter  9: err=1.41e-02(38.122s)
  Iter 10: err=1.22e-02(38.115s)
  Iter 11: err=1.01e-02(34.652s)
  Iter 12: err=7.56e-03(34.999s)
  Iter 13: err=6.70e-03(36.194s)
  Iter 14: err=6.77e-03(36.762s)
  Iter 15: err=7.03e-03(36.913s)
  Iter 16: err=7.38e-03(36.866s)
  Iter 17: err=7.83e-03(36.201s)
  Iter 18: err=8.31e-03(36.944s)
  Iter 19: err=8.75e-03(36.156s)
  Iter 20: err=9.06e-03(36.229s)
  Iter 21: err=9.09e-03(36.301s)
  Iter 22: err=8.67e-03(35.995s)
  Iter 23: err=7.64e-03(35.665s)
  Iter 24: err=5.99e-03(35.295s)
  Iter 25: err=4.02e-03(33.706s)
  Convergence reached.
Initializing Thermal Finite Elements (P1)...
Mapping Velocity...
Assembling Thermal System...
Solving Thermal Linear System...
  -> Solved. Range: [292.87, 374.73] K
Case 265 completed successfully.
