--- Starting Case 320 ---
Generating mesh at dataset\case_320\mesh.msh...

Initializing Finite Elements...
  -> Total DOFs: 88483
Setting up Boundary Conditions...
Initializing with Stokes...
  -> Stokes initialization successful.

Starting Solver Loop (Numba Accelerated). Target Nu=1.00e-05

--- STEP 1/1: Nu = 1.00e-05 ---
  Static Assembly: 25.7039s
  Iter  1: err=6.13e-01(34.236s)
  Iter  2: err=1.93e-01(34.447s)
  Iter  3: err=8.32e-02(35.658s)
  Iter  4: err=5.36e-02(35.792s)
  Iter  5: err=3.78e-02(35.832s)
  Iter  6: err=2.66e-02(35.050s)
  Iter  7: err=1.94e-02(35.023s)
  Iter  8: err=1.48e-02(37.872s)
  Iter  9: err=1.16e-02(36.308s)
  Iter 10: err=8.98e-03(36.363s)
  Iter 11: err=6.72e-03(38.512s)
  Iter 12: err=4.88e-03(36.744s)
  Convergence reached.
Initializing Thermal Finite Elements (P1)...
Mapping Velocity...
Assembling Thermal System...
Solving Thermal Linear System...
  -> Solved. Range: [292.10, 391.35] K
Case 320 completed successfully.
